1,2025-07-05 20:13:49,"[""numerical"", ""numerical"", ""categorical"", ""categorical"", ""categorical"", ""categorical"", ""categorical"", ""categorical"", ""numerical"", ""categorical"", ""numerical"", ""categorical"", ""categorical"", ""categorical"", ""categorical"", ""categorical"", ""categorical"", ""categorical"", ""categorical""]"
3,2025-07-05 20:13:49,"[1000, 19]"
2,2025-07-05 20:13:49,"[""[<activedetect.error_detectors.QuantitativeErrorModule.QuantitativeErrorModule instance at 0x7f01b45b02d0>]"", [{""thresh"": 10}]]"
0,2025-07-05 20:13:49,"[""[<activedetect.error_detectors.QuantitativeErrorModule.QuantitativeErrorModule instance at 0x7f01b45b02d0>]"", 0, ""1000""]"
1,2025-07-05 20:13:54,"[""numerical"", ""numerical"", ""categorical"", ""categorical"", ""categorical"", ""categorical"", ""categorical"", ""categorical"", ""numerical"", ""categorical"", ""numerical"", ""categorical"", ""categorical"", ""categorical"", ""categorical"", ""categorical"", ""categorical"", ""categorical"", ""categorical""]"
3,2025-07-05 20:13:54,"[1000, 19]"
2,2025-07-05 20:13:54,"[""[<activedetect.error_detectors.PuncErrorModule.PuncErrorModule instance at 0x7f01b40b6b40>]"", [{}]]"
0,2025-07-05 20:13:54,"[""[<activedetect.error_detectors.PuncErrorModule.PuncErrorModule instance at 0x7f01b40b6b40>]"", 0, ""1000""]"
1,2025-07-05 20:14:00,"[""numerical"", ""numerical"", ""categorical"", ""categorical"", ""categorical"", ""categorical"", ""categorical"", ""categorical"", ""numerical"", ""categorical"", ""numerical"", ""categorical"", ""categorical"", ""categorical"", ""categorical"", ""categorical"", ""categorical"", ""categorical"", ""categorical""]"
3,2025-07-05 20:14:00,"[1000, 19]"
2,2025-07-05 20:14:00,"[""[<activedetect.error_detectors.PuncErrorModule.PuncErrorModule instance at 0x7f01b40be050>]"", [{}]]"
0,2025-07-05 20:14:00,"[""[<activedetect.error_detectors.PuncErrorModule.PuncErrorModule instance at 0x7f01b40be050>]"", 0, ""1000""]"
4,2025-07-05 20:14:00,"[""cleaner_boostclean"", 0, ""activedetect.error_detectors.PuncErrorModule.PuncErrorModule""]"
4,2025-07-05 20:14:00,"[""acc_boostclean"", 0, [0.0, 0.0]]"
1,2025-07-05 20:14:00,"[""numerical"", ""numerical"", ""categorical"", ""categorical"", ""categorical"", ""categorical"", ""categorical"", ""categorical"", ""numerical"", ""categorical"", ""numerical"", ""categorical"", ""categorical"", ""categorical"", ""categorical"", ""categorical"", ""categorical"", ""categorical"", ""categorical""]"
3,2025-07-05 20:14:00,"[1000, 19]"
2,2025-07-05 20:14:00,"[""[<activedetect.error_detectors.PuncErrorModule.PuncErrorModule instance at 0x7f01b32a4c30>]"", [{}]]"
0,2025-07-05 20:14:00,"[""[<activedetect.error_detectors.PuncErrorModule.PuncErrorModule instance at 0x7f01b32a4c30>]"", 0, ""1000""]"
4,2025-07-05 20:14:01,"[""cleaner_boostclean"", 1, ""activedetect.error_detectors.PuncErrorModule.PuncErrorModule""]"
4,2025-07-05 20:14:01,"[""acc_boostclean"", 1, [0.0, 0.0]]"
1,2025-07-05 20:14:01,"[""numerical"", ""numerical"", ""categorical"", ""categorical"", ""categorical"", ""categorical"", ""categorical"", ""categorical"", ""numerical"", ""categorical"", ""numerical"", ""categorical"", ""categorical"", ""categorical"", ""categorical"", ""categorical"", ""categorical"", ""categorical"", ""categorical""]"
3,2025-07-05 20:14:01,"[1000, 19]"
2,2025-07-05 20:14:01,"[""[<activedetect.error_detectors.PuncErrorModule.PuncErrorModule instance at 0x7f01b3de1370>]"", [{}]]"
0,2025-07-05 20:14:01,"[""[<activedetect.error_detectors.PuncErrorModule.PuncErrorModule instance at 0x7f01b3de1370>]"", 0, ""1000""]"
4,2025-07-05 20:14:01,"[""cleaner_boostclean"", 2, ""activedetect.error_detectors.PuncErrorModule.PuncErrorModule""]"
4,2025-07-05 20:14:02,"[""acc_boostclean"", 2, [0.0, 0.0]]"
1,2025-07-05 20:14:02,"[""numerical"", ""numerical"", ""categorical"", ""categorical"", ""categorical"", ""categorical"", ""categorical"", ""categorical"", ""numerical"", ""categorical"", ""numerical"", ""categorical"", ""categorical"", ""categorical"", ""categorical"", ""categorical"", ""categorical"", ""categorical"", ""categorical""]"
3,2025-07-05 20:14:02,"[1000, 19]"
2,2025-07-05 20:14:02,"[""[<activedetect.error_detectors.PuncErrorModule.PuncErrorModule instance at 0x7f01b398f280>]"", [{}]]"
0,2025-07-05 20:14:02,"[""[<activedetect.error_detectors.PuncErrorModule.PuncErrorModule instance at 0x7f01b398f280>]"", 0, ""1000""]"
4,2025-07-05 20:14:02,"[""cleaner_boostclean"", 3, ""activedetect.error_detectors.PuncErrorModule.PuncErrorModule""]"
4,2025-07-05 20:14:02,"[""acc_boostclean"", 3, [0.0, 0.0]]"
1,2025-07-05 20:14:02,"[""numerical"", ""numerical"", ""categorical"", ""categorical"", ""categorical"", ""categorical"", ""categorical"", ""categorical"", ""numerical"", ""categorical"", ""numerical"", ""categorical"", ""categorical"", ""categorical"", ""categorical"", ""categorical"", ""categorical"", ""categorical"", ""categorical""]"
3,2025-07-05 20:14:02,"[1000, 19]"
2,2025-07-05 20:14:02,"[""[<activedetect.error_detectors.PuncErrorModule.PuncErrorModule instance at 0x7f01b393ca50>]"", [{}]]"
0,2025-07-05 20:14:03,"[""[<activedetect.error_detectors.PuncErrorModule.PuncErrorModule instance at 0x7f01b393ca50>]"", 0, ""1000""]"
4,2025-07-05 20:14:03,"[""cleaner_boostclean"", 4, ""activedetect.error_detectors.PuncErrorModule.PuncErrorModule""]"
4,2025-07-05 20:14:03,"[""acc_boostclean"", 4, [0.0, 0.0]]"
4,2025-07-05 20:14:03,"[""time_boostclean"", ""0:00:14.046867""]"
