CMD: D:\programs\PythonPrograms\analyze_clusters\.venv\Scripts\python.exe GMM.py --alpha 0.2 --beta 0.65 --gamma 0.15 --trials 20
Return code: 0
--- STDOUT ---
All files saved in: D:\algorithm paper\clustering_pre\results\clustered_data\GMM\clustered_clean_rayyan
Program completed in 97.29 sec
[0m
--- STDERR ---
[I 2025-07-04 13:52:13,580] A new study created in memory with name: no-name-2630cf50-081b-4c52-8716-8631d2ecfc0b
D:\programs\PythonPrograms\analyze_clusters\.venv\lib\site-packages\sklearn\mixture\_base.py:269: ConvergenceWarning: Best performing initialization did not converge. Try different init parameters, or increase max_iter, tol, or check for degenerate data.
  warnings.warn(
D:\programs\PythonPrograms\analyze_clusters\.venv\lib\site-packages\sklearn\mixture\_base.py:269: ConvergenceWarning: Best performing initialization did not converge. Try different init parameters, or increase max_iter, tol, or check for degenerate data.
  warnings.warn(
D:\programs\PythonPrograms\analyze_clusters\.venv\lib\site-packages\sklearn\mixture\_base.py:269: ConvergenceWarning: Best performing initialization did not converge. Try different init parameters, or increase max_iter, tol, or check for degenerate data.
  warnings.warn(
D:\programs\PythonPrograms\analyze_clusters\.venv\lib\site-packages\sklearn\mixture\_base.py:269: ConvergenceWarning: Best performing initialization did not converge. Try different init parameters, or increase max_iter, tol, or check for degenerate data.
  warnings.warn(
D:\programs\PythonPrograms\analyze_clusters\.venv\lib\site-packages\sklearn\mixture\_base.py:269: ConvergenceWarning: Best performing initialization did not converge. Try different init parameters, or increase max_iter, tol, or check for degenerate data.
  warnings.warn(
D:\programs\PythonPrograms\analyze_clusters\.venv\lib\site-packages\sklearn\mixture\_base.py:269: ConvergenceWarning: Best performing initialization did not converge. Try different init parameters, or increase max_iter, tol, or check for degenerate data.
  warnings.warn(
D:\programs\PythonPrograms\analyze_clusters\.venv\lib\site-packages\sklearn\mixture\_base.py:269: ConvergenceWarning: Best performing initialization did not converge. Try different init parameters, or increase max_iter, tol, or check for degenerate data.
  warnings.warn(
[I 2025-07-04 13:52:14,749] Trial 0 finished with value: 0.7658294759100027 and parameters: {'n_components': 17, 'cov_type': 'full'}. Best is trial 0 with value: 0.7658294759100027.
D:\programs\PythonPrograms\analyze_clusters\.venv\lib\site-packages\sklearn\mixture\_base.py:269: ConvergenceWarning: Best performing initialization did not converge. Try different init parameters, or increase max_iter, tol, or check for degenerate data.
  warnings.warn(
D:\programs\PythonPrograms\analyze_clusters\.venv\lib\site-packages\sklearn\mixture\_base.py:269: ConvergenceWarning: Best performing initialization did not converge. Try different init parameters, or increase max_iter, tol, or check for degenerate data.
  warnings.warn(
D:\programs\PythonPrograms\analyze_clusters\.venv\lib\site-packages\sklearn\mixture\_base.py:269: ConvergenceWarning: Best performing initialization did not converge. Try different init parameters, or increase max_iter, tol, or check for degenerate data.
  warnings.warn(
D:\programs\PythonPrograms\analyze_clusters\.venv\lib\site-packages\sklearn\mixture\_base.py:269: ConvergenceWarning: Best performing initialization did not converge. Try different init parameters, or increase max_iter, tol, or check for degenerate data.
  warnings.warn(
D:\programs\PythonPrograms\analyze_clusters\.venv\lib\site-packages\sklearn\mixture\_base.py:269: ConvergenceWarning: Best performing initialization did not converge. Try different init parameters, or increase max_iter, tol, or check for degenerate data.
  warnings.warn(
D:\programs\PythonPrograms\analyze_clusters\.venv\lib\site-packages\sklearn\mixture\_base.py:269: ConvergenceWarning: Best performing initialization did not converge. Try different init parameters, or increase max_iter, tol, or check for degenerate data.
  warnings.warn(
D:\programs\PythonPrograms\analyze_clusters\.venv\lib\site-packages\sklearn\mixture\_base.py:269: ConvergenceWarning: Best performing initialization did not converge. Try different init parameters, or increase max_iter, tol, or check for degenerate data.
  warnings.warn(
D:\programs\PythonPrograms\analyze_clusters\.venv\lib\site-packages\sklearn\mixture\_base.py:269: ConvergenceWarning: Best performing initialization did not converge. Try different init parameters, or increase max_iter, tol, or check for degenerate data.
  warnings.warn(
D:\programs\PythonPrograms\analyze_clusters\.venv\lib\site-packages\sklearn\mixture\_base.py:269: ConvergenceWarning: Best performing initialization did not converge. Try different init parameters, or increase max_iter, tol, or check for degenerate data.
  warnings.warn(
D:\programs\PythonPrograms\analyze_clusters\.venv\lib\site-packages\sklearn\mixture\_base.py:269: ConvergenceWarning: Best performing initialization did not converge. Try different init parameters, or increase max_iter, tol, or check for degenerate data.
  warnings.warn(
D:\programs\PythonPrograms\analyze_clusters\.venv\lib\site-packages\sklearn\mixture\_base.py:269: ConvergenceWarning: Best performing initialization did not converge. Try different init parameters, or increase max_iter, tol, or check for degenerate data.
  warnings.warn(
D:\programs\PythonPrograms\analyze_clusters\.venv\lib\site-packages\sklearn\mixture\_base.py:269: ConvergenceWarning: Best performing initialization did not converge. Try different init parameters, or increase max_iter, tol, or check for degenerate data.
  warnings.warn(
D:\programs\PythonPrograms\analyze_clusters\.venv\lib\site-packages\sklearn\mixture\_base.py:269: ConvergenceWarning: Best performing initialization did not converge. Try different init parameters, or increase max_iter, tol, or check for degenerate data.
  warnings.warn(
D:\programs\PythonPrograms\analyze_clusters\.venv\lib\site-packages\sklearn\mixture\_base.py:269: ConvergenceWarning: Best performing initialization did not converge. Try different init parameters, or increase max_iter, tol, or check for degenerate data.
  warnings.warn(
D:\programs\PythonPrograms\analyze_clusters\.venv\lib\site-packages\sklearn\mixture\_base.py:269: ConvergenceWarning: Best performing initialization did not converge. Try different init parameters, or increase max_iter, tol, or check for degenerate data.
  warnings.warn(
D:\programs\PythonPrograms\analyze_clusters\.venv\lib\site-packages\sklearn\mixture\_base.py:269: ConvergenceWarning: Best performing initialization did not converge. Try different init parameters, or increase max_iter, tol, or check for degenerate data.
  warnings.warn(
D:\programs\PythonPrograms\analyze_clusters\.venv\lib\site-packages\sklearn\mixture\_base.py:269: ConvergenceWarning: Best performing initialization did not converge. Try different init parameters, or increase max_iter, tol, or check for degenerate data.
  warnings.warn(
[I 2025-07-04 13:52:16,209] Trial 1 finished with value: 1.124271099891105 and parameters: {'n_components': 12, 'cov_type': 'spherical'}. Best is trial 1 with value: 1.124271099891105.
D:\programs\PythonPrograms\analyze_clusters\.venv\lib\site-packages\sklearn\mixture\_base.py:269: ConvergenceWarning: Best performing initialization did not converge. Try different init parameters, or increase max_iter, tol, or check for degenerate data.
  warnings.warn(
D:\programs\PythonPrograms\analyze_clusters\.venv\lib\site-packages\sklearn\mixture\_base.py:269: ConvergenceWarning: Best performing initialization did not converge. Try different init parameters, or increase max_iter, tol, or check for degenerate data.
  warnings.warn(
D:\programs\PythonPrograms\analyze_clusters\.venv\lib\site-packages\sklearn\mixture\_base.py:269: ConvergenceWarning: Best performing initialization did not converge. Try different init parameters, or increase max_iter, tol, or check for degenerate data.
  warnings.warn(
D:\programs\PythonPrograms\analyze_clusters\.venv\lib\site-packages\sklearn\mixture\_base.py:269: ConvergenceWarning: Best performing initialization did not converge. Try different init parameters, or increase max_iter, tol, or check for degenerate data.
  warnings.warn(
D:\programs\PythonPrograms\analyze_clusters\.venv\lib\site-packages\sklearn\mixture\_base.py:269: ConvergenceWarning: Best performing initialization did not converge. Try different init parameters, or increase max_iter, tol, or check for degenerate data.
  warnings.warn(
D:\programs\PythonPrograms\analyze_clusters\.venv\lib\site-packages\sklearn\mixture\_base.py:269: ConvergenceWarning: Best performing initialization did not converge. Try different init parameters, or increase max_iter, tol, or check for degenerate data.
  warnings.warn(
D:\programs\PythonPrograms\analyze_clusters\.venv\lib\site-packages\sklearn\mixture\_base.py:269: ConvergenceWarning: Best performing initialization did not converge. Try different init parameters, or increase max_iter, tol, or check for degenerate data.
  warnings.warn(
D:\programs\PythonPrograms\analyze_clusters\.venv\lib\site-packages\sklearn\mixture\_base.py:269: ConvergenceWarning: Best performing initialization did not converge. Try different init parameters, or increase max_iter, tol, or check for degenerate data.
  warnings.warn(
[I 2025-07-04 13:52:17,103] Trial 2 finished with value: 0.9105876971842646 and parameters: {'n_components': 9, 'cov_type': 'diag'}. Best is trial 1 with value: 1.124271099891105.
D:\programs\PythonPrograms\analyze_clusters\.venv\lib\site-packages\sklearn\mixture\_base.py:269: ConvergenceWarning: Best performing initialization did not converge. Try different init parameters, or increase max_iter, tol, or check for degenerate data.
  warnings.warn(
D:\programs\PythonPrograms\analyze_clusters\.venv\lib\site-packages\sklearn\mixture\_base.py:269: ConvergenceWarning: Best performing initialization did not converge. Try different init parameters, or increase max_iter, tol, or check for degenerate data.
  warnings.warn(
D:\programs\PythonPrograms\analyze_clusters\.venv\lib\site-packages\sklearn\mixture\_base.py:269: ConvergenceWarning: Best performing initialization did not converge. Try different init parameters, or increase max_iter, tol, or check for degenerate data.
  warnings.warn(
D:\programs\PythonPrograms\analyze_clusters\.venv\lib\site-packages\sklearn\mixture\_base.py:269: ConvergenceWarning: Best performing initialization did not converge. Try different init parameters, or increase max_iter, tol, or check for degenerate data.
  warnings.warn(
D:\programs\PythonPrograms\analyze_clusters\.venv\lib\site-packages\sklearn\mixture\_base.py:269: ConvergenceWarning: Best performing initialization did not converge. Try different init parameters, or increase max_iter, tol, or check for degenerate data.
  warnings.warn(
D:\programs\PythonPrograms\analyze_clusters\.venv\lib\site-packages\sklearn\mixture\_base.py:269: ConvergenceWarning: Best performing initialization did not converge. Try different init parameters, or increase max_iter, tol, or check for degenerate data.
  warnings.warn(
D:\programs\PythonPrograms\analyze_clusters\.venv\lib\site-packages\sklearn\mixture\_base.py:269: ConvergenceWarning: Best performing initialization did not converge. Try different init parameters, or increase max_iter, tol, or check for degenerate data.
  warnings.warn(
D:\programs\PythonPrograms\analyze_clusters\.venv\lib\site-packages\sklearn\mixture\_base.py:269: ConvergenceWarning: Best performing initialization did not converge. Try different init parameters, or increase max_iter, tol, or check for degenerate data.
  warnings.warn(
D:\programs\PythonPrograms\analyze_clusters\.venv\lib\site-packages\sklearn\mixture\_base.py:269: ConvergenceWarning: Best performing initialization did not converge. Try different init parameters, or increase max_iter, tol, or check for degenerate data.
  warnings.warn(
D:\programs\PythonPrograms\analyze_clusters\.venv\lib\site-packages\sklearn\mixture\_base.py:269: ConvergenceWarning: Best performing initialization did not converge. Try different init parameters, or increase max_iter, tol, or check for degenerate data.
  warnings.warn(
D:\programs\PythonPrograms\analyze_clusters\.venv\lib\site-packages\sklearn\mixture\_base.py:269: ConvergenceWarning: Best performing initialization did not converge. Try different init parameters, or increase max_iter, tol, or check for degenerate data.
  warnings.warn(
D:\programs\PythonPrograms\analyze_clusters\.venv\lib\site-packages\sklearn\mixture\_base.py:269: ConvergenceWarning: Best performing initialization did not converge. Try different init parameters, or increase max_iter, tol, or check for degenerate data.
  warnings.warn(
D:\programs\PythonPrograms\analyze_clusters\.venv\lib\site-packages\sklearn\mixture\_base.py:269: ConvergenceWarning: Best performing initialization did not converge. Try different init parameters, or increase max_iter, tol, or check for degenerate data.
  warnings.warn(
D:\programs\PythonPrograms\analyze_clusters\.venv\lib\site-packages\sklearn\mixture\_base.py:269: ConvergenceWarning: Best performing initialization did not converge. Try different init parameters, or increase max_iter, tol, or check for degenerate data.
  warnings.warn(
D:\programs\PythonPrograms\analyze_clusters\.venv\lib\site-packages\sklearn\mixture\_base.py:269: ConvergenceWarning: Best performing initialization did not converge. Try different init parameters, or increase max_iter, tol, or check for degenerate data.
  warnings.warn(
[I 2025-07-04 13:52:19,999] Trial 3 finished with value: 0.8267024522283724 and parameters: {'n_components': 6, 'cov_type': 'spherical'}. Best is trial 1 with value: 1.124271099891105.
D:\programs\PythonPrograms\analyze_clusters\.venv\lib\site-packages\sklearn\mixture\_base.py:269: ConvergenceWarning: Best performing initialization did not converge. Try different init parameters, or increase max_iter, tol, or check for degenerate data.
  warnings.warn(
D:\programs\PythonPrograms\analyze_clusters\.venv\lib\site-packages\sklearn\mixture\_base.py:269: ConvergenceWarning: Best performing initialization did not converge. Try different init parameters, or increase max_iter, tol, or check for degenerate data.
  warnings.warn(
D:\programs\PythonPrograms\analyze_clusters\.venv\lib\site-packages\sklearn\mixture\_base.py:269: ConvergenceWarning: Best performing initialization did not converge. Try different init parameters, or increase max_iter, tol, or check for degenerate data.
  warnings.warn(
D:\programs\PythonPrograms\analyze_clusters\.venv\lib\site-packages\sklearn\mixture\_base.py:269: ConvergenceWarning: Best performing initialization did not converge. Try different init parameters, or increase max_iter, tol, or check for degenerate data.
  warnings.warn(
D:\programs\PythonPrograms\analyze_clusters\.venv\lib\site-packages\sklearn\mixture\_base.py:269: ConvergenceWarning: Best performing initialization did not converge. Try different init parameters, or increase max_iter, tol, or check for degenerate data.
  warnings.warn(
D:\programs\PythonPrograms\analyze_clusters\.venv\lib\site-packages\sklearn\mixture\_base.py:269: ConvergenceWarning: Best performing initialization did not converge. Try different init parameters, or increase max_iter, tol, or check for degenerate data.
  warnings.warn(
D:\programs\PythonPrograms\analyze_clusters\.venv\lib\site-packages\sklearn\mixture\_base.py:269: ConvergenceWarning: Best performing initialization did not converge. Try different init parameters, or increase max_iter, tol, or check for degenerate data.
  warnings.warn(
D:\programs\PythonPrograms\analyze_clusters\.venv\lib\site-packages\sklearn\mixture\_base.py:269: ConvergenceWarning: Best performing initialization did not converge. Try different init parameters, or increase max_iter, tol, or check for degenerate data.
  warnings.warn(
D:\programs\PythonPrograms\analyze_clusters\.venv\lib\site-packages\sklearn\mixture\_base.py:269: ConvergenceWarning: Best performing initialization did not converge. Try different init parameters, or increase max_iter, tol, or check for degenerate data.
  warnings.warn(
[I 2025-07-04 13:52:21,975] Trial 4 finished with value: 0.6988911809851062 and parameters: {'n_components': 7, 'cov_type': 'diag'}. Best is trial 1 with value: 1.124271099891105.
D:\programs\PythonPrograms\analyze_clusters\.venv\lib\site-packages\sklearn\mixture\_base.py:269: ConvergenceWarning: Best performing initialization did not converge. Try different init parameters, or increase max_iter, tol, or check for degenerate data.
  warnings.warn(
D:\programs\PythonPrograms\analyze_clusters\.venv\lib\site-packages\sklearn\mixture\_base.py:269: ConvergenceWarning: Best performing initialization did not converge. Try different init parameters, or increase max_iter, tol, or check for degenerate data.
  warnings.warn(
D:\programs\PythonPrograms\analyze_clusters\.venv\lib\site-packages\sklearn\mixture\_base.py:269: ConvergenceWarning: Best performing initialization did not converge. Try different init parameters, or increase max_iter, tol, or check for degenerate data.
  warnings.warn(
D:\programs\PythonPrograms\analyze_clusters\.venv\lib\site-packages\sklearn\mixture\_base.py:269: ConvergenceWarning: Best performing initialization did not converge. Try different init parameters, or increase max_iter, tol, or check for degenerate data.
  warnings.warn(
D:\programs\PythonPrograms\analyze_clusters\.venv\lib\site-packages\sklearn\mixture\_base.py:269: ConvergenceWarning: Best performing initialization did not converge. Try different init parameters, or increase max_iter, tol, or check for degenerate data.
  warnings.warn(
D:\programs\PythonPrograms\analyze_clusters\.venv\lib\site-packages\sklearn\mixture\_base.py:269: ConvergenceWarning: Best performing initialization did not converge. Try different init parameters, or increase max_iter, tol, or check for degenerate data.
  warnings.warn(
D:\programs\PythonPrograms\analyze_clusters\.venv\lib\site-packages\sklearn\mixture\_base.py:269: ConvergenceWarning: Best performing initialization did not converge. Try different init parameters, or increase max_iter, tol, or check for degenerate data.
  warnings.warn(
D:\programs\PythonPrograms\analyze_clusters\.venv\lib\site-packages\sklearn\mixture\_base.py:269: ConvergenceWarning: Best performing initialization did not converge. Try different init parameters, or increase max_iter, tol, or check for degenerate data.
  warnings.warn(
D:\programs\PythonPrograms\analyze_clusters\.venv\lib\site-packages\sklearn\mixture\_base.py:269: ConvergenceWarning: Best performing initialization did not converge. Try different init parameters, or increase max_iter, tol, or check for degenerate data.
  warnings.warn(
D:\programs\PythonPrograms\analyze_clusters\.venv\lib\site-packages\sklearn\mixture\_base.py:269: ConvergenceWarning: Best performing initialization did not converge. Try different init parameters, or increase max_iter, tol, or check for degenerate data.
  warnings.warn(
D:\programs\PythonPrograms\analyze_clusters\.venv\lib\site-packages\sklearn\mixture\_base.py:269: ConvergenceWarning: Best performing initialization did not converge. Try different init parameters, or increase max_iter, tol, or check for degenerate data.
  warnings.warn(
D:\programs\PythonPrograms\analyze_clusters\.venv\lib\site-packages\sklearn\mixture\_base.py:269: ConvergenceWarning: Best performing initialization did not converge. Try different init parameters, or increase max_iter, tol, or check for degenerate data.
  warnings.warn(
[I 2025-07-04 13:52:30,197] Trial 5 finished with value: 0.5737812973969806 and parameters: {'n_components': 12, 'cov_type': 'full'}. Best is trial 1 with value: 1.124271099891105.
D:\programs\PythonPrograms\analyze_clusters\.venv\lib\site-packages\sklearn\mixture\_base.py:269: ConvergenceWarning: Best performing initialization did not converge. Try different init parameters, or increase max_iter, tol, or check for degenerate data.
  warnings.warn(
D:\programs\PythonPrograms\analyze_clusters\.venv\lib\site-packages\sklearn\mixture\_base.py:269: ConvergenceWarning: Best performing initialization did not converge. Try different init parameters, or increase max_iter, tol, or check for degenerate data.
  warnings.warn(
D:\programs\PythonPrograms\analyze_clusters\.venv\lib\site-packages\sklearn\mixture\_base.py:269: ConvergenceWarning: Best performing initialization did not converge. Try different init parameters, or increase max_iter, tol, or check for degenerate data.
  warnings.warn(
D:\programs\PythonPrograms\analyze_clusters\.venv\lib\site-packages\sklearn\mixture\_base.py:269: ConvergenceWarning: Best performing initialization did not converge. Try different init parameters, or increase max_iter, tol, or check for degenerate data.
  warnings.warn(
D:\programs\PythonPrograms\analyze_clusters\.venv\lib\site-packages\sklearn\mixture\_base.py:269: ConvergenceWarning: Best performing initialization did not converge. Try different init parameters, or increase max_iter, tol, or check for degenerate data.
  warnings.warn(
D:\programs\PythonPrograms\analyze_clusters\.venv\lib\site-packages\sklearn\mixture\_base.py:269: ConvergenceWarning: Best performing initialization did not converge. Try different init parameters, or increase max_iter, tol, or check for degenerate data.
  warnings.warn(
D:\programs\PythonPrograms\analyze_clusters\.venv\lib\site-packages\sklearn\mixture\_base.py:269: ConvergenceWarning: Best performing initialization did not converge. Try different init parameters, or increase max_iter, tol, or check for degenerate data.
  warnings.warn(
D:\programs\PythonPrograms\analyze_clusters\.venv\lib\site-packages\sklearn\mixture\_base.py:269: ConvergenceWarning: Best performing initialization did not converge. Try different init parameters, or increase max_iter, tol, or check for degenerate data.
  warnings.warn(
D:\programs\PythonPrograms\analyze_clusters\.venv\lib\site-packages\sklearn\mixture\_base.py:269: ConvergenceWarning: Best performing initialization did not converge. Try different init parameters, or increase max_iter, tol, or check for degenerate data.
  warnings.warn(
D:\programs\PythonPrograms\analyze_clusters\.venv\lib\site-packages\sklearn\mixture\_base.py:269: ConvergenceWarning: Best performing initialization did not converge. Try different init parameters, or increase max_iter, tol, or check for degenerate data.
  warnings.warn(
D:\programs\PythonPrograms\analyze_clusters\.venv\lib\site-packages\sklearn\mixture\_base.py:269: ConvergenceWarning: Best performing initialization did not converge. Try different init parameters, or increase max_iter, tol, or check for degenerate data.
  warnings.warn(
D:\programs\PythonPrograms\analyze_clusters\.venv\lib\site-packages\sklearn\mixture\_base.py:269: ConvergenceWarning: Best performing initialization did not converge. Try different init parameters, or increase max_iter, tol, or check for degenerate data.
  warnings.warn(
[I 2025-07-04 13:52:32,945] Trial 6 finished with value: 1.1212253405128567 and parameters: {'n_components': 8, 'cov_type': 'spherical'}. Best is trial 1 with value: 1.124271099891105.
D:\programs\PythonPrograms\analyze_clusters\.venv\lib\site-packages\sklearn\mixture\_base.py:269: ConvergenceWarning: Best performing initialization did not converge. Try different init parameters, or increase max_iter, tol, or check for degenerate data.
  warnings.warn(
D:\programs\PythonPrograms\analyze_clusters\.venv\lib\site-packages\sklearn\mixture\_base.py:269: ConvergenceWarning: Best performing initialization did not converge. Try different init parameters, or increase max_iter, tol, or check for degenerate data.
  warnings.warn(
D:\programs\PythonPrograms\analyze_clusters\.venv\lib\site-packages\sklearn\mixture\_base.py:269: ConvergenceWarning: Best performing initialization did not converge. Try different init parameters, or increase max_iter, tol, or check for degenerate data.
  warnings.warn(
D:\programs\PythonPrograms\analyze_clusters\.venv\lib\site-packages\sklearn\mixture\_base.py:269: ConvergenceWarning: Best performing initialization did not converge. Try different init parameters, or increase max_iter, tol, or check for degenerate data.
  warnings.warn(
D:\programs\PythonPrograms\analyze_clusters\.venv\lib\site-packages\sklearn\mixture\_base.py:269: ConvergenceWarning: Best performing initialization did not converge. Try different init parameters, or increase max_iter, tol, or check for degenerate data.
  warnings.warn(
D:\programs\PythonPrograms\analyze_clusters\.venv\lib\site-packages\sklearn\mixture\_base.py:269: ConvergenceWarning: Best performing initialization did not converge. Try different init parameters, or increase max_iter, tol, or check for degenerate data.
  warnings.warn(
D:\programs\PythonPrograms\analyze_clusters\.venv\lib\site-packages\sklearn\mixture\_base.py:269: ConvergenceWarning: Best performing initialization did not converge. Try different init parameters, or increase max_iter, tol, or check for degenerate data.
  warnings.warn(
D:\programs\PythonPrograms\analyze_clusters\.venv\lib\site-packages\sklearn\mixture\_base.py:269: ConvergenceWarning: Best performing initialization did not converge. Try different init parameters, or increase max_iter, tol, or check for degenerate data.
  warnings.warn(
D:\programs\PythonPrograms\analyze_clusters\.venv\lib\site-packages\sklearn\mixture\_base.py:269: ConvergenceWarning: Best performing initialization did not converge. Try different init parameters, or increase max_iter, tol, or check for degenerate data.
  warnings.warn(
[I 2025-07-04 13:52:35,408] Trial 7 finished with value: 0.6988911809851062 and parameters: {'n_components': 7, 'cov_type': 'diag'}. Best is trial 1 with value: 1.124271099891105.
D:\programs\PythonPrograms\analyze_clusters\.venv\lib\site-packages\sklearn\mixture\_base.py:269: ConvergenceWarning: Best performing initialization did not converge. Try different init parameters, or increase max_iter, tol, or check for degenerate data.
  warnings.warn(
D:\programs\PythonPrograms\analyze_clusters\.venv\lib\site-packages\sklearn\mixture\_base.py:269: ConvergenceWarning: Best performing initialization did not converge. Try different init parameters, or increase max_iter, tol, or check for degenerate data.
  warnings.warn(
D:\programs\PythonPrograms\analyze_clusters\.venv\lib\site-packages\sklearn\mixture\_base.py:269: ConvergenceWarning: Best performing initialization did not converge. Try different init parameters, or increase max_iter, tol, or check for degenerate data.
  warnings.warn(
D:\programs\PythonPrograms\analyze_clusters\.venv\lib\site-packages\sklearn\mixture\_base.py:269: ConvergenceWarning: Best performing initialization did not converge. Try different init parameters, or increase max_iter, tol, or check for degenerate data.
  warnings.warn(
D:\programs\PythonPrograms\analyze_clusters\.venv\lib\site-packages\sklearn\mixture\_base.py:269: ConvergenceWarning: Best performing initialization did not converge. Try different init parameters, or increase max_iter, tol, or check for degenerate data.
  warnings.warn(
D:\programs\PythonPrograms\analyze_clusters\.venv\lib\site-packages\sklearn\mixture\_base.py:269: ConvergenceWarning: Best performing initialization did not converge. Try different init parameters, or increase max_iter, tol, or check for degenerate data.
  warnings.warn(
D:\programs\PythonPrograms\analyze_clusters\.venv\lib\site-packages\sklearn\mixture\_base.py:269: ConvergenceWarning: Best performing initialization did not converge. Try different init parameters, or increase max_iter, tol, or check for degenerate data.
  warnings.warn(
D:\programs\PythonPrograms\analyze_clusters\.venv\lib\site-packages\sklearn\mixture\_base.py:269: ConvergenceWarning: Best performing initialization did not converge. Try different init parameters, or increase max_iter, tol, or check for degenerate data.
  warnings.warn(
D:\programs\PythonPrograms\analyze_clusters\.venv\lib\site-packages\sklearn\mixture\_base.py:269: ConvergenceWarning: Best performing initialization did not converge. Try different init parameters, or increase max_iter, tol, or check for degenerate data.
  warnings.warn(
D:\programs\PythonPrograms\analyze_clusters\.venv\lib\site-packages\sklearn\mixture\_base.py:269: ConvergenceWarning: Best performing initialization did not converge. Try different init parameters, or increase max_iter, tol, or check for degenerate data.
  warnings.warn(
D:\programs\PythonPrograms\analyze_clusters\.venv\lib\site-packages\sklearn\mixture\_base.py:269: ConvergenceWarning: Best performing initialization did not converge. Try different init parameters, or increase max_iter, tol, or check for degenerate data.
  warnings.warn(
D:\programs\PythonPrograms\analyze_clusters\.venv\lib\site-packages\sklearn\mixture\_base.py:269: ConvergenceWarning: Best performing initialization did not converge. Try different init parameters, or increase max_iter, tol, or check for degenerate data.
  warnings.warn(
D:\programs\PythonPrograms\analyze_clusters\.venv\lib\site-packages\sklearn\mixture\_base.py:269: ConvergenceWarning: Best performing initialization did not converge. Try different init parameters, or increase max_iter, tol, or check for degenerate data.
  warnings.warn(
D:\programs\PythonPrograms\analyze_clusters\.venv\lib\site-packages\sklearn\mixture\_base.py:269: ConvergenceWarning: Best performing initialization did not converge. Try different init parameters, or increase max_iter, tol, or check for degenerate data.
  warnings.warn(
D:\programs\PythonPrograms\analyze_clusters\.venv\lib\site-packages\sklearn\mixture\_base.py:269: ConvergenceWarning: Best performing initialization did not converge. Try different init parameters, or increase max_iter, tol, or check for degenerate data.
  warnings.warn(
D:\programs\PythonPrograms\analyze_clusters\.venv\lib\site-packages\sklearn\mixture\_base.py:269: ConvergenceWarning: Best performing initialization did not converge. Try different init parameters, or increase max_iter, tol, or check for degenerate data.
  warnings.warn(
D:\programs\PythonPrograms\analyze_clusters\.venv\lib\site-packages\sklearn\mixture\_base.py:269: ConvergenceWarning: Best performing initialization did not converge. Try different init parameters, or increase max_iter, tol, or check for degenerate data.
  warnings.warn(
D:\programs\PythonPrograms\analyze_clusters\.venv\lib\site-packages\sklearn\mixture\_base.py:269: ConvergenceWarning: Best performing initialization did not converge. Try different init parameters, or increase max_iter, tol, or check for degenerate data.
  warnings.warn(
D:\programs\PythonPrograms\analyze_clusters\.venv\lib\site-packages\sklearn\mixture\_base.py:269: ConvergenceWarning: Best performing initialization did not converge. Try different init parameters, or increase max_iter, tol, or check for degenerate data.
  warnings.warn(
[I 2025-07-04 13:52:39,011] Trial 8 finished with value: 1.085867128042255 and parameters: {'n_components': 13, 'cov_type': 'spherical'}. Best is trial 1 with value: 1.124271099891105.
D:\programs\PythonPrograms\analyze_clusters\.venv\lib\site-packages\sklearn\mixture\_base.py:269: ConvergenceWarning: Best performing initialization did not converge. Try different init parameters, or increase max_iter, tol, or check for degenerate data.
  warnings.warn(
D:\programs\PythonPrograms\analyze_clusters\.venv\lib\site-packages\sklearn\mixture\_base.py:269: ConvergenceWarning: Best performing initialization did not converge. Try different init parameters, or increase max_iter, tol, or check for degenerate data.
  warnings.warn(
D:\programs\PythonPrograms\analyze_clusters\.venv\lib\site-packages\sklearn\mixture\_base.py:269: ConvergenceWarning: Best performing initialization did not converge. Try different init parameters, or increase max_iter, tol, or check for degenerate data.
  warnings.warn(
D:\programs\PythonPrograms\analyze_clusters\.venv\lib\site-packages\sklearn\mixture\_base.py:269: ConvergenceWarning: Best performing initialization did not converge. Try different init parameters, or increase max_iter, tol, or check for degenerate data.
  warnings.warn(
D:\programs\PythonPrograms\analyze_clusters\.venv\lib\site-packages\sklearn\mixture\_base.py:269: ConvergenceWarning: Best performing initialization did not converge. Try different init parameters, or increase max_iter, tol, or check for degenerate data.
  warnings.warn(
D:\programs\PythonPrograms\analyze_clusters\.venv\lib\site-packages\sklearn\mixture\_base.py:269: ConvergenceWarning: Best performing initialization did not converge. Try different init parameters, or increase max_iter, tol, or check for degenerate data.
  warnings.warn(
D:\programs\PythonPrograms\analyze_clusters\.venv\lib\site-packages\sklearn\mixture\_base.py:269: ConvergenceWarning: Best performing initialization did not converge. Try different init parameters, or increase max_iter, tol, or check for degenerate data.
  warnings.warn(
D:\programs\PythonPrograms\analyze_clusters\.venv\lib\site-packages\sklearn\mixture\_base.py:269: ConvergenceWarning: Best performing initialization did not converge. Try different init parameters, or increase max_iter, tol, or check for degenerate data.
  warnings.warn(
D:\programs\PythonPrograms\analyze_clusters\.venv\lib\site-packages\sklearn\mixture\_base.py:269: ConvergenceWarning: Best performing initialization did not converge. Try different init parameters, or increase max_iter, tol, or check for degenerate data.
  warnings.warn(
D:\programs\PythonPrograms\analyze_clusters\.venv\lib\site-packages\sklearn\mixture\_base.py:269: ConvergenceWarning: Best performing initialization did not converge. Try different init parameters, or increase max_iter, tol, or check for degenerate data.
  warnings.warn(
D:\programs\PythonPrograms\analyze_clusters\.venv\lib\site-packages\sklearn\mixture\_base.py:269: ConvergenceWarning: Best performing initialization did not converge. Try different init parameters, or increase max_iter, tol, or check for degenerate data.
  warnings.warn(
D:\programs\PythonPrograms\analyze_clusters\.venv\lib\site-packages\sklearn\mixture\_base.py:269: ConvergenceWarning: Best performing initialization did not converge. Try different init parameters, or increase max_iter, tol, or check for degenerate data.
  warnings.warn(
D:\programs\PythonPrograms\analyze_clusters\.venv\lib\site-packages\sklearn\mixture\_base.py:269: ConvergenceWarning: Best performing initialization did not converge. Try different init parameters, or increase max_iter, tol, or check for degenerate data.
  warnings.warn(
[I 2025-07-04 13:52:41,241] Trial 9 finished with value: 1.4465328038539984 and parameters: {'n_components': 19, 'cov_type': 'spherical'}. Best is trial 9 with value: 1.4465328038539984.
D:\programs\PythonPrograms\analyze_clusters\.venv\lib\site-packages\sklearn\mixture\_base.py:269: ConvergenceWarning: Best performing initialization did not converge. Try different init parameters, or increase max_iter, tol, or check for degenerate data.
  warnings.warn(
D:\programs\PythonPrograms\analyze_clusters\.venv\lib\site-packages\sklearn\mixture\_base.py:269: ConvergenceWarning: Best performing initialization did not converge. Try different init parameters, or increase max_iter, tol, or check for degenerate data.
  warnings.warn(
D:\programs\PythonPrograms\analyze_clusters\.venv\lib\site-packages\sklearn\mixture\_base.py:269: ConvergenceWarning: Best performing initialization did not converge. Try different init parameters, or increase max_iter, tol, or check for degenerate data.
  warnings.warn(
D:\programs\PythonPrograms\analyze_clusters\.venv\lib\site-packages\sklearn\mixture\_base.py:269: ConvergenceWarning: Best performing initialization did not converge. Try different init parameters, or increase max_iter, tol, or check for degenerate data.
  warnings.warn(
D:\programs\PythonPrograms\analyze_clusters\.venv\lib\site-packages\sklearn\mixture\_base.py:269: ConvergenceWarning: Best performing initialization did not converge. Try different init parameters, or increase max_iter, tol, or check for degenerate data.
  warnings.warn(
D:\programs\PythonPrograms\analyze_clusters\.venv\lib\site-packages\sklearn\mixture\_base.py:269: ConvergenceWarning: Best performing initialization did not converge. Try different init parameters, or increase max_iter, tol, or check for degenerate data.
  warnings.warn(
D:\programs\PythonPrograms\analyze_clusters\.venv\lib\site-packages\sklearn\mixture\_base.py:269: ConvergenceWarning: Best performing initialization did not converge. Try different init parameters, or increase max_iter, tol, or check for degenerate data.
  warnings.warn(
D:\programs\PythonPrograms\analyze_clusters\.venv\lib\site-packages\sklearn\mixture\_base.py:269: ConvergenceWarning: Best performing initialization did not converge. Try different init parameters, or increase max_iter, tol, or check for degenerate data.
  warnings.warn(
[I 2025-07-04 13:52:44,211] Trial 10 finished with value: 1.5223972337442744 and parameters: {'n_components': 19, 'cov_type': 'tied'}. Best is trial 10 with value: 1.5223972337442744.
D:\programs\PythonPrograms\analyze_clusters\.venv\lib\site-packages\sklearn\mixture\_base.py:269: ConvergenceWarning: Best performing initialization did not converge. Try different init parameters, or increase max_iter, tol, or check for degenerate data.
  warnings.warn(
D:\programs\PythonPrograms\analyze_clusters\.venv\lib\site-packages\sklearn\mixture\_base.py:269: ConvergenceWarning: Best performing initialization did not converge. Try different init parameters, or increase max_iter, tol, or check for degenerate data.
  warnings.warn(
D:\programs\PythonPrograms\analyze_clusters\.venv\lib\site-packages\sklearn\mixture\_base.py:269: ConvergenceWarning: Best performing initialization did not converge. Try different init parameters, or increase max_iter, tol, or check for degenerate data.
  warnings.warn(
D:\programs\PythonPrograms\analyze_clusters\.venv\lib\site-packages\sklearn\mixture\_base.py:269: ConvergenceWarning: Best performing initialization did not converge. Try different init parameters, or increase max_iter, tol, or check for degenerate data.
  warnings.warn(
D:\programs\PythonPrograms\analyze_clusters\.venv\lib\site-packages\sklearn\mixture\_base.py:269: ConvergenceWarning: Best performing initialization did not converge. Try different init parameters, or increase max_iter, tol, or check for degenerate data.
  warnings.warn(
D:\programs\PythonPrograms\analyze_clusters\.venv\lib\site-packages\sklearn\mixture\_base.py:269: ConvergenceWarning: Best performing initialization did not converge. Try different init parameters, or increase max_iter, tol, or check for degenerate data.
  warnings.warn(
D:\programs\PythonPrograms\analyze_clusters\.venv\lib\site-packages\sklearn\mixture\_base.py:269: ConvergenceWarning: Best performing initialization did not converge. Try different init parameters, or increase max_iter, tol, or check for degenerate data.
  warnings.warn(
D:\programs\PythonPrograms\analyze_clusters\.venv\lib\site-packages\sklearn\mixture\_base.py:269: ConvergenceWarning: Best performing initialization did not converge. Try different init parameters, or increase max_iter, tol, or check for degenerate data.
  warnings.warn(
[I 2025-07-04 13:52:47,189] Trial 11 finished with value: 1.4382864232443366 and parameters: {'n_components': 18, 'cov_type': 'tied'}. Best is trial 10 with value: 1.5223972337442744.
D:\programs\PythonPrograms\analyze_clusters\.venv\lib\site-packages\sklearn\mixture\_base.py:269: ConvergenceWarning: Best performing initialization did not converge. Try different init parameters, or increase max_iter, tol, or check for degenerate data.
  warnings.warn(
D:\programs\PythonPrograms\analyze_clusters\.venv\lib\site-packages\sklearn\mixture\_base.py:269: ConvergenceWarning: Best performing initialization did not converge. Try different init parameters, or increase max_iter, tol, or check for degenerate data.
  warnings.warn(
D:\programs\PythonPrograms\analyze_clusters\.venv\lib\site-packages\sklearn\mixture\_base.py:269: ConvergenceWarning: Best performing initialization did not converge. Try different init parameters, or increase max_iter, tol, or check for degenerate data.
  warnings.warn(
D:\programs\PythonPrograms\analyze_clusters\.venv\lib\site-packages\sklearn\mixture\_base.py:269: ConvergenceWarning: Best performing initialization did not converge. Try different init parameters, or increase max_iter, tol, or check for degenerate data.
  warnings.warn(
D:\programs\PythonPrograms\analyze_clusters\.venv\lib\site-packages\sklearn\mixture\_base.py:269: ConvergenceWarning: Best performing initialization did not converge. Try different init parameters, or increase max_iter, tol, or check for degenerate data.
  warnings.warn(
D:\programs\PythonPrograms\analyze_clusters\.venv\lib\site-packages\sklearn\mixture\_base.py:269: ConvergenceWarning: Best performing initialization did not converge. Try different init parameters, or increase max_iter, tol, or check for degenerate data.
  warnings.warn(
D:\programs\PythonPrograms\analyze_clusters\.venv\lib\site-packages\sklearn\mixture\_base.py:269: ConvergenceWarning: Best performing initialization did not converge. Try different init parameters, or increase max_iter, tol, or check for degenerate data.
  warnings.warn(
D:\programs\PythonPrograms\analyze_clusters\.venv\lib\site-packages\sklearn\mixture\_base.py:269: ConvergenceWarning: Best performing initialization did not converge. Try different init parameters, or increase max_iter, tol, or check for degenerate data.
  warnings.warn(
[I 2025-07-04 13:52:49,726] Trial 12 finished with value: 1.5223972337442744 and parameters: {'n_components': 19, 'cov_type': 'tied'}. Best is trial 10 with value: 1.5223972337442744.
D:\programs\PythonPrograms\analyze_clusters\.venv\lib\site-packages\sklearn\mixture\_base.py:269: ConvergenceWarning: Best performing initialization did not converge. Try different init parameters, or increase max_iter, tol, or check for degenerate data.
  warnings.warn(
D:\programs\PythonPrograms\analyze_clusters\.venv\lib\site-packages\sklearn\mixture\_base.py:269: ConvergenceWarning: Best performing initialization did not converge. Try different init parameters, or increase max_iter, tol, or check for degenerate data.
  warnings.warn(
D:\programs\PythonPrograms\analyze_clusters\.venv\lib\site-packages\sklearn\mixture\_base.py:269: ConvergenceWarning: Best performing initialization did not converge. Try different init parameters, or increase max_iter, tol, or check for degenerate data.
  warnings.warn(
D:\programs\PythonPrograms\analyze_clusters\.venv\lib\site-packages\sklearn\mixture\_base.py:269: ConvergenceWarning: Best performing initialization did not converge. Try different init parameters, or increase max_iter, tol, or check for degenerate data.
  warnings.warn(
D:\programs\PythonPrograms\analyze_clusters\.venv\lib\site-packages\sklearn\mixture\_base.py:269: ConvergenceWarning: Best performing initialization did not converge. Try different init parameters, or increase max_iter, tol, or check for degenerate data.
  warnings.warn(
D:\programs\PythonPrograms\analyze_clusters\.venv\lib\site-packages\sklearn\mixture\_base.py:269: ConvergenceWarning: Best performing initialization did not converge. Try different init parameters, or increase max_iter, tol, or check for degenerate data.
  warnings.warn(
D:\programs\PythonPrograms\analyze_clusters\.venv\lib\site-packages\sklearn\mixture\_base.py:269: ConvergenceWarning: Best performing initialization did not converge. Try different init parameters, or increase max_iter, tol, or check for degenerate data.
  warnings.warn(
[I 2025-07-04 13:52:52,835] Trial 13 finished with value: 1.3379413471106103 and parameters: {'n_components': 16, 'cov_type': 'tied'}. Best is trial 10 with value: 1.5223972337442744.
D:\programs\PythonPrograms\analyze_clusters\.venv\lib\site-packages\sklearn\mixture\_base.py:269: ConvergenceWarning: Best performing initialization did not converge. Try different init parameters, or increase max_iter, tol, or check for degenerate data.
  warnings.warn(
D:\programs\PythonPrograms\analyze_clusters\.venv\lib\site-packages\sklearn\mixture\_base.py:269: ConvergenceWarning: Best performing initialization did not converge. Try different init parameters, or increase max_iter, tol, or check for degenerate data.
  warnings.warn(
D:\programs\PythonPrograms\analyze_clusters\.venv\lib\site-packages\sklearn\mixture\_base.py:269: ConvergenceWarning: Best performing initialization did not converge. Try different init parameters, or increase max_iter, tol, or check for degenerate data.
  warnings.warn(
D:\programs\PythonPrograms\analyze_clusters\.venv\lib\site-packages\sklearn\mixture\_base.py:269: ConvergenceWarning: Best performing initialization did not converge. Try different init parameters, or increase max_iter, tol, or check for degenerate data.
  warnings.warn(
D:\programs\PythonPrograms\analyze_clusters\.venv\lib\site-packages\sklearn\mixture\_base.py:269: ConvergenceWarning: Best performing initialization did not converge. Try different init parameters, or increase max_iter, tol, or check for degenerate data.
  warnings.warn(
D:\programs\PythonPrograms\analyze_clusters\.venv\lib\site-packages\sklearn\mixture\_base.py:269: ConvergenceWarning: Best performing initialization did not converge. Try different init parameters, or increase max_iter, tol, or check for degenerate data.
  warnings.warn(
D:\programs\PythonPrograms\analyze_clusters\.venv\lib\site-packages\sklearn\mixture\_base.py:269: ConvergenceWarning: Best performing initialization did not converge. Try different init parameters, or increase max_iter, tol, or check for degenerate data.
  warnings.warn(
[I 2025-07-04 13:52:56,137] Trial 14 finished with value: 1.330252400787439 and parameters: {'n_components': 15, 'cov_type': 'tied'}. Best is trial 10 with value: 1.5223972337442744.
D:\programs\PythonPrograms\analyze_clusters\.venv\lib\site-packages\sklearn\mixture\_base.py:269: ConvergenceWarning: Best performing initialization did not converge. Try different init parameters, or increase max_iter, tol, or check for degenerate data.
  warnings.warn(
D:\programs\PythonPrograms\analyze_clusters\.venv\lib\site-packages\sklearn\mixture\_base.py:269: ConvergenceWarning: Best performing initialization did not converge. Try different init parameters, or increase max_iter, tol, or check for degenerate data.
  warnings.warn(
D:\programs\PythonPrograms\analyze_clusters\.venv\lib\site-packages\sklearn\mixture\_base.py:269: ConvergenceWarning: Best performing initialization did not converge. Try different init parameters, or increase max_iter, tol, or check for degenerate data.
  warnings.warn(
D:\programs\PythonPrograms\analyze_clusters\.venv\lib\site-packages\sklearn\mixture\_base.py:269: ConvergenceWarning: Best performing initialization did not converge. Try different init parameters, or increase max_iter, tol, or check for degenerate data.
  warnings.warn(
D:\programs\PythonPrograms\analyze_clusters\.venv\lib\site-packages\sklearn\mixture\_base.py:269: ConvergenceWarning: Best performing initialization did not converge. Try different init parameters, or increase max_iter, tol, or check for degenerate data.
  warnings.warn(
D:\programs\PythonPrograms\analyze_clusters\.venv\lib\site-packages\sklearn\mixture\_base.py:269: ConvergenceWarning: Best performing initialization did not converge. Try different init parameters, or increase max_iter, tol, or check for degenerate data.
  warnings.warn(
D:\programs\PythonPrograms\analyze_clusters\.venv\lib\site-packages\sklearn\mixture\_base.py:269: ConvergenceWarning: Best performing initialization did not converge. Try different init parameters, or increase max_iter, tol, or check for degenerate data.
  warnings.warn(
D:\programs\PythonPrograms\analyze_clusters\.venv\lib\site-packages\sklearn\mixture\_base.py:269: ConvergenceWarning: Best performing initialization did not converge. Try different init parameters, or increase max_iter, tol, or check for degenerate data.
  warnings.warn(
[I 2025-07-04 13:52:59,254] Trial 15 finished with value: 1.5223972337442744 and parameters: {'n_components': 19, 'cov_type': 'tied'}. Best is trial 10 with value: 1.5223972337442744.
D:\programs\PythonPrograms\analyze_clusters\.venv\lib\site-packages\sklearn\mixture\_base.py:269: ConvergenceWarning: Best performing initialization did not converge. Try different init parameters, or increase max_iter, tol, or check for degenerate data.
  warnings.warn(
D:\programs\PythonPrograms\analyze_clusters\.venv\lib\site-packages\sklearn\mixture\_base.py:269: ConvergenceWarning: Best performing initialization did not converge. Try different init parameters, or increase max_iter, tol, or check for degenerate data.
  warnings.warn(
D:\programs\PythonPrograms\analyze_clusters\.venv\lib\site-packages\sklearn\mixture\_base.py:269: ConvergenceWarning: Best performing initialization did not converge. Try different init parameters, or increase max_iter, tol, or check for degenerate data.
  warnings.warn(
D:\programs\PythonPrograms\analyze_clusters\.venv\lib\site-packages\sklearn\mixture\_base.py:269: ConvergenceWarning: Best performing initialization did not converge. Try different init parameters, or increase max_iter, tol, or check for degenerate data.
  warnings.warn(
D:\programs\PythonPrograms\analyze_clusters\.venv\lib\site-packages\sklearn\mixture\_base.py:269: ConvergenceWarning: Best performing initialization did not converge. Try different init parameters, or increase max_iter, tol, or check for degenerate data.
  warnings.warn(
D:\programs\PythonPrograms\analyze_clusters\.venv\lib\site-packages\sklearn\mixture\_base.py:269: ConvergenceWarning: Best performing initialization did not converge. Try different init parameters, or increase max_iter, tol, or check for degenerate data.
  warnings.warn(
D:\programs\PythonPrograms\analyze_clusters\.venv\lib\site-packages\sklearn\mixture\_base.py:269: ConvergenceWarning: Best performing initialization did not converge. Try different init parameters, or increase max_iter, tol, or check for degenerate data.
  warnings.warn(
D:\programs\PythonPrograms\analyze_clusters\.venv\lib\site-packages\sklearn\mixture\_base.py:269: ConvergenceWarning: Best performing initialization did not converge. Try different init parameters, or increase max_iter, tol, or check for degenerate data.
  warnings.warn(
D:\programs\PythonPrograms\analyze_clusters\.venv\lib\site-packages\sklearn\mixture\_base.py:269: ConvergenceWarning: Best performing initialization did not converge. Try different init parameters, or increase max_iter, tol, or check for degenerate data.
  warnings.warn(
[I 2025-07-04 13:53:02,124] Trial 16 finished with value: 1.1745454857465956 and parameters: {'n_components': 14, 'cov_type': 'tied'}. Best is trial 10 with value: 1.5223972337442744.
D:\programs\PythonPrograms\analyze_clusters\.venv\lib\site-packages\sklearn\mixture\_base.py:269: ConvergenceWarning: Best performing initialization did not converge. Try different init parameters, or increase max_iter, tol, or check for degenerate data.
  warnings.warn(
D:\programs\PythonPrograms\analyze_clusters\.venv\lib\site-packages\sklearn\mixture\_base.py:269: ConvergenceWarning: Best performing initialization did not converge. Try different init parameters, or increase max_iter, tol, or check for degenerate data.
  warnings.warn(
D:\programs\PythonPrograms\analyze_clusters\.venv\lib\site-packages\sklearn\mixture\_base.py:269: ConvergenceWarning: Best performing initialization did not converge. Try different init parameters, or increase max_iter, tol, or check for degenerate data.
  warnings.warn(
D:\programs\PythonPrograms\analyze_clusters\.venv\lib\site-packages\sklearn\mixture\_base.py:269: ConvergenceWarning: Best performing initialization did not converge. Try different init parameters, or increase max_iter, tol, or check for degenerate data.
  warnings.warn(
D:\programs\PythonPrograms\analyze_clusters\.venv\lib\site-packages\sklearn\mixture\_base.py:269: ConvergenceWarning: Best performing initialization did not converge. Try different init parameters, or increase max_iter, tol, or check for degenerate data.
  warnings.warn(
D:\programs\PythonPrograms\analyze_clusters\.venv\lib\site-packages\sklearn\mixture\_base.py:269: ConvergenceWarning: Best performing initialization did not converge. Try different init parameters, or increase max_iter, tol, or check for degenerate data.
  warnings.warn(
D:\programs\PythonPrograms\analyze_clusters\.venv\lib\site-packages\sklearn\mixture\_base.py:269: ConvergenceWarning: Best performing initialization did not converge. Try different init parameters, or increase max_iter, tol, or check for degenerate data.
  warnings.warn(
D:\programs\PythonPrograms\analyze_clusters\.venv\lib\site-packages\sklearn\mixture\_base.py:269: ConvergenceWarning: Best performing initialization did not converge. Try different init parameters, or increase max_iter, tol, or check for degenerate data.
  warnings.warn(
[I 2025-07-04 13:53:05,722] Trial 17 finished with value: 1.3787621989950725 and parameters: {'n_components': 17, 'cov_type': 'tied'}. Best is trial 10 with value: 1.5223972337442744.
D:\programs\PythonPrograms\analyze_clusters\.venv\lib\site-packages\sklearn\mixture\_base.py:269: ConvergenceWarning: Best performing initialization did not converge. Try different init parameters, or increase max_iter, tol, or check for degenerate data.
  warnings.warn(
D:\programs\PythonPrograms\analyze_clusters\.venv\lib\site-packages\sklearn\mixture\_base.py:269: ConvergenceWarning: Best performing initialization did not converge. Try different init parameters, or increase max_iter, tol, or check for degenerate data.
  warnings.warn(
D:\programs\PythonPrograms\analyze_clusters\.venv\lib\site-packages\sklearn\mixture\_base.py:269: ConvergenceWarning: Best performing initialization did not converge. Try different init parameters, or increase max_iter, tol, or check for degenerate data.
  warnings.warn(
D:\programs\PythonPrograms\analyze_clusters\.venv\lib\site-packages\sklearn\mixture\_base.py:269: ConvergenceWarning: Best performing initialization did not converge. Try different init parameters, or increase max_iter, tol, or check for degenerate data.
  warnings.warn(
D:\programs\PythonPrograms\analyze_clusters\.venv\lib\site-packages\sklearn\mixture\_base.py:269: ConvergenceWarning: Best performing initialization did not converge. Try different init parameters, or increase max_iter, tol, or check for degenerate data.
  warnings.warn(
D:\programs\PythonPrograms\analyze_clusters\.venv\lib\site-packages\sklearn\mixture\_base.py:269: ConvergenceWarning: Best performing initialization did not converge. Try different init parameters, or increase max_iter, tol, or check for degenerate data.
  warnings.warn(
D:\programs\PythonPrograms\analyze_clusters\.venv\lib\site-packages\sklearn\mixture\_base.py:269: ConvergenceWarning: Best performing initialization did not converge. Try different init parameters, or increase max_iter, tol, or check for degenerate data.
  warnings.warn(
[I 2025-07-04 13:53:08,863] Trial 18 finished with value: 1.330252400787439 and parameters: {'n_components': 15, 'cov_type': 'tied'}. Best is trial 10 with value: 1.5223972337442744.
D:\programs\PythonPrograms\analyze_clusters\.venv\lib\site-packages\sklearn\mixture\_base.py:269: ConvergenceWarning: Best performing initialization did not converge. Try different init parameters, or increase max_iter, tol, or check for degenerate data.
  warnings.warn(
D:\programs\PythonPrograms\analyze_clusters\.venv\lib\site-packages\sklearn\mixture\_base.py:269: ConvergenceWarning: Best performing initialization did not converge. Try different init parameters, or increase max_iter, tol, or check for degenerate data.
  warnings.warn(
D:\programs\PythonPrograms\analyze_clusters\.venv\lib\site-packages\sklearn\mixture\_base.py:269: ConvergenceWarning: Best performing initialization did not converge. Try different init parameters, or increase max_iter, tol, or check for degenerate data.
  warnings.warn(
[I 2025-07-04 13:53:10,436] Trial 19 finished with value: 1.6305366084076243 and parameters: {'n_components': 10, 'cov_type': 'tied'}. Best is trial 19 with value: 1.6305366084076243.
D:\programs\PythonPrograms\analyze_clusters\.venv\lib\site-packages\sklearn\mixture\_base.py:269: ConvergenceWarning: Best performing initialization did not converge. Try different init parameters, or increase max_iter, tol, or check for degenerate data.
  warnings.warn(
D:\programs\PythonPrograms\analyze_clusters\.venv\lib\site-packages\sklearn\mixture\_base.py:269: ConvergenceWarning: Best performing initialization did not converge. Try different init parameters, or increase max_iter, tol, or check for degenerate data.
  warnings.warn(
D:\programs\PythonPrograms\analyze_clusters\.venv\lib\site-packages\sklearn\mixture\_base.py:269: ConvergenceWarning: Best performing initialization did not converge. Try different init parameters, or increase max_iter, tol, or check for degenerate data.
  warnings.warn(
D:\programs\PythonPrograms\analyze_clusters\.venv\lib\site-packages\sklearn\mixture\_base.py:269: ConvergenceWarning: Best performing initialization did not converge. Try different init parameters, or increase max_iter, tol, or check for degenerate data.
  warnings.warn(
D:\programs\PythonPrograms\analyze_clusters\.venv\lib\site-packages\sklearn\mixture\_base.py:269: ConvergenceWarning: Best performing initialization did not converge. Try different init parameters, or increase max_iter, tol, or check for degenerate data.
  warnings.warn(
D:\programs\PythonPrograms\analyze_clusters\.venv\lib\site-packages\sklearn\mixture\_base.py:269: ConvergenceWarning: Best performing initialization did not converge. Try different init parameters, or increase max_iter, tol, or check for degenerate data.
  warnings.warn(
D:\programs\PythonPrograms\analyze_clusters\.venv\lib\site-packages\sklearn\mixture\_base.py:269: ConvergenceWarning: Best performing initialization did not converge. Try different init parameters, or increase max_iter, tol, or check for degenerate data.
  warnings.warn(
D:\programs\PythonPrograms\analyze_clusters\.venv\lib\site-packages\sklearn\mixture\_base.py:269: ConvergenceWarning: Best performing initialization did not converge. Try different init parameters, or increase max_iter, tol, or check for degenerate data.
  warnings.warn(
D:\programs\PythonPrograms\analyze_clusters\.venv\lib\site-packages\sklearn\mixture\_base.py:269: ConvergenceWarning: Best performing initialization did not converge. Try different init parameters, or increase max_iter, tol, or check for degenerate data.
  warnings.warn(
D:\programs\PythonPrograms\analyze_clusters\.venv\lib\site-packages\sklearn\mixture\_base.py:269: ConvergenceWarning: Best performing initialization did not converge. Try different init parameters, or increase max_iter, tol, or check for degenerate data.
  warnings.warn(
D:\programs\PythonPrograms\analyze_clusters\.venv\lib\site-packages\sklearn\mixture\_base.py:269: ConvergenceWarning: Best performing initialization did not converge. Try different init parameters, or increase max_iter, tol, or check for degenerate data.
  warnings.warn(
D:\programs\PythonPrograms\analyze_clusters\.venv\lib\site-packages\sklearn\mixture\_base.py:269: ConvergenceWarning: Best performing initialization did not converge. Try different init parameters, or increase max_iter, tol, or check for degenerate data.
  warnings.warn(
D:\programs\PythonPrograms\analyze_clusters\.venv\lib\site-packages\sklearn\mixture\_base.py:269: ConvergenceWarning: Best performing initialization did not converge. Try different init parameters, or increase max_iter, tol, or check for degenerate data.
  warnings.warn(
D:\programs\PythonPrograms\analyze_clusters\.venv\lib\site-packages\sklearn\mixture\_base.py:269: ConvergenceWarning: Best performing initialization did not converge. Try different init parameters, or increase max_iter, tol, or check for degenerate data.
  warnings.warn(
D:\programs\PythonPrograms\analyze_clusters\.venv\lib\site-packages\sklearn\mixture\_base.py:269: ConvergenceWarning: Best performing initialization did not converge. Try different init parameters, or increase max_iter, tol, or check for degenerate data.
  warnings.warn(
D:\programs\PythonPrograms\analyze_clusters\.venv\lib\site-packages\sklearn\mixture\_base.py:269: ConvergenceWarning: Best performing initialization did not converge. Try different init parameters, or increase max_iter, tol, or check for degenerate data.
  warnings.warn(
D:\programs\PythonPrograms\analyze_clusters\.venv\lib\site-packages\sklearn\mixture\_base.py:269: ConvergenceWarning: Best performing initialization did not converge. Try different init parameters, or increase max_iter, tol, or check for degenerate data.
  warnings.warn(
D:\programs\PythonPrograms\analyze_clusters\.venv\lib\site-packages\sklearn\mixture\_base.py:269: ConvergenceWarning: Best performing initialization did not converge. Try different init parameters, or increase max_iter, tol, or check for degenerate data.
  warnings.warn(
D:\programs\PythonPrograms\analyze_clusters\.venv\lib\site-packages\sklearn\mixture\_base.py:269: ConvergenceWarning: Best performing initialization did not converge. Try different init parameters, or increase max_iter, tol, or check for degenerate data.
  warnings.warn(
D:\programs\PythonPrograms\analyze_clusters\.venv\lib\site-packages\sklearn\mixture\_base.py:269: ConvergenceWarning: Best performing initialization did not converge. Try different init parameters, or increase max_iter, tol, or check for degenerate data.
  warnings.warn(
D:\programs\PythonPrograms\analyze_clusters\.venv\lib\site-packages\sklearn\mixture\_base.py:269: ConvergenceWarning: Best performing initialization did not converge. Try different init parameters, or increase max_iter, tol, or check for degenerate data.
  warnings.warn(
D:\programs\PythonPrograms\analyze_clusters\.venv\lib\site-packages\sklearn\mixture\_base.py:269: ConvergenceWarning: Best performing initialization did not converge. Try different init parameters, or increase max_iter, tol, or check for degenerate data.
  warnings.warn(
D:\programs\PythonPrograms\analyze_clusters\.venv\lib\site-packages\sklearn\mixture\_base.py:269: ConvergenceWarning: Best performing initialization did not converge. Try different init parameters, or increase max_iter, tol, or check for degenerate data.
  warnings.warn(
D:\programs\PythonPrograms\analyze_clusters\.venv\lib\site-packages\sklearn\mixture\_base.py:269: ConvergenceWarning: Best performing initialization did not converge. Try different init parameters, or increase max_iter, tol, or check for degenerate data.
  warnings.warn(
D:\programs\PythonPrograms\analyze_clusters\.venv\lib\site-packages\sklearn\mixture\_base.py:269: ConvergenceWarning: Best performing initialization did not converge. Try different init parameters, or increase max_iter, tol, or check for degenerate data.
  warnings.warn(
D:\programs\PythonPrograms\analyze_clusters\.venv\lib\site-packages\sklearn\mixture\_base.py:269: ConvergenceWarning: Best performing initialization did not converge. Try different init parameters, or increase max_iter, tol, or check for degenerate data.
  warnings.warn(
D:\programs\PythonPrograms\analyze_clusters\.venv\lib\site-packages\sklearn\mixture\_base.py:269: ConvergenceWarning: Best performing initialization did not converge. Try different init parameters, or increase max_iter, tol, or check for degenerate data.
  warnings.warn(
D:\programs\PythonPrograms\analyze_clusters\.venv\lib\site-packages\sklearn\mixture\_base.py:269: ConvergenceWarning: Best performing initialization did not converge. Try different init parameters, or increase max_iter, tol, or check for degenerate data.
  warnings.warn(
D:\programs\PythonPrograms\analyze_clusters\.venv\lib\site-packages\sklearn\mixture\_base.py:269: ConvergenceWarning: Best performing initialization did not converge. Try different init parameters, or increase max_iter, tol, or check for degenerate data.
  warnings.warn(
D:\programs\PythonPrograms\analyze_clusters\.venv\lib\site-packages\sklearn\mixture\_base.py:269: ConvergenceWarning: Best performing initialization did not converge. Try different init parameters, or increase max_iter, tol, or check for degenerate data.
  warnings.warn(
D:\programs\PythonPrograms\analyze_clusters\.venv\lib\site-packages\sklearn\mixture\_base.py:269: ConvergenceWarning: Best performing initialization did not converge. Try different init parameters, or increase max_iter, tol, or check for degenerate data.
  warnings.warn(
D:\programs\PythonPrograms\analyze_clusters\.venv\lib\site-packages\sklearn\mixture\_base.py:269: ConvergenceWarning: Best performing initialization did not converge. Try different init parameters, or increase max_iter, tol, or check for degenerate data.
  warnings.warn(
D:\programs\PythonPrograms\analyze_clusters\.venv\lib\site-packages\sklearn\mixture\_base.py:269: ConvergenceWarning: Best performing initialization did not converge. Try different init parameters, or increase max_iter, tol, or check for degenerate data.
  warnings.warn(
D:\programs\PythonPrograms\analyze_clusters\.venv\lib\site-packages\sklearn\mixture\_base.py:269: ConvergenceWarning: Best performing initialization did not converge. Try different init parameters, or increase max_iter, tol, or check for degenerate data.
  warnings.warn(
D:\programs\PythonPrograms\analyze_clusters\.venv\lib\site-packages\sklearn\mixture\_base.py:269: ConvergenceWarning: Best performing initialization did not converge. Try different init parameters, or increase max_iter, tol, or check for degenerate data.
  warnings.warn(
D:\programs\PythonPrograms\analyze_clusters\.venv\lib\site-packages\sklearn\mixture\_base.py:269: ConvergenceWarning: Best performing initialization did not converge. Try different init parameters, or increase max_iter, tol, or check for degenerate data.
  warnings.warn(
D:\programs\PythonPrograms\analyze_clusters\.venv\lib\site-packages\sklearn\mixture\_base.py:269: ConvergenceWarning: Best performing initialization did not converge. Try different init parameters, or increase max_iter, tol, or check for degenerate data.
  warnings.warn(
D:\programs\PythonPrograms\analyze_clusters\.venv\lib\site-packages\sklearn\mixture\_base.py:269: ConvergenceWarning: Best performing initialization did not converge. Try different init parameters, or increase max_iter, tol, or check for degenerate data.
  warnings.warn(
D:\programs\PythonPrograms\analyze_clusters\.venv\lib\site-packages\sklearn\mixture\_base.py:269: ConvergenceWarning: Best performing initialization did not converge. Try different init parameters, or increase max_iter, tol, or check for degenerate data.
  warnings.warn(
D:\programs\PythonPrograms\analyze_clusters\.venv\lib\site-packages\sklearn\mixture\_base.py:269: ConvergenceWarning: Best performing initialization did not converge. Try different init parameters, or increase max_iter, tol, or check for degenerate data.
  warnings.warn(
D:\programs\PythonPrograms\analyze_clusters\.venv\lib\site-packages\sklearn\mixture\_base.py:269: ConvergenceWarning: Best performing initialization did not converge. Try different init parameters, or increase max_iter, tol, or check for degenerate data.
  warnings.warn(
D:\programs\PythonPrograms\analyze_clusters\.venv\lib\site-packages\sklearn\mixture\_base.py:269: ConvergenceWarning: Best performing initialization did not converge. Try different init parameters, or increase max_iter, tol, or check for degenerate data.
  warnings.warn(
D:\programs\PythonPrograms\analyze_clusters\.venv\lib\site-packages\sklearn\mixture\_base.py:269: ConvergenceWarning: Best performing initialization did not converge. Try different init parameters, or increase max_iter, tol, or check for degenerate data.
  warnings.warn(
D:\programs\PythonPrograms\analyze_clusters\.venv\lib\site-packages\sklearn\mixture\_base.py:269: ConvergenceWarning: Best performing initialization did not converge. Try different init parameters, or increase max_iter, tol, or check for degenerate data.
  warnings.warn(
D:\programs\PythonPrograms\analyze_clusters\.venv\lib\site-packages\sklearn\mixture\_base.py:269: ConvergenceWarning: Best performing initialization did not converge. Try different init parameters, or increase max_iter, tol, or check for degenerate data.
  warnings.warn(
D:\programs\PythonPrograms\analyze_clusters\.venv\lib\site-packages\sklearn\mixture\_base.py:269: ConvergenceWarning: Best performing initialization did not converge. Try different init parameters, or increase max_iter, tol, or check for degenerate data.
  warnings.warn(
D:\programs\PythonPrograms\analyze_clusters\.venv\lib\site-packages\sklearn\mixture\_base.py:269: ConvergenceWarning: Best performing initialization did not converge. Try different init parameters, or increase max_iter, tol, or check for degenerate data.
  warnings.warn(
D:\programs\PythonPrograms\analyze_clusters\.venv\lib\site-packages\sklearn\mixture\_base.py:269: ConvergenceWarning: Best performing initialization did not converge. Try different init parameters, or increase max_iter, tol, or check for degenerate data.
  warnings.warn(
D:\programs\PythonPrograms\analyze_clusters\.venv\lib\site-packages\sklearn\mixture\_base.py:269: ConvergenceWarning: Best performing initialization did not converge. Try different init parameters, or increase max_iter, tol, or check for degenerate data.
  warnings.warn(
D:\programs\PythonPrograms\analyze_clusters\.venv\lib\site-packages\sklearn\mixture\_base.py:269: ConvergenceWarning: Best performing initialization did not converge. Try different init parameters, or increase max_iter, tol, or check for degenerate data.
  warnings.warn(
D:\programs\PythonPrograms\analyze_clusters\.venv\lib\site-packages\sklearn\mixture\_base.py:269: ConvergenceWarning: Best performing initialization did not converge. Try different init parameters, or increase max_iter, tol, or check for degenerate data.
  warnings.warn(
D:\programs\PythonPrograms\analyze_clusters\.venv\lib\site-packages\sklearn\mixture\_base.py:269: ConvergenceWarning: Best performing initialization did not converge. Try different init parameters, or increase max_iter, tol, or check for degenerate data.
  warnings.warn(
D:\programs\PythonPrograms\analyze_clusters\.venv\lib\site-packages\sklearn\mixture\_base.py:269: ConvergenceWarning: Best performing initialization did not converge. Try different init parameters, or increase max_iter, tol, or check for degenerate data.
  warnings.warn(
D:\programs\PythonPrograms\analyze_clusters\.venv\lib\site-packages\sklearn\mixture\_base.py:269: ConvergenceWarning: Best performing initialization did not converge. Try different init parameters, or increase max_iter, tol, or check for degenerate data.
  warnings.warn(
D:\programs\PythonPrograms\analyze_clusters\.venv\lib\site-packages\sklearn\mixture\_base.py:269: ConvergenceWarning: Best performing initialization did not converge. Try different init parameters, or increase max_iter, tol, or check for degenerate data.
  warnings.warn(
D:\programs\PythonPrograms\analyze_clusters\.venv\lib\site-packages\sklearn\mixture\_base.py:269: ConvergenceWarning: Best performing initialization did not converge. Try different init parameters, or increase max_iter, tol, or check for degenerate data.
  warnings.warn(
D:\programs\PythonPrograms\analyze_clusters\.venv\lib\site-packages\sklearn\mixture\_base.py:269: ConvergenceWarning: Best performing initialization did not converge. Try different init parameters, or increase max_iter, tol, or check for degenerate data.
  warnings.warn(
D:\programs\PythonPrograms\analyze_clusters\.venv\lib\site-packages\sklearn\mixture\_base.py:269: ConvergenceWarning: Best performing initialization did not converge. Try different init parameters, or increase max_iter, tol, or check for degenerate data.
  warnings.warn(
D:\programs\PythonPrograms\analyze_clusters\.venv\lib\site-packages\sklearn\mixture\_base.py:269: ConvergenceWarning: Best performing initialization did not converge. Try different init parameters, or increase max_iter, tol, or check for degenerate data.
  warnings.warn(
D:\programs\PythonPrograms\analyze_clusters\.venv\lib\site-packages\sklearn\mixture\_base.py:269: ConvergenceWarning: Best performing initialization did not converge. Try different init parameters, or increase max_iter, tol, or check for degenerate data.
  warnings.warn(
D:\programs\PythonPrograms\analyze_clusters\.venv\lib\site-packages\sklearn\mixture\_base.py:269: ConvergenceWarning: Best performing initialization did not converge. Try different init parameters, or increase max_iter, tol, or check for degenerate data.
  warnings.warn(
D:\programs\PythonPrograms\analyze_clusters\.venv\lib\site-packages\sklearn\mixture\_base.py:269: ConvergenceWarning: Best performing initialization did not converge. Try different init parameters, or increase max_iter, tol, or check for degenerate data.
  warnings.warn(
D:\programs\PythonPrograms\analyze_clusters\.venv\lib\site-packages\sklearn\mixture\_base.py:269: ConvergenceWarning: Best performing initialization did not converge. Try different init parameters, or increase max_iter, tol, or check for degenerate data.
  warnings.warn(
D:\programs\PythonPrograms\analyze_clusters\.venv\lib\site-packages\sklearn\mixture\_base.py:269: ConvergenceWarning: Best performing initialization did not converge. Try different init parameters, or increase max_iter, tol, or check for degenerate data.
  warnings.warn(
D:\programs\PythonPrograms\analyze_clusters\.venv\lib\site-packages\sklearn\mixture\_base.py:269: ConvergenceWarning: Best performing initialization did not converge. Try different init parameters, or increase max_iter, tol, or check for degenerate data.
  warnings.warn(
D:\programs\PythonPrograms\analyze_clusters\.venv\lib\site-packages\sklearn\mixture\_base.py:269: ConvergenceWarning: Best performing initialization did not converge. Try different init parameters, or increase max_iter, tol, or check for degenerate data.
  warnings.warn(
D:\programs\PythonPrograms\analyze_clusters\.venv\lib\site-packages\sklearn\mixture\_base.py:269: ConvergenceWarning: Best performing initialization did not converge. Try different init parameters, or increase max_iter, tol, or check for degenerate data.
  warnings.warn(
D:\programs\PythonPrograms\analyze_clusters\.venv\lib\site-packages\sklearn\mixture\_base.py:269: ConvergenceWarning: Best performing initialization did not converge. Try different init parameters, or increase max_iter, tol, or check for degenerate data.
  warnings.warn(
D:\programs\PythonPrograms\analyze_clusters\.venv\lib\site-packages\sklearn\mixture\_base.py:269: ConvergenceWarning: Best performing initialization did not converge. Try different init parameters, or increase max_iter, tol, or check for degenerate data.
  warnings.warn(
D:\programs\PythonPrograms\analyze_clusters\.venv\lib\site-packages\sklearn\mixture\_base.py:269: ConvergenceWarning: Best performing initialization did not converge. Try different init parameters, or increase max_iter, tol, or check for degenerate data.
  warnings.warn(
D:\programs\PythonPrograms\analyze_clusters\.venv\lib\site-packages\sklearn\mixture\_base.py:269: ConvergenceWarning: Best performing initialization did not converge. Try different init parameters, or increase max_iter, tol, or check for degenerate data.
  warnings.warn(
D:\programs\PythonPrograms\analyze_clusters\.venv\lib\site-packages\sklearn\mixture\_base.py:269: ConvergenceWarning: Best performing initialization did not converge. Try different init parameters, or increase max_iter, tol, or check for degenerate data.
  warnings.warn(
D:\programs\PythonPrograms\analyze_clusters\.venv\lib\site-packages\sklearn\mixture\_base.py:269: ConvergenceWarning: Best performing initialization did not converge. Try different init parameters, or increase max_iter, tol, or check for degenerate data.
  warnings.warn(
D:\programs\PythonPrograms\analyze_clusters\.venv\lib\site-packages\sklearn\mixture\_base.py:269: ConvergenceWarning: Best performing initialization did not converge. Try different init parameters, or increase max_iter, tol, or check for degenerate data.
  warnings.warn(
D:\programs\PythonPrograms\analyze_clusters\.venv\lib\site-packages\sklearn\mixture\_base.py:269: ConvergenceWarning: Best performing initialization did not converge. Try different init parameters, or increase max_iter, tol, or check for degenerate data.
  warnings.warn(
D:\programs\PythonPrograms\analyze_clusters\.venv\lib\site-packages\sklearn\mixture\_base.py:269: ConvergenceWarning: Best performing initialization did not converge. Try different init parameters, or increase max_iter, tol, or check for degenerate data.
  warnings.warn(
D:\programs\PythonPrograms\analyze_clusters\.venv\lib\site-packages\sklearn\mixture\_base.py:269: ConvergenceWarning: Best performing initialization did not converge. Try different init parameters, or increase max_iter, tol, or check for degenerate data.
  warnings.warn(
[I 2025-07-04 13:53:31,943] A new study created in memory with name: no-name-6531550a-cacb-43ba-a152-dfe9bb4576a5
D:\programs\PythonPrograms\analyze_clusters\.venv\lib\site-packages\sklearn\mixture\_base.py:269: ConvergenceWarning: Best performing initialization did not converge. Try different init parameters, or increase max_iter, tol, or check for degenerate data.
  warnings.warn(
D:\programs\PythonPrograms\analyze_clusters\.venv\lib\site-packages\sklearn\mixture\_base.py:269: ConvergenceWarning: Best performing initialization did not converge. Try different init parameters, or increase max_iter, tol, or check for degenerate data.
  warnings.warn(
D:\programs\PythonPrograms\analyze_clusters\.venv\lib\site-packages\sklearn\mixture\_base.py:269: ConvergenceWarning: Best performing initialization did not converge. Try different init parameters, or increase max_iter, tol, or check for degenerate data.
  warnings.warn(
[I 2025-07-04 13:53:33,150] Trial 0 finished with value: 1.5919558444572444 and parameters: {'n_components': 8}. Best is trial 0 with value: 1.5919558444572444.
D:\programs\PythonPrograms\analyze_clusters\.venv\lib\site-packages\sklearn\mixture\_base.py:269: ConvergenceWarning: Best performing initialization did not converge. Try different init parameters, or increase max_iter, tol, or check for degenerate data.
  warnings.warn(
D:\programs\PythonPrograms\analyze_clusters\.venv\lib\site-packages\sklearn\mixture\_base.py:269: ConvergenceWarning: Best performing initialization did not converge. Try different init parameters, or increase max_iter, tol, or check for degenerate data.
  warnings.warn(
D:\programs\PythonPrograms\analyze_clusters\.venv\lib\site-packages\sklearn\mixture\_base.py:269: ConvergenceWarning: Best performing initialization did not converge. Try different init parameters, or increase max_iter, tol, or check for degenerate data.
  warnings.warn(
[I 2025-07-04 13:53:35,077] Trial 1 finished with value: 1.6305366084076243 and parameters: {'n_components': 10}. Best is trial 1 with value: 1.6305366084076243.
D:\programs\PythonPrograms\analyze_clusters\.venv\lib\site-packages\sklearn\mixture\_base.py:269: ConvergenceWarning: Best performing initialization did not converge. Try different init parameters, or increase max_iter, tol, or check for degenerate data.
  warnings.warn(
D:\programs\PythonPrograms\analyze_clusters\.venv\lib\site-packages\sklearn\mixture\_base.py:269: ConvergenceWarning: Best performing initialization did not converge. Try different init parameters, or increase max_iter, tol, or check for degenerate data.
  warnings.warn(
D:\programs\PythonPrograms\analyze_clusters\.venv\lib\site-packages\sklearn\mixture\_base.py:269: ConvergenceWarning: Best performing initialization did not converge. Try different init parameters, or increase max_iter, tol, or check for degenerate data.
  warnings.warn(
[I 2025-07-04 13:53:36,450] Trial 2 finished with value: 1.5919558444572444 and parameters: {'n_components': 8}. Best is trial 1 with value: 1.6305366084076243.
D:\programs\PythonPrograms\analyze_clusters\.venv\lib\site-packages\sklearn\mixture\_base.py:269: ConvergenceWarning: Best performing initialization did not converge. Try different init parameters, or increase max_iter, tol, or check for degenerate data.
  warnings.warn(
D:\programs\PythonPrograms\analyze_clusters\.venv\lib\site-packages\sklearn\mixture\_base.py:269: ConvergenceWarning: Best performing initialization did not converge. Try different init parameters, or increase max_iter, tol, or check for degenerate data.
  warnings.warn(
D:\programs\PythonPrograms\analyze_clusters\.venv\lib\site-packages\sklearn\mixture\_base.py:269: ConvergenceWarning: Best performing initialization did not converge. Try different init parameters, or increase max_iter, tol, or check for degenerate data.
  warnings.warn(
[I 2025-07-04 13:53:38,381] Trial 3 finished with value: 1.407473512857861 and parameters: {'n_components': 9}. Best is trial 1 with value: 1.6305366084076243.
D:\programs\PythonPrograms\analyze_clusters\.venv\lib\site-packages\sklearn\mixture\_base.py:269: ConvergenceWarning: Best performing initialization did not converge. Try different init parameters, or increase max_iter, tol, or check for degenerate data.
  warnings.warn(
D:\programs\PythonPrograms\analyze_clusters\.venv\lib\site-packages\sklearn\mixture\_base.py:269: ConvergenceWarning: Best performing initialization did not converge. Try different init parameters, or increase max_iter, tol, or check for degenerate data.
  warnings.warn(
D:\programs\PythonPrograms\analyze_clusters\.venv\lib\site-packages\sklearn\mixture\_base.py:269: ConvergenceWarning: Best performing initialization did not converge. Try different init parameters, or increase max_iter, tol, or check for degenerate data.
  warnings.warn(
[I 2025-07-04 13:53:40,302] Trial 4 finished with value: 1.6305366084076243 and parameters: {'n_components': 10}. Best is trial 1 with value: 1.6305366084076243.
D:\programs\PythonPrograms\analyze_clusters\.venv\lib\site-packages\sklearn\mixture\_base.py:269: ConvergenceWarning: Best performing initialization did not converge. Try different init parameters, or increase max_iter, tol, or check for degenerate data.
  warnings.warn(
D:\programs\PythonPrograms\analyze_clusters\.venv\lib\site-packages\sklearn\mixture\_base.py:269: ConvergenceWarning: Best performing initialization did not converge. Try different init parameters, or increase max_iter, tol, or check for degenerate data.
  warnings.warn(
D:\programs\PythonPrograms\analyze_clusters\.venv\lib\site-packages\sklearn\mixture\_base.py:269: ConvergenceWarning: Best performing initialization did not converge. Try different init parameters, or increase max_iter, tol, or check for degenerate data.
  warnings.warn(
[I 2025-07-04 13:53:42,823] Trial 5 finished with value: 1.6305366084076243 and parameters: {'n_components': 10}. Best is trial 1 with value: 1.6305366084076243.
D:\programs\PythonPrograms\analyze_clusters\.venv\lib\site-packages\sklearn\mixture\_base.py:269: ConvergenceWarning: Best performing initialization did not converge. Try different init parameters, or increase max_iter, tol, or check for degenerate data.
  warnings.warn(
D:\programs\PythonPrograms\analyze_clusters\.venv\lib\site-packages\sklearn\mixture\_base.py:269: ConvergenceWarning: Best performing initialization did not converge. Try different init parameters, or increase max_iter, tol, or check for degenerate data.
  warnings.warn(
D:\programs\PythonPrograms\analyze_clusters\.venv\lib\site-packages\sklearn\mixture\_base.py:269: ConvergenceWarning: Best performing initialization did not converge. Try different init parameters, or increase max_iter, tol, or check for degenerate data.
  warnings.warn(
[I 2025-07-04 13:53:44,687] Trial 6 finished with value: 1.6305366084076243 and parameters: {'n_components': 10}. Best is trial 1 with value: 1.6305366084076243.
D:\programs\PythonPrograms\analyze_clusters\.venv\lib\site-packages\sklearn\mixture\_base.py:269: ConvergenceWarning: Best performing initialization did not converge. Try different init parameters, or increase max_iter, tol, or check for degenerate data.
  warnings.warn(
D:\programs\PythonPrograms\analyze_clusters\.venv\lib\site-packages\sklearn\mixture\_base.py:269: ConvergenceWarning: Best performing initialization did not converge. Try different init parameters, or increase max_iter, tol, or check for degenerate data.
  warnings.warn(
D:\programs\PythonPrograms\analyze_clusters\.venv\lib\site-packages\sklearn\mixture\_base.py:269: ConvergenceWarning: Best performing initialization did not converge. Try different init parameters, or increase max_iter, tol, or check for degenerate data.
  warnings.warn(
[I 2025-07-04 13:53:46,124] Trial 7 finished with value: 1.5919558444572444 and parameters: {'n_components': 8}. Best is trial 1 with value: 1.6305366084076243.
D:\programs\PythonPrograms\analyze_clusters\.venv\lib\site-packages\sklearn\mixture\_base.py:269: ConvergenceWarning: Best performing initialization did not converge. Try different init parameters, or increase max_iter, tol, or check for degenerate data.
  warnings.warn(
D:\programs\PythonPrograms\analyze_clusters\.venv\lib\site-packages\sklearn\mixture\_base.py:269: ConvergenceWarning: Best performing initialization did not converge. Try different init parameters, or increase max_iter, tol, or check for degenerate data.
  warnings.warn(
D:\programs\PythonPrograms\analyze_clusters\.venv\lib\site-packages\sklearn\mixture\_base.py:269: ConvergenceWarning: Best performing initialization did not converge. Try different init parameters, or increase max_iter, tol, or check for degenerate data.
  warnings.warn(
[I 2025-07-04 13:53:47,708] Trial 8 finished with value: 1.6305366084076243 and parameters: {'n_components': 10}. Best is trial 1 with value: 1.6305366084076243.
D:\programs\PythonPrograms\analyze_clusters\.venv\lib\site-packages\sklearn\mixture\_base.py:269: ConvergenceWarning: Best performing initialization did not converge. Try different init parameters, or increase max_iter, tol, or check for degenerate data.
  warnings.warn(
D:\programs\PythonPrograms\analyze_clusters\.venv\lib\site-packages\sklearn\mixture\_base.py:269: ConvergenceWarning: Best performing initialization did not converge. Try different init parameters, or increase max_iter, tol, or check for degenerate data.
  warnings.warn(
D:\programs\PythonPrograms\analyze_clusters\.venv\lib\site-packages\sklearn\mixture\_base.py:269: ConvergenceWarning: Best performing initialization did not converge. Try different init parameters, or increase max_iter, tol, or check for degenerate data.
  warnings.warn(
[I 2025-07-04 13:53:49,384] Trial 9 finished with value: 1.6305366084076243 and parameters: {'n_components': 10}. Best is trial 1 with value: 1.6305366084076243.
D:\programs\PythonPrograms\analyze_clusters\.venv\lib\site-packages\sklearn\mixture\_base.py:269: ConvergenceWarning: Best performing initialization did not converge. Try different init parameters, or increase max_iter, tol, or check for degenerate data.
  warnings.warn(
D:\programs\PythonPrograms\analyze_clusters\.venv\lib\site-packages\sklearn\mixture\_base.py:269: ConvergenceWarning: Best performing initialization did not converge. Try different init parameters, or increase max_iter, tol, or check for degenerate data.
  warnings.warn(
D:\programs\PythonPrograms\analyze_clusters\.venv\lib\site-packages\sklearn\mixture\_base.py:269: ConvergenceWarning: Best performing initialization did not converge. Try different init parameters, or increase max_iter, tol, or check for degenerate data.
  warnings.warn(

