CMD: D:\programs\PythonPrograms\analyze_clusters\.venv\Scripts\python.exe GMM.py --alpha 0.2 --beta 0.35 --gamma 0.45 --trials 20
Return code: 0
--- STDOUT ---
All files saved in: D:\algorithm paper\clustering_pre\results\clustered_data\GMM\clustered_clean_rayyan
Program completed in 57.27 sec
[0m
--- STDERR ---
[I 2025-07-04 13:49:58,849] A new study created in memory with name: no-name-2c11e399-45ab-4d1e-8e87-801b4d304c14
D:\programs\PythonPrograms\analyze_clusters\.venv\lib\site-packages\sklearn\mixture\_base.py:269: ConvergenceWarning: Best performing initialization did not converge. Try different init parameters, or increase max_iter, tol, or check for degenerate data.
  warnings.warn(
D:\programs\PythonPrograms\analyze_clusters\.venv\lib\site-packages\sklearn\mixture\_base.py:269: ConvergenceWarning: Best performing initialization did not converge. Try different init parameters, or increase max_iter, tol, or check for degenerate data.
  warnings.warn(
D:\programs\PythonPrograms\analyze_clusters\.venv\lib\site-packages\sklearn\mixture\_base.py:269: ConvergenceWarning: Best performing initialization did not converge. Try different init parameters, or increase max_iter, tol, or check for degenerate data.
  warnings.warn(
D:\programs\PythonPrograms\analyze_clusters\.venv\lib\site-packages\sklearn\mixture\_base.py:269: ConvergenceWarning: Best performing initialization did not converge. Try different init parameters, or increase max_iter, tol, or check for degenerate data.
  warnings.warn(
D:\programs\PythonPrograms\analyze_clusters\.venv\lib\site-packages\sklearn\mixture\_base.py:269: ConvergenceWarning: Best performing initialization did not converge. Try different init parameters, or increase max_iter, tol, or check for degenerate data.
  warnings.warn(
D:\programs\PythonPrograms\analyze_clusters\.venv\lib\site-packages\sklearn\mixture\_base.py:269: ConvergenceWarning: Best performing initialization did not converge. Try different init parameters, or increase max_iter, tol, or check for degenerate data.
  warnings.warn(
D:\programs\PythonPrograms\analyze_clusters\.venv\lib\site-packages\sklearn\mixture\_base.py:269: ConvergenceWarning: Best performing initialization did not converge. Try different init parameters, or increase max_iter, tol, or check for degenerate data.
  warnings.warn(
[I 2025-07-04 13:49:59,300] Trial 0 finished with value: 1.1146071809757827 and parameters: {'n_components': 15, 'cov_type': 'tied'}. Best is trial 0 with value: 1.1146071809757827.
D:\programs\PythonPrograms\analyze_clusters\.venv\lib\site-packages\sklearn\mixture\_base.py:269: ConvergenceWarning: Best performing initialization did not converge. Try different init parameters, or increase max_iter, tol, or check for degenerate data.
  warnings.warn(
D:\programs\PythonPrograms\analyze_clusters\.venv\lib\site-packages\sklearn\mixture\_base.py:269: ConvergenceWarning: Best performing initialization did not converge. Try different init parameters, or increase max_iter, tol, or check for degenerate data.
  warnings.warn(
D:\programs\PythonPrograms\analyze_clusters\.venv\lib\site-packages\sklearn\mixture\_base.py:269: ConvergenceWarning: Best performing initialization did not converge. Try different init parameters, or increase max_iter, tol, or check for degenerate data.
  warnings.warn(
D:\programs\PythonPrograms\analyze_clusters\.venv\lib\site-packages\sklearn\mixture\_base.py:269: ConvergenceWarning: Best performing initialization did not converge. Try different init parameters, or increase max_iter, tol, or check for degenerate data.
  warnings.warn(
D:\programs\PythonPrograms\analyze_clusters\.venv\lib\site-packages\sklearn\mixture\_base.py:269: ConvergenceWarning: Best performing initialization did not converge. Try different init parameters, or increase max_iter, tol, or check for degenerate data.
  warnings.warn(
D:\programs\PythonPrograms\analyze_clusters\.venv\lib\site-packages\sklearn\mixture\_base.py:269: ConvergenceWarning: Best performing initialization did not converge. Try different init parameters, or increase max_iter, tol, or check for degenerate data.
  warnings.warn(
D:\programs\PythonPrograms\analyze_clusters\.venv\lib\site-packages\sklearn\mixture\_base.py:269: ConvergenceWarning: Best performing initialization did not converge. Try different init parameters, or increase max_iter, tol, or check for degenerate data.
  warnings.warn(
D:\programs\PythonPrograms\analyze_clusters\.venv\lib\site-packages\sklearn\mixture\_base.py:269: ConvergenceWarning: Best performing initialization did not converge. Try different init parameters, or increase max_iter, tol, or check for degenerate data.
  warnings.warn(
D:\programs\PythonPrograms\analyze_clusters\.venv\lib\site-packages\sklearn\mixture\_base.py:269: ConvergenceWarning: Best performing initialization did not converge. Try different init parameters, or increase max_iter, tol, or check for degenerate data.
  warnings.warn(
D:\programs\PythonPrograms\analyze_clusters\.venv\lib\site-packages\sklearn\mixture\_base.py:269: ConvergenceWarning: Best performing initialization did not converge. Try different init parameters, or increase max_iter, tol, or check for degenerate data.
  warnings.warn(
D:\programs\PythonPrograms\analyze_clusters\.venv\lib\site-packages\sklearn\mixture\_base.py:269: ConvergenceWarning: Best performing initialization did not converge. Try different init parameters, or increase max_iter, tol, or check for degenerate data.
  warnings.warn(
D:\programs\PythonPrograms\analyze_clusters\.venv\lib\site-packages\sklearn\mixture\_base.py:269: ConvergenceWarning: Best performing initialization did not converge. Try different init parameters, or increase max_iter, tol, or check for degenerate data.
  warnings.warn(
[I 2025-07-04 13:49:59,660] Trial 1 finished with value: 0.698210437024334 and parameters: {'n_components': 13, 'cov_type': 'full'}. Best is trial 0 with value: 1.1146071809757827.
D:\programs\PythonPrograms\analyze_clusters\.venv\lib\site-packages\sklearn\mixture\_base.py:269: ConvergenceWarning: Best performing initialization did not converge. Try different init parameters, or increase max_iter, tol, or check for degenerate data.
  warnings.warn(
D:\programs\PythonPrograms\analyze_clusters\.venv\lib\site-packages\sklearn\mixture\_base.py:269: ConvergenceWarning: Best performing initialization did not converge. Try different init parameters, or increase max_iter, tol, or check for degenerate data.
  warnings.warn(
D:\programs\PythonPrograms\analyze_clusters\.venv\lib\site-packages\sklearn\mixture\_base.py:269: ConvergenceWarning: Best performing initialization did not converge. Try different init parameters, or increase max_iter, tol, or check for degenerate data.
  warnings.warn(
D:\programs\PythonPrograms\analyze_clusters\.venv\lib\site-packages\sklearn\mixture\_base.py:269: ConvergenceWarning: Best performing initialization did not converge. Try different init parameters, or increase max_iter, tol, or check for degenerate data.
  warnings.warn(
D:\programs\PythonPrograms\analyze_clusters\.venv\lib\site-packages\sklearn\mixture\_base.py:269: ConvergenceWarning: Best performing initialization did not converge. Try different init parameters, or increase max_iter, tol, or check for degenerate data.
  warnings.warn(
D:\programs\PythonPrograms\analyze_clusters\.venv\lib\site-packages\sklearn\mixture\_base.py:269: ConvergenceWarning: Best performing initialization did not converge. Try different init parameters, or increase max_iter, tol, or check for degenerate data.
  warnings.warn(
D:\programs\PythonPrograms\analyze_clusters\.venv\lib\site-packages\sklearn\mixture\_base.py:269: ConvergenceWarning: Best performing initialization did not converge. Try different init parameters, or increase max_iter, tol, or check for degenerate data.
  warnings.warn(
D:\programs\PythonPrograms\analyze_clusters\.venv\lib\site-packages\sklearn\mixture\_base.py:269: ConvergenceWarning: Best performing initialization did not converge. Try different init parameters, or increase max_iter, tol, or check for degenerate data.
  warnings.warn(
D:\programs\PythonPrograms\analyze_clusters\.venv\lib\site-packages\sklearn\mixture\_base.py:269: ConvergenceWarning: Best performing initialization did not converge. Try different init parameters, or increase max_iter, tol, or check for degenerate data.
  warnings.warn(
D:\programs\PythonPrograms\analyze_clusters\.venv\lib\site-packages\sklearn\mixture\_base.py:269: ConvergenceWarning: Best performing initialization did not converge. Try different init parameters, or increase max_iter, tol, or check for degenerate data.
  warnings.warn(
D:\programs\PythonPrograms\analyze_clusters\.venv\lib\site-packages\sklearn\mixture\_base.py:269: ConvergenceWarning: Best performing initialization did not converge. Try different init parameters, or increase max_iter, tol, or check for degenerate data.
  warnings.warn(
[I 2025-07-04 13:50:00,382] Trial 2 finished with value: 0.632975822742109 and parameters: {'n_components': 14, 'cov_type': 'full'}. Best is trial 0 with value: 1.1146071809757827.
D:\programs\PythonPrograms\analyze_clusters\.venv\lib\site-packages\sklearn\mixture\_base.py:269: ConvergenceWarning: Best performing initialization did not converge. Try different init parameters, or increase max_iter, tol, or check for degenerate data.
  warnings.warn(
D:\programs\PythonPrograms\analyze_clusters\.venv\lib\site-packages\sklearn\mixture\_base.py:269: ConvergenceWarning: Best performing initialization did not converge. Try different init parameters, or increase max_iter, tol, or check for degenerate data.
  warnings.warn(
D:\programs\PythonPrograms\analyze_clusters\.venv\lib\site-packages\sklearn\mixture\_base.py:269: ConvergenceWarning: Best performing initialization did not converge. Try different init parameters, or increase max_iter, tol, or check for degenerate data.
  warnings.warn(
D:\programs\PythonPrograms\analyze_clusters\.venv\lib\site-packages\sklearn\mixture\_base.py:269: ConvergenceWarning: Best performing initialization did not converge. Try different init parameters, or increase max_iter, tol, or check for degenerate data.
  warnings.warn(
D:\programs\PythonPrograms\analyze_clusters\.venv\lib\site-packages\sklearn\mixture\_base.py:269: ConvergenceWarning: Best performing initialization did not converge. Try different init parameters, or increase max_iter, tol, or check for degenerate data.
  warnings.warn(
D:\programs\PythonPrograms\analyze_clusters\.venv\lib\site-packages\sklearn\mixture\_base.py:269: ConvergenceWarning: Best performing initialization did not converge. Try different init parameters, or increase max_iter, tol, or check for degenerate data.
  warnings.warn(
D:\programs\PythonPrograms\analyze_clusters\.venv\lib\site-packages\sklearn\mixture\_base.py:269: ConvergenceWarning: Best performing initialization did not converge. Try different init parameters, or increase max_iter, tol, or check for degenerate data.
  warnings.warn(
D:\programs\PythonPrograms\analyze_clusters\.venv\lib\site-packages\sklearn\mixture\_base.py:269: ConvergenceWarning: Best performing initialization did not converge. Try different init parameters, or increase max_iter, tol, or check for degenerate data.
  warnings.warn(
D:\programs\PythonPrograms\analyze_clusters\.venv\lib\site-packages\sklearn\mixture\_base.py:269: ConvergenceWarning: Best performing initialization did not converge. Try different init parameters, or increase max_iter, tol, or check for degenerate data.
  warnings.warn(
D:\programs\PythonPrograms\analyze_clusters\.venv\lib\site-packages\sklearn\mixture\_base.py:269: ConvergenceWarning: Best performing initialization did not converge. Try different init parameters, or increase max_iter, tol, or check for degenerate data.
  warnings.warn(
D:\programs\PythonPrograms\analyze_clusters\.venv\lib\site-packages\sklearn\mixture\_base.py:269: ConvergenceWarning: Best performing initialization did not converge. Try different init parameters, or increase max_iter, tol, or check for degenerate data.
  warnings.warn(
D:\programs\PythonPrograms\analyze_clusters\.venv\lib\site-packages\sklearn\mixture\_base.py:269: ConvergenceWarning: Best performing initialization did not converge. Try different init parameters, or increase max_iter, tol, or check for degenerate data.
  warnings.warn(
D:\programs\PythonPrograms\analyze_clusters\.venv\lib\site-packages\sklearn\mixture\_base.py:269: ConvergenceWarning: Best performing initialization did not converge. Try different init parameters, or increase max_iter, tol, or check for degenerate data.
  warnings.warn(
D:\programs\PythonPrograms\analyze_clusters\.venv\lib\site-packages\sklearn\mixture\_base.py:269: ConvergenceWarning: Best performing initialization did not converge. Try different init parameters, or increase max_iter, tol, or check for degenerate data.
  warnings.warn(
D:\programs\PythonPrograms\analyze_clusters\.venv\lib\site-packages\sklearn\mixture\_base.py:269: ConvergenceWarning: Best performing initialization did not converge. Try different init parameters, or increase max_iter, tol, or check for degenerate data.
  warnings.warn(
D:\programs\PythonPrograms\analyze_clusters\.venv\lib\site-packages\sklearn\mixture\_base.py:269: ConvergenceWarning: Best performing initialization did not converge. Try different init parameters, or increase max_iter, tol, or check for degenerate data.
  warnings.warn(
D:\programs\PythonPrograms\analyze_clusters\.venv\lib\site-packages\sklearn\mixture\_base.py:269: ConvergenceWarning: Best performing initialization did not converge. Try different init parameters, or increase max_iter, tol, or check for degenerate data.
  warnings.warn(
[I 2025-07-04 13:50:01,035] Trial 3 finished with value: 0.8836360631323537 and parameters: {'n_components': 9, 'cov_type': 'full'}. Best is trial 0 with value: 1.1146071809757827.
D:\programs\PythonPrograms\analyze_clusters\.venv\lib\site-packages\sklearn\mixture\_base.py:269: ConvergenceWarning: Best performing initialization did not converge. Try different init parameters, or increase max_iter, tol, or check for degenerate data.
  warnings.warn(
D:\programs\PythonPrograms\analyze_clusters\.venv\lib\site-packages\sklearn\mixture\_base.py:269: ConvergenceWarning: Best performing initialization did not converge. Try different init parameters, or increase max_iter, tol, or check for degenerate data.
  warnings.warn(
D:\programs\PythonPrograms\analyze_clusters\.venv\lib\site-packages\sklearn\mixture\_base.py:269: ConvergenceWarning: Best performing initialization did not converge. Try different init parameters, or increase max_iter, tol, or check for degenerate data.
  warnings.warn(
D:\programs\PythonPrograms\analyze_clusters\.venv\lib\site-packages\sklearn\mixture\_base.py:269: ConvergenceWarning: Best performing initialization did not converge. Try different init parameters, or increase max_iter, tol, or check for degenerate data.
  warnings.warn(
D:\programs\PythonPrograms\analyze_clusters\.venv\lib\site-packages\sklearn\mixture\_base.py:269: ConvergenceWarning: Best performing initialization did not converge. Try different init parameters, or increase max_iter, tol, or check for degenerate data.
  warnings.warn(
D:\programs\PythonPrograms\analyze_clusters\.venv\lib\site-packages\sklearn\mixture\_base.py:269: ConvergenceWarning: Best performing initialization did not converge. Try different init parameters, or increase max_iter, tol, or check for degenerate data.
  warnings.warn(
D:\programs\PythonPrograms\analyze_clusters\.venv\lib\site-packages\sklearn\mixture\_base.py:269: ConvergenceWarning: Best performing initialization did not converge. Try different init parameters, or increase max_iter, tol, or check for degenerate data.
  warnings.warn(
D:\programs\PythonPrograms\analyze_clusters\.venv\lib\site-packages\sklearn\mixture\_base.py:269: ConvergenceWarning: Best performing initialization did not converge. Try different init parameters, or increase max_iter, tol, or check for degenerate data.
  warnings.warn(
D:\programs\PythonPrograms\analyze_clusters\.venv\lib\site-packages\sklearn\mixture\_base.py:269: ConvergenceWarning: Best performing initialization did not converge. Try different init parameters, or increase max_iter, tol, or check for degenerate data.
  warnings.warn(
D:\programs\PythonPrograms\analyze_clusters\.venv\lib\site-packages\sklearn\mixture\_base.py:269: ConvergenceWarning: Best performing initialization did not converge. Try different init parameters, or increase max_iter, tol, or check for degenerate data.
  warnings.warn(
[I 2025-07-04 13:50:01,683] Trial 4 finished with value: 0.8822097779138789 and parameters: {'n_components': 8, 'cov_type': 'full'}. Best is trial 0 with value: 1.1146071809757827.
D:\programs\PythonPrograms\analyze_clusters\.venv\lib\site-packages\sklearn\mixture\_base.py:269: ConvergenceWarning: Best performing initialization did not converge. Try different init parameters, or increase max_iter, tol, or check for degenerate data.
  warnings.warn(
D:\programs\PythonPrograms\analyze_clusters\.venv\lib\site-packages\sklearn\mixture\_base.py:269: ConvergenceWarning: Best performing initialization did not converge. Try different init parameters, or increase max_iter, tol, or check for degenerate data.
  warnings.warn(
D:\programs\PythonPrograms\analyze_clusters\.venv\lib\site-packages\sklearn\mixture\_base.py:269: ConvergenceWarning: Best performing initialization did not converge. Try different init parameters, or increase max_iter, tol, or check for degenerate data.
  warnings.warn(
D:\programs\PythonPrograms\analyze_clusters\.venv\lib\site-packages\sklearn\mixture\_base.py:269: ConvergenceWarning: Best performing initialization did not converge. Try different init parameters, or increase max_iter, tol, or check for degenerate data.
  warnings.warn(
D:\programs\PythonPrograms\analyze_clusters\.venv\lib\site-packages\sklearn\mixture\_base.py:269: ConvergenceWarning: Best performing initialization did not converge. Try different init parameters, or increase max_iter, tol, or check for degenerate data.
  warnings.warn(
D:\programs\PythonPrograms\analyze_clusters\.venv\lib\site-packages\sklearn\mixture\_base.py:269: ConvergenceWarning: Best performing initialization did not converge. Try different init parameters, or increase max_iter, tol, or check for degenerate data.
  warnings.warn(
D:\programs\PythonPrograms\analyze_clusters\.venv\lib\site-packages\sklearn\mixture\_base.py:269: ConvergenceWarning: Best performing initialization did not converge. Try different init parameters, or increase max_iter, tol, or check for degenerate data.
  warnings.warn(
[I 2025-07-04 13:50:02,474] Trial 5 finished with value: 0.7600286120636296 and parameters: {'n_components': 15, 'cov_type': 'full'}. Best is trial 0 with value: 1.1146071809757827.
D:\programs\PythonPrograms\analyze_clusters\.venv\lib\site-packages\sklearn\mixture\_base.py:269: ConvergenceWarning: Best performing initialization did not converge. Try different init parameters, or increase max_iter, tol, or check for degenerate data.
  warnings.warn(
D:\programs\PythonPrograms\analyze_clusters\.venv\lib\site-packages\sklearn\mixture\_base.py:269: ConvergenceWarning: Best performing initialization did not converge. Try different init parameters, or increase max_iter, tol, or check for degenerate data.
  warnings.warn(
D:\programs\PythonPrograms\analyze_clusters\.venv\lib\site-packages\sklearn\mixture\_base.py:269: ConvergenceWarning: Best performing initialization did not converge. Try different init parameters, or increase max_iter, tol, or check for degenerate data.
  warnings.warn(
D:\programs\PythonPrograms\analyze_clusters\.venv\lib\site-packages\sklearn\mixture\_base.py:269: ConvergenceWarning: Best performing initialization did not converge. Try different init parameters, or increase max_iter, tol, or check for degenerate data.
  warnings.warn(
D:\programs\PythonPrograms\analyze_clusters\.venv\lib\site-packages\sklearn\mixture\_base.py:269: ConvergenceWarning: Best performing initialization did not converge. Try different init parameters, or increase max_iter, tol, or check for degenerate data.
  warnings.warn(
D:\programs\PythonPrograms\analyze_clusters\.venv\lib\site-packages\sklearn\mixture\_base.py:269: ConvergenceWarning: Best performing initialization did not converge. Try different init parameters, or increase max_iter, tol, or check for degenerate data.
  warnings.warn(
D:\programs\PythonPrograms\analyze_clusters\.venv\lib\site-packages\sklearn\mixture\_base.py:269: ConvergenceWarning: Best performing initialization did not converge. Try different init parameters, or increase max_iter, tol, or check for degenerate data.
  warnings.warn(
D:\programs\PythonPrograms\analyze_clusters\.venv\lib\site-packages\sklearn\mixture\_base.py:269: ConvergenceWarning: Best performing initialization did not converge. Try different init parameters, or increase max_iter, tol, or check for degenerate data.
  warnings.warn(
[I 2025-07-04 13:50:02,948] Trial 6 finished with value: 1.226534009936552 and parameters: {'n_components': 19, 'cov_type': 'tied'}. Best is trial 6 with value: 1.226534009936552.
D:\programs\PythonPrograms\analyze_clusters\.venv\lib\site-packages\sklearn\mixture\_base.py:269: ConvergenceWarning: Best performing initialization did not converge. Try different init parameters, or increase max_iter, tol, or check for degenerate data.
  warnings.warn(
D:\programs\PythonPrograms\analyze_clusters\.venv\lib\site-packages\sklearn\mixture\_base.py:269: ConvergenceWarning: Best performing initialization did not converge. Try different init parameters, or increase max_iter, tol, or check for degenerate data.
  warnings.warn(
D:\programs\PythonPrograms\analyze_clusters\.venv\lib\site-packages\sklearn\mixture\_base.py:269: ConvergenceWarning: Best performing initialization did not converge. Try different init parameters, or increase max_iter, tol, or check for degenerate data.
  warnings.warn(
D:\programs\PythonPrograms\analyze_clusters\.venv\lib\site-packages\sklearn\mixture\_base.py:269: ConvergenceWarning: Best performing initialization did not converge. Try different init parameters, or increase max_iter, tol, or check for degenerate data.
  warnings.warn(
D:\programs\PythonPrograms\analyze_clusters\.venv\lib\site-packages\sklearn\mixture\_base.py:269: ConvergenceWarning: Best performing initialization did not converge. Try different init parameters, or increase max_iter, tol, or check for degenerate data.
  warnings.warn(
D:\programs\PythonPrograms\analyze_clusters\.venv\lib\site-packages\sklearn\mixture\_base.py:269: ConvergenceWarning: Best performing initialization did not converge. Try different init parameters, or increase max_iter, tol, or check for degenerate data.
  warnings.warn(
D:\programs\PythonPrograms\analyze_clusters\.venv\lib\site-packages\sklearn\mixture\_base.py:269: ConvergenceWarning: Best performing initialization did not converge. Try different init parameters, or increase max_iter, tol, or check for degenerate data.
  warnings.warn(
[I 2025-07-04 13:50:03,516] Trial 7 finished with value: 1.1146071809757827 and parameters: {'n_components': 15, 'cov_type': 'tied'}. Best is trial 6 with value: 1.226534009936552.
D:\programs\PythonPrograms\analyze_clusters\.venv\lib\site-packages\sklearn\mixture\_base.py:269: ConvergenceWarning: Best performing initialization did not converge. Try different init parameters, or increase max_iter, tol, or check for degenerate data.
  warnings.warn(
D:\programs\PythonPrograms\analyze_clusters\.venv\lib\site-packages\sklearn\mixture\_base.py:269: ConvergenceWarning: Best performing initialization did not converge. Try different init parameters, or increase max_iter, tol, or check for degenerate data.
  warnings.warn(
D:\programs\PythonPrograms\analyze_clusters\.venv\lib\site-packages\sklearn\mixture\_base.py:269: ConvergenceWarning: Best performing initialization did not converge. Try different init parameters, or increase max_iter, tol, or check for degenerate data.
  warnings.warn(
D:\programs\PythonPrograms\analyze_clusters\.venv\lib\site-packages\sklearn\mixture\_base.py:269: ConvergenceWarning: Best performing initialization did not converge. Try different init parameters, or increase max_iter, tol, or check for degenerate data.
  warnings.warn(
D:\programs\PythonPrograms\analyze_clusters\.venv\lib\site-packages\sklearn\mixture\_base.py:269: ConvergenceWarning: Best performing initialization did not converge. Try different init parameters, or increase max_iter, tol, or check for degenerate data.
  warnings.warn(
D:\programs\PythonPrograms\analyze_clusters\.venv\lib\site-packages\sklearn\mixture\_base.py:269: ConvergenceWarning: Best performing initialization did not converge. Try different init parameters, or increase max_iter, tol, or check for degenerate data.
  warnings.warn(
D:\programs\PythonPrograms\analyze_clusters\.venv\lib\site-packages\sklearn\mixture\_base.py:269: ConvergenceWarning: Best performing initialization did not converge. Try different init parameters, or increase max_iter, tol, or check for degenerate data.
  warnings.warn(
D:\programs\PythonPrograms\analyze_clusters\.venv\lib\site-packages\sklearn\mixture\_base.py:269: ConvergenceWarning: Best performing initialization did not converge. Try different init parameters, or increase max_iter, tol, or check for degenerate data.
  warnings.warn(
D:\programs\PythonPrograms\analyze_clusters\.venv\lib\site-packages\sklearn\mixture\_base.py:269: ConvergenceWarning: Best performing initialization did not converge. Try different init parameters, or increase max_iter, tol, or check for degenerate data.
  warnings.warn(
D:\programs\PythonPrograms\analyze_clusters\.venv\lib\site-packages\sklearn\mixture\_base.py:269: ConvergenceWarning: Best performing initialization did not converge. Try different init parameters, or increase max_iter, tol, or check for degenerate data.
  warnings.warn(
D:\programs\PythonPrograms\analyze_clusters\.venv\lib\site-packages\sklearn\mixture\_base.py:269: ConvergenceWarning: Best performing initialization did not converge. Try different init parameters, or increase max_iter, tol, or check for degenerate data.
  warnings.warn(
D:\programs\PythonPrograms\analyze_clusters\.venv\lib\site-packages\sklearn\mixture\_base.py:269: ConvergenceWarning: Best performing initialization did not converge. Try different init parameters, or increase max_iter, tol, or check for degenerate data.
  warnings.warn(
D:\programs\PythonPrograms\analyze_clusters\.venv\lib\site-packages\sklearn\mixture\_base.py:269: ConvergenceWarning: Best performing initialization did not converge. Try different init parameters, or increase max_iter, tol, or check for degenerate data.
  warnings.warn(
D:\programs\PythonPrograms\analyze_clusters\.venv\lib\site-packages\sklearn\mixture\_base.py:269: ConvergenceWarning: Best performing initialization did not converge. Try different init parameters, or increase max_iter, tol, or check for degenerate data.
  warnings.warn(
D:\programs\PythonPrograms\analyze_clusters\.venv\lib\site-packages\sklearn\mixture\_base.py:269: ConvergenceWarning: Best performing initialization did not converge. Try different init parameters, or increase max_iter, tol, or check for degenerate data.
  warnings.warn(
D:\programs\PythonPrograms\analyze_clusters\.venv\lib\site-packages\sklearn\mixture\_base.py:269: ConvergenceWarning: Best performing initialization did not converge. Try different init parameters, or increase max_iter, tol, or check for degenerate data.
  warnings.warn(
D:\programs\PythonPrograms\analyze_clusters\.venv\lib\site-packages\sklearn\mixture\_base.py:269: ConvergenceWarning: Best performing initialization did not converge. Try different init parameters, or increase max_iter, tol, or check for degenerate data.
  warnings.warn(
[I 2025-07-04 13:50:04,187] Trial 8 finished with value: 0.5349311116542904 and parameters: {'n_components': 7, 'cov_type': 'spherical'}. Best is trial 6 with value: 1.226534009936552.
D:\programs\PythonPrograms\analyze_clusters\.venv\lib\site-packages\sklearn\mixture\_base.py:269: ConvergenceWarning: Best performing initialization did not converge. Try different init parameters, or increase max_iter, tol, or check for degenerate data.
  warnings.warn(
D:\programs\PythonPrograms\analyze_clusters\.venv\lib\site-packages\sklearn\mixture\_base.py:269: ConvergenceWarning: Best performing initialization did not converge. Try different init parameters, or increase max_iter, tol, or check for degenerate data.
  warnings.warn(
D:\programs\PythonPrograms\analyze_clusters\.venv\lib\site-packages\sklearn\mixture\_base.py:269: ConvergenceWarning: Best performing initialization did not converge. Try different init parameters, or increase max_iter, tol, or check for degenerate data.
  warnings.warn(
D:\programs\PythonPrograms\analyze_clusters\.venv\lib\site-packages\sklearn\mixture\_base.py:269: ConvergenceWarning: Best performing initialization did not converge. Try different init parameters, or increase max_iter, tol, or check for degenerate data.
  warnings.warn(
D:\programs\PythonPrograms\analyze_clusters\.venv\lib\site-packages\sklearn\mixture\_base.py:269: ConvergenceWarning: Best performing initialization did not converge. Try different init parameters, or increase max_iter, tol, or check for degenerate data.
  warnings.warn(
D:\programs\PythonPrograms\analyze_clusters\.venv\lib\site-packages\sklearn\mixture\_base.py:269: ConvergenceWarning: Best performing initialization did not converge. Try different init parameters, or increase max_iter, tol, or check for degenerate data.
  warnings.warn(
D:\programs\PythonPrograms\analyze_clusters\.venv\lib\site-packages\sklearn\mixture\_base.py:269: ConvergenceWarning: Best performing initialization did not converge. Try different init parameters, or increase max_iter, tol, or check for degenerate data.
  warnings.warn(
D:\programs\PythonPrograms\analyze_clusters\.venv\lib\site-packages\sklearn\mixture\_base.py:269: ConvergenceWarning: Best performing initialization did not converge. Try different init parameters, or increase max_iter, tol, or check for degenerate data.
  warnings.warn(
D:\programs\PythonPrograms\analyze_clusters\.venv\lib\site-packages\sklearn\mixture\_base.py:269: ConvergenceWarning: Best performing initialization did not converge. Try different init parameters, or increase max_iter, tol, or check for degenerate data.
  warnings.warn(
D:\programs\PythonPrograms\analyze_clusters\.venv\lib\site-packages\sklearn\mixture\_base.py:269: ConvergenceWarning: Best performing initialization did not converge. Try different init parameters, or increase max_iter, tol, or check for degenerate data.
  warnings.warn(
D:\programs\PythonPrograms\analyze_clusters\.venv\lib\site-packages\sklearn\mixture\_base.py:269: ConvergenceWarning: Best performing initialization did not converge. Try different init parameters, or increase max_iter, tol, or check for degenerate data.
  warnings.warn(
[I 2025-07-04 13:50:05,916] Trial 9 finished with value: 0.7467681197234111 and parameters: {'n_components': 15, 'cov_type': 'diag'}. Best is trial 6 with value: 1.226534009936552.
D:\programs\PythonPrograms\analyze_clusters\.venv\lib\site-packages\sklearn\mixture\_base.py:269: ConvergenceWarning: Best performing initialization did not converge. Try different init parameters, or increase max_iter, tol, or check for degenerate data.
  warnings.warn(
D:\programs\PythonPrograms\analyze_clusters\.venv\lib\site-packages\sklearn\mixture\_base.py:269: ConvergenceWarning: Best performing initialization did not converge. Try different init parameters, or increase max_iter, tol, or check for degenerate data.
  warnings.warn(
D:\programs\PythonPrograms\analyze_clusters\.venv\lib\site-packages\sklearn\mixture\_base.py:269: ConvergenceWarning: Best performing initialization did not converge. Try different init parameters, or increase max_iter, tol, or check for degenerate data.
  warnings.warn(
D:\programs\PythonPrograms\analyze_clusters\.venv\lib\site-packages\sklearn\mixture\_base.py:269: ConvergenceWarning: Best performing initialization did not converge. Try different init parameters, or increase max_iter, tol, or check for degenerate data.
  warnings.warn(
D:\programs\PythonPrograms\analyze_clusters\.venv\lib\site-packages\sklearn\mixture\_base.py:269: ConvergenceWarning: Best performing initialization did not converge. Try different init parameters, or increase max_iter, tol, or check for degenerate data.
  warnings.warn(
D:\programs\PythonPrograms\analyze_clusters\.venv\lib\site-packages\sklearn\mixture\_base.py:269: ConvergenceWarning: Best performing initialization did not converge. Try different init parameters, or increase max_iter, tol, or check for degenerate data.
  warnings.warn(
D:\programs\PythonPrograms\analyze_clusters\.venv\lib\site-packages\sklearn\mixture\_base.py:269: ConvergenceWarning: Best performing initialization did not converge. Try different init parameters, or increase max_iter, tol, or check for degenerate data.
  warnings.warn(
D:\programs\PythonPrograms\analyze_clusters\.venv\lib\site-packages\sklearn\mixture\_base.py:269: ConvergenceWarning: Best performing initialization did not converge. Try different init parameters, or increase max_iter, tol, or check for degenerate data.
  warnings.warn(
[I 2025-07-04 13:50:07,767] Trial 10 finished with value: 1.226534009936552 and parameters: {'n_components': 19, 'cov_type': 'tied'}. Best is trial 6 with value: 1.226534009936552.
D:\programs\PythonPrograms\analyze_clusters\.venv\lib\site-packages\sklearn\mixture\_base.py:269: ConvergenceWarning: Best performing initialization did not converge. Try different init parameters, or increase max_iter, tol, or check for degenerate data.
  warnings.warn(
D:\programs\PythonPrograms\analyze_clusters\.venv\lib\site-packages\sklearn\mixture\_base.py:269: ConvergenceWarning: Best performing initialization did not converge. Try different init parameters, or increase max_iter, tol, or check for degenerate data.
  warnings.warn(
D:\programs\PythonPrograms\analyze_clusters\.venv\lib\site-packages\sklearn\mixture\_base.py:269: ConvergenceWarning: Best performing initialization did not converge. Try different init parameters, or increase max_iter, tol, or check for degenerate data.
  warnings.warn(
D:\programs\PythonPrograms\analyze_clusters\.venv\lib\site-packages\sklearn\mixture\_base.py:269: ConvergenceWarning: Best performing initialization did not converge. Try different init parameters, or increase max_iter, tol, or check for degenerate data.
  warnings.warn(
D:\programs\PythonPrograms\analyze_clusters\.venv\lib\site-packages\sklearn\mixture\_base.py:269: ConvergenceWarning: Best performing initialization did not converge. Try different init parameters, or increase max_iter, tol, or check for degenerate data.
  warnings.warn(
D:\programs\PythonPrograms\analyze_clusters\.venv\lib\site-packages\sklearn\mixture\_base.py:269: ConvergenceWarning: Best performing initialization did not converge. Try different init parameters, or increase max_iter, tol, or check for degenerate data.
  warnings.warn(
D:\programs\PythonPrograms\analyze_clusters\.venv\lib\site-packages\sklearn\mixture\_base.py:269: ConvergenceWarning: Best performing initialization did not converge. Try different init parameters, or increase max_iter, tol, or check for degenerate data.
  warnings.warn(
D:\programs\PythonPrograms\analyze_clusters\.venv\lib\site-packages\sklearn\mixture\_base.py:269: ConvergenceWarning: Best performing initialization did not converge. Try different init parameters, or increase max_iter, tol, or check for degenerate data.
  warnings.warn(
[I 2025-07-04 13:50:10,080] Trial 11 finished with value: 1.226534009936552 and parameters: {'n_components': 19, 'cov_type': 'tied'}. Best is trial 6 with value: 1.226534009936552.
D:\programs\PythonPrograms\analyze_clusters\.venv\lib\site-packages\sklearn\mixture\_base.py:269: ConvergenceWarning: Best performing initialization did not converge. Try different init parameters, or increase max_iter, tol, or check for degenerate data.
  warnings.warn(
D:\programs\PythonPrograms\analyze_clusters\.venv\lib\site-packages\sklearn\mixture\_base.py:269: ConvergenceWarning: Best performing initialization did not converge. Try different init parameters, or increase max_iter, tol, or check for degenerate data.
  warnings.warn(
D:\programs\PythonPrograms\analyze_clusters\.venv\lib\site-packages\sklearn\mixture\_base.py:269: ConvergenceWarning: Best performing initialization did not converge. Try different init parameters, or increase max_iter, tol, or check for degenerate data.
  warnings.warn(
D:\programs\PythonPrograms\analyze_clusters\.venv\lib\site-packages\sklearn\mixture\_base.py:269: ConvergenceWarning: Best performing initialization did not converge. Try different init parameters, or increase max_iter, tol, or check for degenerate data.
  warnings.warn(
D:\programs\PythonPrograms\analyze_clusters\.venv\lib\site-packages\sklearn\mixture\_base.py:269: ConvergenceWarning: Best performing initialization did not converge. Try different init parameters, or increase max_iter, tol, or check for degenerate data.
  warnings.warn(
D:\programs\PythonPrograms\analyze_clusters\.venv\lib\site-packages\sklearn\mixture\_base.py:269: ConvergenceWarning: Best performing initialization did not converge. Try different init parameters, or increase max_iter, tol, or check for degenerate data.
  warnings.warn(
D:\programs\PythonPrograms\analyze_clusters\.venv\lib\site-packages\sklearn\mixture\_base.py:269: ConvergenceWarning: Best performing initialization did not converge. Try different init parameters, or increase max_iter, tol, or check for degenerate data.
  warnings.warn(
D:\programs\PythonPrograms\analyze_clusters\.venv\lib\site-packages\sklearn\mixture\_base.py:269: ConvergenceWarning: Best performing initialization did not converge. Try different init parameters, or increase max_iter, tol, or check for degenerate data.
  warnings.warn(
[I 2025-07-04 13:50:11,743] Trial 12 finished with value: 1.226534009936552 and parameters: {'n_components': 19, 'cov_type': 'tied'}. Best is trial 6 with value: 1.226534009936552.
D:\programs\PythonPrograms\analyze_clusters\.venv\lib\site-packages\sklearn\mixture\_base.py:269: ConvergenceWarning: Best performing initialization did not converge. Try different init parameters, or increase max_iter, tol, or check for degenerate data.
  warnings.warn(
D:\programs\PythonPrograms\analyze_clusters\.venv\lib\site-packages\sklearn\mixture\_base.py:269: ConvergenceWarning: Best performing initialization did not converge. Try different init parameters, or increase max_iter, tol, or check for degenerate data.
  warnings.warn(
D:\programs\PythonPrograms\analyze_clusters\.venv\lib\site-packages\sklearn\mixture\_base.py:269: ConvergenceWarning: Best performing initialization did not converge. Try different init parameters, or increase max_iter, tol, or check for degenerate data.
  warnings.warn(
D:\programs\PythonPrograms\analyze_clusters\.venv\lib\site-packages\sklearn\mixture\_base.py:269: ConvergenceWarning: Best performing initialization did not converge. Try different init parameters, or increase max_iter, tol, or check for degenerate data.
  warnings.warn(
D:\programs\PythonPrograms\analyze_clusters\.venv\lib\site-packages\sklearn\mixture\_base.py:269: ConvergenceWarning: Best performing initialization did not converge. Try different init parameters, or increase max_iter, tol, or check for degenerate data.
  warnings.warn(
D:\programs\PythonPrograms\analyze_clusters\.venv\lib\site-packages\sklearn\mixture\_base.py:269: ConvergenceWarning: Best performing initialization did not converge. Try different init parameters, or increase max_iter, tol, or check for degenerate data.
  warnings.warn(
D:\programs\PythonPrograms\analyze_clusters\.venv\lib\site-packages\sklearn\mixture\_base.py:269: ConvergenceWarning: Best performing initialization did not converge. Try different init parameters, or increase max_iter, tol, or check for degenerate data.
  warnings.warn(
D:\programs\PythonPrograms\analyze_clusters\.venv\lib\site-packages\sklearn\mixture\_base.py:269: ConvergenceWarning: Best performing initialization did not converge. Try different init parameters, or increase max_iter, tol, or check for degenerate data.
  warnings.warn(
[I 2025-07-04 13:50:13,742] Trial 13 finished with value: 1.180653067646588 and parameters: {'n_components': 18, 'cov_type': 'tied'}. Best is trial 6 with value: 1.226534009936552.
D:\programs\PythonPrograms\analyze_clusters\.venv\lib\site-packages\sklearn\mixture\_base.py:269: ConvergenceWarning: Best performing initialization did not converge. Try different init parameters, or increase max_iter, tol, or check for degenerate data.
  warnings.warn(
D:\programs\PythonPrograms\analyze_clusters\.venv\lib\site-packages\sklearn\mixture\_base.py:269: ConvergenceWarning: Best performing initialization did not converge. Try different init parameters, or increase max_iter, tol, or check for degenerate data.
  warnings.warn(
D:\programs\PythonPrograms\analyze_clusters\.venv\lib\site-packages\sklearn\mixture\_base.py:269: ConvergenceWarning: Best performing initialization did not converge. Try different init parameters, or increase max_iter, tol, or check for degenerate data.
  warnings.warn(
D:\programs\PythonPrograms\analyze_clusters\.venv\lib\site-packages\sklearn\mixture\_base.py:269: ConvergenceWarning: Best performing initialization did not converge. Try different init parameters, or increase max_iter, tol, or check for degenerate data.
  warnings.warn(
D:\programs\PythonPrograms\analyze_clusters\.venv\lib\site-packages\sklearn\mixture\_base.py:269: ConvergenceWarning: Best performing initialization did not converge. Try different init parameters, or increase max_iter, tol, or check for degenerate data.
  warnings.warn(
D:\programs\PythonPrograms\analyze_clusters\.venv\lib\site-packages\sklearn\mixture\_base.py:269: ConvergenceWarning: Best performing initialization did not converge. Try different init parameters, or increase max_iter, tol, or check for degenerate data.
  warnings.warn(
D:\programs\PythonPrograms\analyze_clusters\.venv\lib\site-packages\sklearn\mixture\_base.py:269: ConvergenceWarning: Best performing initialization did not converge. Try different init parameters, or increase max_iter, tol, or check for degenerate data.
  warnings.warn(
D:\programs\PythonPrograms\analyze_clusters\.venv\lib\site-packages\sklearn\mixture\_base.py:269: ConvergenceWarning: Best performing initialization did not converge. Try different init parameters, or increase max_iter, tol, or check for degenerate data.
  warnings.warn(
D:\programs\PythonPrograms\analyze_clusters\.venv\lib\site-packages\sklearn\mixture\_base.py:269: ConvergenceWarning: Best performing initialization did not converge. Try different init parameters, or increase max_iter, tol, or check for degenerate data.
  warnings.warn(
D:\programs\PythonPrograms\analyze_clusters\.venv\lib\site-packages\sklearn\mixture\_base.py:269: ConvergenceWarning: Best performing initialization did not converge. Try different init parameters, or increase max_iter, tol, or check for degenerate data.
  warnings.warn(
D:\programs\PythonPrograms\analyze_clusters\.venv\lib\site-packages\sklearn\mixture\_base.py:269: ConvergenceWarning: Best performing initialization did not converge. Try different init parameters, or increase max_iter, tol, or check for degenerate data.
  warnings.warn(
D:\programs\PythonPrograms\analyze_clusters\.venv\lib\site-packages\sklearn\mixture\_base.py:269: ConvergenceWarning: Best performing initialization did not converge. Try different init parameters, or increase max_iter, tol, or check for degenerate data.
  warnings.warn(
D:\programs\PythonPrograms\analyze_clusters\.venv\lib\site-packages\sklearn\mixture\_base.py:269: ConvergenceWarning: Best performing initialization did not converge. Try different init parameters, or increase max_iter, tol, or check for degenerate data.
  warnings.warn(
D:\programs\PythonPrograms\analyze_clusters\.venv\lib\site-packages\sklearn\mixture\_base.py:269: ConvergenceWarning: Best performing initialization did not converge. Try different init parameters, or increase max_iter, tol, or check for degenerate data.
  warnings.warn(
D:\programs\PythonPrograms\analyze_clusters\.venv\lib\site-packages\sklearn\mixture\_base.py:269: ConvergenceWarning: Best performing initialization did not converge. Try different init parameters, or increase max_iter, tol, or check for degenerate data.
  warnings.warn(
D:\programs\PythonPrograms\analyze_clusters\.venv\lib\site-packages\sklearn\mixture\_base.py:269: ConvergenceWarning: Best performing initialization did not converge. Try different init parameters, or increase max_iter, tol, or check for degenerate data.
  warnings.warn(
D:\programs\PythonPrograms\analyze_clusters\.venv\lib\site-packages\sklearn\mixture\_base.py:269: ConvergenceWarning: Best performing initialization did not converge. Try different init parameters, or increase max_iter, tol, or check for degenerate data.
  warnings.warn(
[I 2025-07-04 13:50:15,918] Trial 14 finished with value: 1.0307296003836321 and parameters: {'n_components': 11, 'cov_type': 'spherical'}. Best is trial 6 with value: 1.226534009936552.
D:\programs\PythonPrograms\analyze_clusters\.venv\lib\site-packages\sklearn\mixture\_base.py:269: ConvergenceWarning: Best performing initialization did not converge. Try different init parameters, or increase max_iter, tol, or check for degenerate data.
  warnings.warn(
D:\programs\PythonPrograms\analyze_clusters\.venv\lib\site-packages\sklearn\mixture\_base.py:269: ConvergenceWarning: Best performing initialization did not converge. Try different init parameters, or increase max_iter, tol, or check for degenerate data.
  warnings.warn(
D:\programs\PythonPrograms\analyze_clusters\.venv\lib\site-packages\sklearn\mixture\_base.py:269: ConvergenceWarning: Best performing initialization did not converge. Try different init parameters, or increase max_iter, tol, or check for degenerate data.
  warnings.warn(
D:\programs\PythonPrograms\analyze_clusters\.venv\lib\site-packages\sklearn\mixture\_base.py:269: ConvergenceWarning: Best performing initialization did not converge. Try different init parameters, or increase max_iter, tol, or check for degenerate data.
  warnings.warn(
D:\programs\PythonPrograms\analyze_clusters\.venv\lib\site-packages\sklearn\mixture\_base.py:269: ConvergenceWarning: Best performing initialization did not converge. Try different init parameters, or increase max_iter, tol, or check for degenerate data.
  warnings.warn(
D:\programs\PythonPrograms\analyze_clusters\.venv\lib\site-packages\sklearn\mixture\_base.py:269: ConvergenceWarning: Best performing initialization did not converge. Try different init parameters, or increase max_iter, tol, or check for degenerate data.
  warnings.warn(
D:\programs\PythonPrograms\analyze_clusters\.venv\lib\site-packages\sklearn\mixture\_base.py:269: ConvergenceWarning: Best performing initialization did not converge. Try different init parameters, or increase max_iter, tol, or check for degenerate data.
  warnings.warn(
D:\programs\PythonPrograms\analyze_clusters\.venv\lib\site-packages\sklearn\mixture\_base.py:269: ConvergenceWarning: Best performing initialization did not converge. Try different init parameters, or increase max_iter, tol, or check for degenerate data.
  warnings.warn(
[I 2025-07-04 13:50:17,274] Trial 15 finished with value: 0.6275389872028391 and parameters: {'n_components': 5, 'cov_type': 'diag'}. Best is trial 6 with value: 1.226534009936552.
D:\programs\PythonPrograms\analyze_clusters\.venv\lib\site-packages\sklearn\mixture\_base.py:269: ConvergenceWarning: Best performing initialization did not converge. Try different init parameters, or increase max_iter, tol, or check for degenerate data.
  warnings.warn(
D:\programs\PythonPrograms\analyze_clusters\.venv\lib\site-packages\sklearn\mixture\_base.py:269: ConvergenceWarning: Best performing initialization did not converge. Try different init parameters, or increase max_iter, tol, or check for degenerate data.
  warnings.warn(
D:\programs\PythonPrograms\analyze_clusters\.venv\lib\site-packages\sklearn\mixture\_base.py:269: ConvergenceWarning: Best performing initialization did not converge. Try different init parameters, or increase max_iter, tol, or check for degenerate data.
  warnings.warn(
D:\programs\PythonPrograms\analyze_clusters\.venv\lib\site-packages\sklearn\mixture\_base.py:269: ConvergenceWarning: Best performing initialization did not converge. Try different init parameters, or increase max_iter, tol, or check for degenerate data.
  warnings.warn(
D:\programs\PythonPrograms\analyze_clusters\.venv\lib\site-packages\sklearn\mixture\_base.py:269: ConvergenceWarning: Best performing initialization did not converge. Try different init parameters, or increase max_iter, tol, or check for degenerate data.
  warnings.warn(
D:\programs\PythonPrograms\analyze_clusters\.venv\lib\site-packages\sklearn\mixture\_base.py:269: ConvergenceWarning: Best performing initialization did not converge. Try different init parameters, or increase max_iter, tol, or check for degenerate data.
  warnings.warn(
D:\programs\PythonPrograms\analyze_clusters\.venv\lib\site-packages\sklearn\mixture\_base.py:269: ConvergenceWarning: Best performing initialization did not converge. Try different init parameters, or increase max_iter, tol, or check for degenerate data.
  warnings.warn(
D:\programs\PythonPrograms\analyze_clusters\.venv\lib\site-packages\sklearn\mixture\_base.py:269: ConvergenceWarning: Best performing initialization did not converge. Try different init parameters, or increase max_iter, tol, or check for degenerate data.
  warnings.warn(
[I 2025-07-04 13:50:18,957] Trial 16 finished with value: 1.1464566388554576 and parameters: {'n_components': 17, 'cov_type': 'tied'}. Best is trial 6 with value: 1.226534009936552.
D:\programs\PythonPrograms\analyze_clusters\.venv\lib\site-packages\sklearn\mixture\_base.py:269: ConvergenceWarning: Best performing initialization did not converge. Try different init parameters, or increase max_iter, tol, or check for degenerate data.
  warnings.warn(
D:\programs\PythonPrograms\analyze_clusters\.venv\lib\site-packages\sklearn\mixture\_base.py:269: ConvergenceWarning: Best performing initialization did not converge. Try different init parameters, or increase max_iter, tol, or check for degenerate data.
  warnings.warn(
D:\programs\PythonPrograms\analyze_clusters\.venv\lib\site-packages\sklearn\mixture\_base.py:269: ConvergenceWarning: Best performing initialization did not converge. Try different init parameters, or increase max_iter, tol, or check for degenerate data.
  warnings.warn(
D:\programs\PythonPrograms\analyze_clusters\.venv\lib\site-packages\sklearn\mixture\_base.py:269: ConvergenceWarning: Best performing initialization did not converge. Try different init parameters, or increase max_iter, tol, or check for degenerate data.
  warnings.warn(
D:\programs\PythonPrograms\analyze_clusters\.venv\lib\site-packages\sklearn\mixture\_base.py:269: ConvergenceWarning: Best performing initialization did not converge. Try different init parameters, or increase max_iter, tol, or check for degenerate data.
  warnings.warn(
D:\programs\PythonPrograms\analyze_clusters\.venv\lib\site-packages\sklearn\mixture\_base.py:269: ConvergenceWarning: Best performing initialization did not converge. Try different init parameters, or increase max_iter, tol, or check for degenerate data.
  warnings.warn(
D:\programs\PythonPrograms\analyze_clusters\.venv\lib\site-packages\sklearn\mixture\_base.py:269: ConvergenceWarning: Best performing initialization did not converge. Try different init parameters, or increase max_iter, tol, or check for degenerate data.
  warnings.warn(
D:\programs\PythonPrograms\analyze_clusters\.venv\lib\site-packages\sklearn\mixture\_base.py:269: ConvergenceWarning: Best performing initialization did not converge. Try different init parameters, or increase max_iter, tol, or check for degenerate data.
  warnings.warn(
[I 2025-07-04 13:50:20,464] Trial 17 finished with value: 1.1464566388554576 and parameters: {'n_components': 17, 'cov_type': 'tied'}. Best is trial 6 with value: 1.226534009936552.
D:\programs\PythonPrograms\analyze_clusters\.venv\lib\site-packages\sklearn\mixture\_base.py:269: ConvergenceWarning: Best performing initialization did not converge. Try different init parameters, or increase max_iter, tol, or check for degenerate data.
  warnings.warn(
D:\programs\PythonPrograms\analyze_clusters\.venv\lib\site-packages\sklearn\mixture\_base.py:269: ConvergenceWarning: Best performing initialization did not converge. Try different init parameters, or increase max_iter, tol, or check for degenerate data.
  warnings.warn(
D:\programs\PythonPrograms\analyze_clusters\.venv\lib\site-packages\sklearn\mixture\_base.py:269: ConvergenceWarning: Best performing initialization did not converge. Try different init parameters, or increase max_iter, tol, or check for degenerate data.
  warnings.warn(
[I 2025-07-04 13:50:21,826] Trial 18 finished with value: 1.2876541232743095 and parameters: {'n_components': 11, 'cov_type': 'tied'}. Best is trial 18 with value: 1.2876541232743095.
D:\programs\PythonPrograms\analyze_clusters\.venv\lib\site-packages\sklearn\mixture\_base.py:269: ConvergenceWarning: Best performing initialization did not converge. Try different init parameters, or increase max_iter, tol, or check for degenerate data.
  warnings.warn(
D:\programs\PythonPrograms\analyze_clusters\.venv\lib\site-packages\sklearn\mixture\_base.py:269: ConvergenceWarning: Best performing initialization did not converge. Try different init parameters, or increase max_iter, tol, or check for degenerate data.
  warnings.warn(
D:\programs\PythonPrograms\analyze_clusters\.venv\lib\site-packages\sklearn\mixture\_base.py:269: ConvergenceWarning: Best performing initialization did not converge. Try different init parameters, or increase max_iter, tol, or check for degenerate data.
  warnings.warn(
D:\programs\PythonPrograms\analyze_clusters\.venv\lib\site-packages\sklearn\mixture\_base.py:269: ConvergenceWarning: Best performing initialization did not converge. Try different init parameters, or increase max_iter, tol, or check for degenerate data.
  warnings.warn(
D:\programs\PythonPrograms\analyze_clusters\.venv\lib\site-packages\sklearn\mixture\_base.py:269: ConvergenceWarning: Best performing initialization did not converge. Try different init parameters, or increase max_iter, tol, or check for degenerate data.
  warnings.warn(
D:\programs\PythonPrograms\analyze_clusters\.venv\lib\site-packages\sklearn\mixture\_base.py:269: ConvergenceWarning: Best performing initialization did not converge. Try different init parameters, or increase max_iter, tol, or check for degenerate data.
  warnings.warn(
D:\programs\PythonPrograms\analyze_clusters\.venv\lib\site-packages\sklearn\mixture\_base.py:269: ConvergenceWarning: Best performing initialization did not converge. Try different init parameters, or increase max_iter, tol, or check for degenerate data.
  warnings.warn(
D:\programs\PythonPrograms\analyze_clusters\.venv\lib\site-packages\sklearn\mixture\_base.py:269: ConvergenceWarning: Best performing initialization did not converge. Try different init parameters, or increase max_iter, tol, or check for degenerate data.
  warnings.warn(
[I 2025-07-04 13:50:22,957] Trial 19 finished with value: 0.7237496995579307 and parameters: {'n_components': 11, 'cov_type': 'diag'}. Best is trial 18 with value: 1.2876541232743095.
D:\programs\PythonPrograms\analyze_clusters\.venv\lib\site-packages\sklearn\mixture\_base.py:269: ConvergenceWarning: Best performing initialization did not converge. Try different init parameters, or increase max_iter, tol, or check for degenerate data.
  warnings.warn(
D:\programs\PythonPrograms\analyze_clusters\.venv\lib\site-packages\sklearn\mixture\_base.py:269: ConvergenceWarning: Best performing initialization did not converge. Try different init parameters, or increase max_iter, tol, or check for degenerate data.
  warnings.warn(
D:\programs\PythonPrograms\analyze_clusters\.venv\lib\site-packages\sklearn\mixture\_base.py:269: ConvergenceWarning: Best performing initialization did not converge. Try different init parameters, or increase max_iter, tol, or check for degenerate data.
  warnings.warn(
D:\programs\PythonPrograms\analyze_clusters\.venv\lib\site-packages\sklearn\mixture\_base.py:269: ConvergenceWarning: Best performing initialization did not converge. Try different init parameters, or increase max_iter, tol, or check for degenerate data.
  warnings.warn(
D:\programs\PythonPrograms\analyze_clusters\.venv\lib\site-packages\sklearn\mixture\_base.py:269: ConvergenceWarning: Best performing initialization did not converge. Try different init parameters, or increase max_iter, tol, or check for degenerate data.
  warnings.warn(
D:\programs\PythonPrograms\analyze_clusters\.venv\lib\site-packages\sklearn\mixture\_base.py:269: ConvergenceWarning: Best performing initialization did not converge. Try different init parameters, or increase max_iter, tol, or check for degenerate data.
  warnings.warn(
D:\programs\PythonPrograms\analyze_clusters\.venv\lib\site-packages\sklearn\mixture\_base.py:269: ConvergenceWarning: Best performing initialization did not converge. Try different init parameters, or increase max_iter, tol, or check for degenerate data.
  warnings.warn(
D:\programs\PythonPrograms\analyze_clusters\.venv\lib\site-packages\sklearn\mixture\_base.py:269: ConvergenceWarning: Best performing initialization did not converge. Try different init parameters, or increase max_iter, tol, or check for degenerate data.
  warnings.warn(
D:\programs\PythonPrograms\analyze_clusters\.venv\lib\site-packages\sklearn\mixture\_base.py:269: ConvergenceWarning: Best performing initialization did not converge. Try different init parameters, or increase max_iter, tol, or check for degenerate data.
  warnings.warn(
D:\programs\PythonPrograms\analyze_clusters\.venv\lib\site-packages\sklearn\mixture\_base.py:269: ConvergenceWarning: Best performing initialization did not converge. Try different init parameters, or increase max_iter, tol, or check for degenerate data.
  warnings.warn(
D:\programs\PythonPrograms\analyze_clusters\.venv\lib\site-packages\sklearn\mixture\_base.py:269: ConvergenceWarning: Best performing initialization did not converge. Try different init parameters, or increase max_iter, tol, or check for degenerate data.
  warnings.warn(
D:\programs\PythonPrograms\analyze_clusters\.venv\lib\site-packages\sklearn\mixture\_base.py:269: ConvergenceWarning: Best performing initialization did not converge. Try different init parameters, or increase max_iter, tol, or check for degenerate data.
  warnings.warn(
D:\programs\PythonPrograms\analyze_clusters\.venv\lib\site-packages\sklearn\mixture\_base.py:269: ConvergenceWarning: Best performing initialization did not converge. Try different init parameters, or increase max_iter, tol, or check for degenerate data.
  warnings.warn(
D:\programs\PythonPrograms\analyze_clusters\.venv\lib\site-packages\sklearn\mixture\_base.py:269: ConvergenceWarning: Best performing initialization did not converge. Try different init parameters, or increase max_iter, tol, or check for degenerate data.
  warnings.warn(
D:\programs\PythonPrograms\analyze_clusters\.venv\lib\site-packages\sklearn\mixture\_base.py:269: ConvergenceWarning: Best performing initialization did not converge. Try different init parameters, or increase max_iter, tol, or check for degenerate data.
  warnings.warn(
D:\programs\PythonPrograms\analyze_clusters\.venv\lib\site-packages\sklearn\mixture\_base.py:269: ConvergenceWarning: Best performing initialization did not converge. Try different init parameters, or increase max_iter, tol, or check for degenerate data.
  warnings.warn(
D:\programs\PythonPrograms\analyze_clusters\.venv\lib\site-packages\sklearn\mixture\_base.py:269: ConvergenceWarning: Best performing initialization did not converge. Try different init parameters, or increase max_iter, tol, or check for degenerate data.
  warnings.warn(
D:\programs\PythonPrograms\analyze_clusters\.venv\lib\site-packages\sklearn\mixture\_base.py:269: ConvergenceWarning: Best performing initialization did not converge. Try different init parameters, or increase max_iter, tol, or check for degenerate data.
  warnings.warn(
D:\programs\PythonPrograms\analyze_clusters\.venv\lib\site-packages\sklearn\mixture\_base.py:269: ConvergenceWarning: Best performing initialization did not converge. Try different init parameters, or increase max_iter, tol, or check for degenerate data.
  warnings.warn(
D:\programs\PythonPrograms\analyze_clusters\.venv\lib\site-packages\sklearn\mixture\_base.py:269: ConvergenceWarning: Best performing initialization did not converge. Try different init parameters, or increase max_iter, tol, or check for degenerate data.
  warnings.warn(
D:\programs\PythonPrograms\analyze_clusters\.venv\lib\site-packages\sklearn\mixture\_base.py:269: ConvergenceWarning: Best performing initialization did not converge. Try different init parameters, or increase max_iter, tol, or check for degenerate data.
  warnings.warn(
D:\programs\PythonPrograms\analyze_clusters\.venv\lib\site-packages\sklearn\mixture\_base.py:269: ConvergenceWarning: Best performing initialization did not converge. Try different init parameters, or increase max_iter, tol, or check for degenerate data.
  warnings.warn(
D:\programs\PythonPrograms\analyze_clusters\.venv\lib\site-packages\sklearn\mixture\_base.py:269: ConvergenceWarning: Best performing initialization did not converge. Try different init parameters, or increase max_iter, tol, or check for degenerate data.
  warnings.warn(
D:\programs\PythonPrograms\analyze_clusters\.venv\lib\site-packages\sklearn\mixture\_base.py:269: ConvergenceWarning: Best performing initialization did not converge. Try different init parameters, or increase max_iter, tol, or check for degenerate data.
  warnings.warn(
D:\programs\PythonPrograms\analyze_clusters\.venv\lib\site-packages\sklearn\mixture\_base.py:269: ConvergenceWarning: Best performing initialization did not converge. Try different init parameters, or increase max_iter, tol, or check for degenerate data.
  warnings.warn(
D:\programs\PythonPrograms\analyze_clusters\.venv\lib\site-packages\sklearn\mixture\_base.py:269: ConvergenceWarning: Best performing initialization did not converge. Try different init parameters, or increase max_iter, tol, or check for degenerate data.
  warnings.warn(
D:\programs\PythonPrograms\analyze_clusters\.venv\lib\site-packages\sklearn\mixture\_base.py:269: ConvergenceWarning: Best performing initialization did not converge. Try different init parameters, or increase max_iter, tol, or check for degenerate data.
  warnings.warn(
D:\programs\PythonPrograms\analyze_clusters\.venv\lib\site-packages\sklearn\mixture\_base.py:269: ConvergenceWarning: Best performing initialization did not converge. Try different init parameters, or increase max_iter, tol, or check for degenerate data.
  warnings.warn(
D:\programs\PythonPrograms\analyze_clusters\.venv\lib\site-packages\sklearn\mixture\_base.py:269: ConvergenceWarning: Best performing initialization did not converge. Try different init parameters, or increase max_iter, tol, or check for degenerate data.
  warnings.warn(
D:\programs\PythonPrograms\analyze_clusters\.venv\lib\site-packages\sklearn\mixture\_base.py:269: ConvergenceWarning: Best performing initialization did not converge. Try different init parameters, or increase max_iter, tol, or check for degenerate data.
  warnings.warn(
D:\programs\PythonPrograms\analyze_clusters\.venv\lib\site-packages\sklearn\mixture\_base.py:269: ConvergenceWarning: Best performing initialization did not converge. Try different init parameters, or increase max_iter, tol, or check for degenerate data.
  warnings.warn(
D:\programs\PythonPrograms\analyze_clusters\.venv\lib\site-packages\sklearn\mixture\_base.py:269: ConvergenceWarning: Best performing initialization did not converge. Try different init parameters, or increase max_iter, tol, or check for degenerate data.
  warnings.warn(
D:\programs\PythonPrograms\analyze_clusters\.venv\lib\site-packages\sklearn\mixture\_base.py:269: ConvergenceWarning: Best performing initialization did not converge. Try different init parameters, or increase max_iter, tol, or check for degenerate data.
  warnings.warn(
D:\programs\PythonPrograms\analyze_clusters\.venv\lib\site-packages\sklearn\mixture\_base.py:269: ConvergenceWarning: Best performing initialization did not converge. Try different init parameters, or increase max_iter, tol, or check for degenerate data.
  warnings.warn(
D:\programs\PythonPrograms\analyze_clusters\.venv\lib\site-packages\sklearn\mixture\_base.py:269: ConvergenceWarning: Best performing initialization did not converge. Try different init parameters, or increase max_iter, tol, or check for degenerate data.
  warnings.warn(
D:\programs\PythonPrograms\analyze_clusters\.venv\lib\site-packages\sklearn\mixture\_base.py:269: ConvergenceWarning: Best performing initialization did not converge. Try different init parameters, or increase max_iter, tol, or check for degenerate data.
  warnings.warn(
D:\programs\PythonPrograms\analyze_clusters\.venv\lib\site-packages\sklearn\mixture\_base.py:269: ConvergenceWarning: Best performing initialization did not converge. Try different init parameters, or increase max_iter, tol, or check for degenerate data.
  warnings.warn(
D:\programs\PythonPrograms\analyze_clusters\.venv\lib\site-packages\sklearn\mixture\_base.py:269: ConvergenceWarning: Best performing initialization did not converge. Try different init parameters, or increase max_iter, tol, or check for degenerate data.
  warnings.warn(
D:\programs\PythonPrograms\analyze_clusters\.venv\lib\site-packages\sklearn\mixture\_base.py:269: ConvergenceWarning: Best performing initialization did not converge. Try different init parameters, or increase max_iter, tol, or check for degenerate data.
  warnings.warn(
D:\programs\PythonPrograms\analyze_clusters\.venv\lib\site-packages\sklearn\mixture\_base.py:269: ConvergenceWarning: Best performing initialization did not converge. Try different init parameters, or increase max_iter, tol, or check for degenerate data.
  warnings.warn(
D:\programs\PythonPrograms\analyze_clusters\.venv\lib\site-packages\sklearn\mixture\_base.py:269: ConvergenceWarning: Best performing initialization did not converge. Try different init parameters, or increase max_iter, tol, or check for degenerate data.
  warnings.warn(
D:\programs\PythonPrograms\analyze_clusters\.venv\lib\site-packages\sklearn\mixture\_base.py:269: ConvergenceWarning: Best performing initialization did not converge. Try different init parameters, or increase max_iter, tol, or check for degenerate data.
  warnings.warn(
D:\programs\PythonPrograms\analyze_clusters\.venv\lib\site-packages\sklearn\mixture\_base.py:269: ConvergenceWarning: Best performing initialization did not converge. Try different init parameters, or increase max_iter, tol, or check for degenerate data.
  warnings.warn(
D:\programs\PythonPrograms\analyze_clusters\.venv\lib\site-packages\sklearn\mixture\_base.py:269: ConvergenceWarning: Best performing initialization did not converge. Try different init parameters, or increase max_iter, tol, or check for degenerate data.
  warnings.warn(
D:\programs\PythonPrograms\analyze_clusters\.venv\lib\site-packages\sklearn\mixture\_base.py:269: ConvergenceWarning: Best performing initialization did not converge. Try different init parameters, or increase max_iter, tol, or check for degenerate data.
  warnings.warn(
D:\programs\PythonPrograms\analyze_clusters\.venv\lib\site-packages\sklearn\mixture\_base.py:269: ConvergenceWarning: Best performing initialization did not converge. Try different init parameters, or increase max_iter, tol, or check for degenerate data.
  warnings.warn(
D:\programs\PythonPrograms\analyze_clusters\.venv\lib\site-packages\sklearn\mixture\_base.py:269: ConvergenceWarning: Best performing initialization did not converge. Try different init parameters, or increase max_iter, tol, or check for degenerate data.
  warnings.warn(
D:\programs\PythonPrograms\analyze_clusters\.venv\lib\site-packages\sklearn\mixture\_base.py:269: ConvergenceWarning: Best performing initialization did not converge. Try different init parameters, or increase max_iter, tol, or check for degenerate data.
  warnings.warn(
D:\programs\PythonPrograms\analyze_clusters\.venv\lib\site-packages\sklearn\mixture\_base.py:269: ConvergenceWarning: Best performing initialization did not converge. Try different init parameters, or increase max_iter, tol, or check for degenerate data.
  warnings.warn(
D:\programs\PythonPrograms\analyze_clusters\.venv\lib\site-packages\sklearn\mixture\_base.py:269: ConvergenceWarning: Best performing initialization did not converge. Try different init parameters, or increase max_iter, tol, or check for degenerate data.
  warnings.warn(
D:\programs\PythonPrograms\analyze_clusters\.venv\lib\site-packages\sklearn\mixture\_base.py:269: ConvergenceWarning: Best performing initialization did not converge. Try different init parameters, or increase max_iter, tol, or check for degenerate data.
  warnings.warn(
D:\programs\PythonPrograms\analyze_clusters\.venv\lib\site-packages\sklearn\mixture\_base.py:269: ConvergenceWarning: Best performing initialization did not converge. Try different init parameters, or increase max_iter, tol, or check for degenerate data.
  warnings.warn(
D:\programs\PythonPrograms\analyze_clusters\.venv\lib\site-packages\sklearn\mixture\_base.py:269: ConvergenceWarning: Best performing initialization did not converge. Try different init parameters, or increase max_iter, tol, or check for degenerate data.
  warnings.warn(
D:\programs\PythonPrograms\analyze_clusters\.venv\lib\site-packages\sklearn\mixture\_base.py:269: ConvergenceWarning: Best performing initialization did not converge. Try different init parameters, or increase max_iter, tol, or check for degenerate data.
  warnings.warn(
D:\programs\PythonPrograms\analyze_clusters\.venv\lib\site-packages\sklearn\mixture\_base.py:269: ConvergenceWarning: Best performing initialization did not converge. Try different init parameters, or increase max_iter, tol, or check for degenerate data.
  warnings.warn(
D:\programs\PythonPrograms\analyze_clusters\.venv\lib\site-packages\sklearn\mixture\_base.py:269: ConvergenceWarning: Best performing initialization did not converge. Try different init parameters, or increase max_iter, tol, or check for degenerate data.
  warnings.warn(
D:\programs\PythonPrograms\analyze_clusters\.venv\lib\site-packages\sklearn\mixture\_base.py:269: ConvergenceWarning: Best performing initialization did not converge. Try different init parameters, or increase max_iter, tol, or check for degenerate data.
  warnings.warn(
D:\programs\PythonPrograms\analyze_clusters\.venv\lib\site-packages\sklearn\mixture\_base.py:269: ConvergenceWarning: Best performing initialization did not converge. Try different init parameters, or increase max_iter, tol, or check for degenerate data.
  warnings.warn(
D:\programs\PythonPrograms\analyze_clusters\.venv\lib\site-packages\sklearn\mixture\_base.py:269: ConvergenceWarning: Best performing initialization did not converge. Try different init parameters, or increase max_iter, tol, or check for degenerate data.
  warnings.warn(
D:\programs\PythonPrograms\analyze_clusters\.venv\lib\site-packages\sklearn\mixture\_base.py:269: ConvergenceWarning: Best performing initialization did not converge. Try different init parameters, or increase max_iter, tol, or check for degenerate data.
  warnings.warn(
D:\programs\PythonPrograms\analyze_clusters\.venv\lib\site-packages\sklearn\mixture\_base.py:269: ConvergenceWarning: Best performing initialization did not converge. Try different init parameters, or increase max_iter, tol, or check for degenerate data.
  warnings.warn(
D:\programs\PythonPrograms\analyze_clusters\.venv\lib\site-packages\sklearn\mixture\_base.py:269: ConvergenceWarning: Best performing initialization did not converge. Try different init parameters, or increase max_iter, tol, or check for degenerate data.
  warnings.warn(
D:\programs\PythonPrograms\analyze_clusters\.venv\lib\site-packages\sklearn\mixture\_base.py:269: ConvergenceWarning: Best performing initialization did not converge. Try different init parameters, or increase max_iter, tol, or check for degenerate data.
  warnings.warn(
D:\programs\PythonPrograms\analyze_clusters\.venv\lib\site-packages\sklearn\mixture\_base.py:269: ConvergenceWarning: Best performing initialization did not converge. Try different init parameters, or increase max_iter, tol, or check for degenerate data.
  warnings.warn(
D:\programs\PythonPrograms\analyze_clusters\.venv\lib\site-packages\sklearn\mixture\_base.py:269: ConvergenceWarning: Best performing initialization did not converge. Try different init parameters, or increase max_iter, tol, or check for degenerate data.
  warnings.warn(
D:\programs\PythonPrograms\analyze_clusters\.venv\lib\site-packages\sklearn\mixture\_base.py:269: ConvergenceWarning: Best performing initialization did not converge. Try different init parameters, or increase max_iter, tol, or check for degenerate data.
  warnings.warn(
D:\programs\PythonPrograms\analyze_clusters\.venv\lib\site-packages\sklearn\mixture\_base.py:269: ConvergenceWarning: Best performing initialization did not converge. Try different init parameters, or increase max_iter, tol, or check for degenerate data.
  warnings.warn(
D:\programs\PythonPrograms\analyze_clusters\.venv\lib\site-packages\sklearn\mixture\_base.py:269: ConvergenceWarning: Best performing initialization did not converge. Try different init parameters, or increase max_iter, tol, or check for degenerate data.
  warnings.warn(
D:\programs\PythonPrograms\analyze_clusters\.venv\lib\site-packages\sklearn\mixture\_base.py:269: ConvergenceWarning: Best performing initialization did not converge. Try different init parameters, or increase max_iter, tol, or check for degenerate data.
  warnings.warn(
D:\programs\PythonPrograms\analyze_clusters\.venv\lib\site-packages\sklearn\mixture\_base.py:269: ConvergenceWarning: Best performing initialization did not converge. Try different init parameters, or increase max_iter, tol, or check for degenerate data.
  warnings.warn(
D:\programs\PythonPrograms\analyze_clusters\.venv\lib\site-packages\sklearn\mixture\_base.py:269: ConvergenceWarning: Best performing initialization did not converge. Try different init parameters, or increase max_iter, tol, or check for degenerate data.
  warnings.warn(
D:\programs\PythonPrograms\analyze_clusters\.venv\lib\site-packages\sklearn\mixture\_base.py:269: ConvergenceWarning: Best performing initialization did not converge. Try different init parameters, or increase max_iter, tol, or check for degenerate data.
  warnings.warn(
D:\programs\PythonPrograms\analyze_clusters\.venv\lib\site-packages\sklearn\mixture\_base.py:269: ConvergenceWarning: Best performing initialization did not converge. Try different init parameters, or increase max_iter, tol, or check for degenerate data.
  warnings.warn(
D:\programs\PythonPrograms\analyze_clusters\.venv\lib\site-packages\sklearn\mixture\_base.py:269: ConvergenceWarning: Best performing initialization did not converge. Try different init parameters, or increase max_iter, tol, or check for degenerate data.
  warnings.warn(
D:\programs\PythonPrograms\analyze_clusters\.venv\lib\site-packages\sklearn\mixture\_base.py:269: ConvergenceWarning: Best performing initialization did not converge. Try different init parameters, or increase max_iter, tol, or check for degenerate data.
  warnings.warn(
D:\programs\PythonPrograms\analyze_clusters\.venv\lib\site-packages\sklearn\mixture\_base.py:269: ConvergenceWarning: Best performing initialization did not converge. Try different init parameters, or increase max_iter, tol, or check for degenerate data.
  warnings.warn(
D:\programs\PythonPrograms\analyze_clusters\.venv\lib\site-packages\sklearn\mixture\_base.py:269: ConvergenceWarning: Best performing initialization did not converge. Try different init parameters, or increase max_iter, tol, or check for degenerate data.
  warnings.warn(
[I 2025-07-04 13:50:45,288] A new study created in memory with name: no-name-0512f3a4-6212-4e40-837c-202fddee6a57
D:\programs\PythonPrograms\analyze_clusters\.venv\lib\site-packages\sklearn\mixture\_base.py:269: ConvergenceWarning: Best performing initialization did not converge. Try different init parameters, or increase max_iter, tol, or check for degenerate data.
  warnings.warn(
D:\programs\PythonPrograms\analyze_clusters\.venv\lib\site-packages\sklearn\mixture\_base.py:269: ConvergenceWarning: Best performing initialization did not converge. Try different init parameters, or increase max_iter, tol, or check for degenerate data.
  warnings.warn(
D:\programs\PythonPrograms\analyze_clusters\.venv\lib\site-packages\sklearn\mixture\_base.py:269: ConvergenceWarning: Best performing initialization did not converge. Try different init parameters, or increase max_iter, tol, or check for degenerate data.
  warnings.warn(
[I 2025-07-04 13:50:46,256] Trial 0 finished with value: 1.2612390786135284 and parameters: {'n_components': 10}. Best is trial 0 with value: 1.2612390786135284.
D:\programs\PythonPrograms\analyze_clusters\.venv\lib\site-packages\sklearn\mixture\_base.py:269: ConvergenceWarning: Best performing initialization did not converge. Try different init parameters, or increase max_iter, tol, or check for degenerate data.
  warnings.warn(
D:\programs\PythonPrograms\analyze_clusters\.venv\lib\site-packages\sklearn\mixture\_base.py:269: ConvergenceWarning: Best performing initialization did not converge. Try different init parameters, or increase max_iter, tol, or check for degenerate data.
  warnings.warn(
D:\programs\PythonPrograms\analyze_clusters\.venv\lib\site-packages\sklearn\mixture\_base.py:269: ConvergenceWarning: Best performing initialization did not converge. Try different init parameters, or increase max_iter, tol, or check for degenerate data.
  warnings.warn(
[I 2025-07-04 13:50:47,202] Trial 1 finished with value: 1.2612390786135284 and parameters: {'n_components': 10}. Best is trial 0 with value: 1.2612390786135284.
D:\programs\PythonPrograms\analyze_clusters\.venv\lib\site-packages\sklearn\mixture\_base.py:269: ConvergenceWarning: Best performing initialization did not converge. Try different init parameters, or increase max_iter, tol, or check for degenerate data.
  warnings.warn(
D:\programs\PythonPrograms\analyze_clusters\.venv\lib\site-packages\sklearn\mixture\_base.py:269: ConvergenceWarning: Best performing initialization did not converge. Try different init parameters, or increase max_iter, tol, or check for degenerate data.
  warnings.warn(
D:\programs\PythonPrograms\analyze_clusters\.venv\lib\site-packages\sklearn\mixture\_base.py:269: ConvergenceWarning: Best performing initialization did not converge. Try different init parameters, or increase max_iter, tol, or check for degenerate data.
  warnings.warn(
[I 2025-07-04 13:50:48,429] Trial 2 finished with value: 1.2612390786135284 and parameters: {'n_components': 10}. Best is trial 0 with value: 1.2612390786135284.
D:\programs\PythonPrograms\analyze_clusters\.venv\lib\site-packages\sklearn\mixture\_base.py:269: ConvergenceWarning: Best performing initialization did not converge. Try different init parameters, or increase max_iter, tol, or check for degenerate data.
  warnings.warn(
D:\programs\PythonPrograms\analyze_clusters\.venv\lib\site-packages\sklearn\mixture\_base.py:269: ConvergenceWarning: Best performing initialization did not converge. Try different init parameters, or increase max_iter, tol, or check for degenerate data.
  warnings.warn(
D:\programs\PythonPrograms\analyze_clusters\.venv\lib\site-packages\sklearn\mixture\_base.py:269: ConvergenceWarning: Best performing initialization did not converge. Try different init parameters, or increase max_iter, tol, or check for degenerate data.
  warnings.warn(
[I 2025-07-04 13:50:49,452] Trial 3 finished with value: 1.2612390786135284 and parameters: {'n_components': 10}. Best is trial 0 with value: 1.2612390786135284.
D:\programs\PythonPrograms\analyze_clusters\.venv\lib\site-packages\sklearn\mixture\_base.py:269: ConvergenceWarning: Best performing initialization did not converge. Try different init parameters, or increase max_iter, tol, or check for degenerate data.
  warnings.warn(
D:\programs\PythonPrograms\analyze_clusters\.venv\lib\site-packages\sklearn\mixture\_base.py:269: ConvergenceWarning: Best performing initialization did not converge. Try different init parameters, or increase max_iter, tol, or check for degenerate data.
  warnings.warn(
D:\programs\PythonPrograms\analyze_clusters\.venv\lib\site-packages\sklearn\mixture\_base.py:269: ConvergenceWarning: Best performing initialization did not converge. Try different init parameters, or increase max_iter, tol, or check for degenerate data.
  warnings.warn(
[I 2025-07-04 13:50:50,136] Trial 4 finished with value: 1.2010858497594963 and parameters: {'n_components': 8}. Best is trial 0 with value: 1.2612390786135284.
D:\programs\PythonPrograms\analyze_clusters\.venv\lib\site-packages\sklearn\mixture\_base.py:269: ConvergenceWarning: Best performing initialization did not converge. Try different init parameters, or increase max_iter, tol, or check for degenerate data.
  warnings.warn(
D:\programs\PythonPrograms\analyze_clusters\.venv\lib\site-packages\sklearn\mixture\_base.py:269: ConvergenceWarning: Best performing initialization did not converge. Try different init parameters, or increase max_iter, tol, or check for degenerate data.
  warnings.warn(
D:\programs\PythonPrograms\analyze_clusters\.venv\lib\site-packages\sklearn\mixture\_base.py:269: ConvergenceWarning: Best performing initialization did not converge. Try different init parameters, or increase max_iter, tol, or check for degenerate data.
  warnings.warn(
[I 2025-07-04 13:50:51,125] Trial 5 finished with value: 1.2876541232743095 and parameters: {'n_components': 11}. Best is trial 5 with value: 1.2876541232743095.
D:\programs\PythonPrograms\analyze_clusters\.venv\lib\site-packages\sklearn\mixture\_base.py:269: ConvergenceWarning: Best performing initialization did not converge. Try different init parameters, or increase max_iter, tol, or check for degenerate data.
  warnings.warn(
D:\programs\PythonPrograms\analyze_clusters\.venv\lib\site-packages\sklearn\mixture\_base.py:269: ConvergenceWarning: Best performing initialization did not converge. Try different init parameters, or increase max_iter, tol, or check for degenerate data.
  warnings.warn(
D:\programs\PythonPrograms\analyze_clusters\.venv\lib\site-packages\sklearn\mixture\_base.py:269: ConvergenceWarning: Best performing initialization did not converge. Try different init parameters, or increase max_iter, tol, or check for degenerate data.
  warnings.warn(
[I 2025-07-04 13:50:51,913] Trial 6 finished with value: 1.0978109126786384 and parameters: {'n_components': 9}. Best is trial 5 with value: 1.2876541232743095.
D:\programs\PythonPrograms\analyze_clusters\.venv\lib\site-packages\sklearn\mixture\_base.py:269: ConvergenceWarning: Best performing initialization did not converge. Try different init parameters, or increase max_iter, tol, or check for degenerate data.
  warnings.warn(
D:\programs\PythonPrograms\analyze_clusters\.venv\lib\site-packages\sklearn\mixture\_base.py:269: ConvergenceWarning: Best performing initialization did not converge. Try different init parameters, or increase max_iter, tol, or check for degenerate data.
  warnings.warn(
D:\programs\PythonPrograms\analyze_clusters\.venv\lib\site-packages\sklearn\mixture\_base.py:269: ConvergenceWarning: Best performing initialization did not converge. Try different init parameters, or increase max_iter, tol, or check for degenerate data.
  warnings.warn(
[I 2025-07-04 13:50:53,072] Trial 7 finished with value: 1.2876541232743095 and parameters: {'n_components': 11}. Best is trial 5 with value: 1.2876541232743095.
D:\programs\PythonPrograms\analyze_clusters\.venv\lib\site-packages\sklearn\mixture\_base.py:269: ConvergenceWarning: Best performing initialization did not converge. Try different init parameters, or increase max_iter, tol, or check for degenerate data.
  warnings.warn(
D:\programs\PythonPrograms\analyze_clusters\.venv\lib\site-packages\sklearn\mixture\_base.py:269: ConvergenceWarning: Best performing initialization did not converge. Try different init parameters, or increase max_iter, tol, or check for degenerate data.
  warnings.warn(
D:\programs\PythonPrograms\analyze_clusters\.venv\lib\site-packages\sklearn\mixture\_base.py:269: ConvergenceWarning: Best performing initialization did not converge. Try different init parameters, or increase max_iter, tol, or check for degenerate data.
  warnings.warn(
[I 2025-07-04 13:50:54,140] Trial 8 finished with value: 1.2876541232743095 and parameters: {'n_components': 11}. Best is trial 5 with value: 1.2876541232743095.
D:\programs\PythonPrograms\analyze_clusters\.venv\lib\site-packages\sklearn\mixture\_base.py:269: ConvergenceWarning: Best performing initialization did not converge. Try different init parameters, or increase max_iter, tol, or check for degenerate data.
  warnings.warn(
D:\programs\PythonPrograms\analyze_clusters\.venv\lib\site-packages\sklearn\mixture\_base.py:269: ConvergenceWarning: Best performing initialization did not converge. Try different init parameters, or increase max_iter, tol, or check for degenerate data.
  warnings.warn(
D:\programs\PythonPrograms\analyze_clusters\.venv\lib\site-packages\sklearn\mixture\_base.py:269: ConvergenceWarning: Best performing initialization did not converge. Try different init parameters, or increase max_iter, tol, or check for degenerate data.
  warnings.warn(
[I 2025-07-04 13:50:55,142] Trial 9 finished with value: 1.0978109126786384 and parameters: {'n_components': 9}. Best is trial 5 with value: 1.2876541232743095.
D:\programs\PythonPrograms\analyze_clusters\.venv\lib\site-packages\sklearn\mixture\_base.py:269: ConvergenceWarning: Best performing initialization did not converge. Try different init parameters, or increase max_iter, tol, or check for degenerate data.
  warnings.warn(
D:\programs\PythonPrograms\analyze_clusters\.venv\lib\site-packages\sklearn\mixture\_base.py:269: ConvergenceWarning: Best performing initialization did not converge. Try different init parameters, or increase max_iter, tol, or check for degenerate data.
  warnings.warn(
D:\programs\PythonPrograms\analyze_clusters\.venv\lib\site-packages\sklearn\mixture\_base.py:269: ConvergenceWarning: Best performing initialization did not converge. Try different init parameters, or increase max_iter, tol, or check for degenerate data.
  warnings.warn(

