CMD: D:\programs\PythonPrograms\analyze_clusters\.venv\Scripts\python.exe GMM.py --alpha 0.2 --beta 0.2 --gamma 0.6 --trials 20
Return code: 0
--- STDOUT ---
All files saved in: D:\algorithm paper\clustering_pre\results\clustered_data\GMM\clustered_clean_rayyan
Program completed in 72.83 sec
[0m
--- STDERR ---
[I 2025-07-04 13:49:42,692] A new study created in memory with name: no-name-d2085a3b-b568-4d59-a9ff-54b4345ba1d4
D:\programs\PythonPrograms\analyze_clusters\.venv\lib\site-packages\sklearn\mixture\_base.py:269: ConvergenceWarning: Best performing initialization did not converge. Try different init parameters, or increase max_iter, tol, or check for degenerate data.
  warnings.warn(
D:\programs\PythonPrograms\analyze_clusters\.venv\lib\site-packages\sklearn\mixture\_base.py:269: ConvergenceWarning: Best performing initialization did not converge. Try different init parameters, or increase max_iter, tol, or check for degenerate data.
  warnings.warn(
D:\programs\PythonPrograms\analyze_clusters\.venv\lib\site-packages\sklearn\mixture\_base.py:269: ConvergenceWarning: Best performing initialization did not converge. Try different init parameters, or increase max_iter, tol, or check for degenerate data.
  warnings.warn(
D:\programs\PythonPrograms\analyze_clusters\.venv\lib\site-packages\sklearn\mixture\_base.py:269: ConvergenceWarning: Best performing initialization did not converge. Try different init parameters, or increase max_iter, tol, or check for degenerate data.
  warnings.warn(
D:\programs\PythonPrograms\analyze_clusters\.venv\lib\site-packages\sklearn\mixture\_base.py:269: ConvergenceWarning: Best performing initialization did not converge. Try different init parameters, or increase max_iter, tol, or check for degenerate data.
  warnings.warn(
D:\programs\PythonPrograms\analyze_clusters\.venv\lib\site-packages\sklearn\mixture\_base.py:269: ConvergenceWarning: Best performing initialization did not converge. Try different init parameters, or increase max_iter, tol, or check for degenerate data.
  warnings.warn(
D:\programs\PythonPrograms\analyze_clusters\.venv\lib\site-packages\sklearn\mixture\_base.py:269: ConvergenceWarning: Best performing initialization did not converge. Try different init parameters, or increase max_iter, tol, or check for degenerate data.
  warnings.warn(
[I 2025-07-04 13:49:44,313] Trial 0 finished with value: 0.7722100319049598 and parameters: {'n_components': 13, 'cov_type': 'diag'}. Best is trial 0 with value: 0.7722100319049598.
D:\programs\PythonPrograms\analyze_clusters\.venv\lib\site-packages\sklearn\mixture\_base.py:269: ConvergenceWarning: Best performing initialization did not converge. Try different init parameters, or increase max_iter, tol, or check for degenerate data.
  warnings.warn(
[I 2025-07-04 13:49:44,943] Trial 1 finished with value: 0.779055397183295 and parameters: {'n_components': 5, 'cov_type': 'tied'}. Best is trial 1 with value: 0.779055397183295.
D:\programs\PythonPrograms\analyze_clusters\.venv\lib\site-packages\sklearn\mixture\_base.py:269: ConvergenceWarning: Best performing initialization did not converge. Try different init parameters, or increase max_iter, tol, or check for degenerate data.
  warnings.warn(
D:\programs\PythonPrograms\analyze_clusters\.venv\lib\site-packages\sklearn\mixture\_base.py:269: ConvergenceWarning: Best performing initialization did not converge. Try different init parameters, or increase max_iter, tol, or check for degenerate data.
  warnings.warn(
D:\programs\PythonPrograms\analyze_clusters\.venv\lib\site-packages\sklearn\mixture\_base.py:269: ConvergenceWarning: Best performing initialization did not converge. Try different init parameters, or increase max_iter, tol, or check for degenerate data.
  warnings.warn(
D:\programs\PythonPrograms\analyze_clusters\.venv\lib\site-packages\sklearn\mixture\_base.py:269: ConvergenceWarning: Best performing initialization did not converge. Try different init parameters, or increase max_iter, tol, or check for degenerate data.
  warnings.warn(
D:\programs\PythonPrograms\analyze_clusters\.venv\lib\site-packages\sklearn\mixture\_base.py:269: ConvergenceWarning: Best performing initialization did not converge. Try different init parameters, or increase max_iter, tol, or check for degenerate data.
  warnings.warn(
D:\programs\PythonPrograms\analyze_clusters\.venv\lib\site-packages\sklearn\mixture\_base.py:269: ConvergenceWarning: Best performing initialization did not converge. Try different init parameters, or increase max_iter, tol, or check for degenerate data.
  warnings.warn(
D:\programs\PythonPrograms\analyze_clusters\.venv\lib\site-packages\sklearn\mixture\_base.py:269: ConvergenceWarning: Best performing initialization did not converge. Try different init parameters, or increase max_iter, tol, or check for degenerate data.
  warnings.warn(
D:\programs\PythonPrograms\analyze_clusters\.venv\lib\site-packages\sklearn\mixture\_base.py:269: ConvergenceWarning: Best performing initialization did not converge. Try different init parameters, or increase max_iter, tol, or check for degenerate data.
  warnings.warn(
D:\programs\PythonPrograms\analyze_clusters\.venv\lib\site-packages\sklearn\mixture\_base.py:269: ConvergenceWarning: Best performing initialization did not converge. Try different init parameters, or increase max_iter, tol, or check for degenerate data.
  warnings.warn(
D:\programs\PythonPrograms\analyze_clusters\.venv\lib\site-packages\sklearn\mixture\_base.py:269: ConvergenceWarning: Best performing initialization did not converge. Try different init parameters, or increase max_iter, tol, or check for degenerate data.
  warnings.warn(
D:\programs\PythonPrograms\analyze_clusters\.venv\lib\site-packages\sklearn\mixture\_base.py:269: ConvergenceWarning: Best performing initialization did not converge. Try different init parameters, or increase max_iter, tol, or check for degenerate data.
  warnings.warn(
D:\programs\PythonPrograms\analyze_clusters\.venv\lib\site-packages\sklearn\mixture\_base.py:269: ConvergenceWarning: Best performing initialization did not converge. Try different init parameters, or increase max_iter, tol, or check for degenerate data.
  warnings.warn(
D:\programs\PythonPrograms\analyze_clusters\.venv\lib\site-packages\sklearn\mixture\_base.py:269: ConvergenceWarning: Best performing initialization did not converge. Try different init parameters, or increase max_iter, tol, or check for degenerate data.
  warnings.warn(
D:\programs\PythonPrograms\analyze_clusters\.venv\lib\site-packages\sklearn\mixture\_base.py:269: ConvergenceWarning: Best performing initialization did not converge. Try different init parameters, or increase max_iter, tol, or check for degenerate data.
  warnings.warn(
D:\programs\PythonPrograms\analyze_clusters\.venv\lib\site-packages\sklearn\mixture\_base.py:269: ConvergenceWarning: Best performing initialization did not converge. Try different init parameters, or increase max_iter, tol, or check for degenerate data.
  warnings.warn(
D:\programs\PythonPrograms\analyze_clusters\.venv\lib\site-packages\sklearn\mixture\_base.py:269: ConvergenceWarning: Best performing initialization did not converge. Try different init parameters, or increase max_iter, tol, or check for degenerate data.
  warnings.warn(
D:\programs\PythonPrograms\analyze_clusters\.venv\lib\site-packages\sklearn\mixture\_base.py:269: ConvergenceWarning: Best performing initialization did not converge. Try different init parameters, or increase max_iter, tol, or check for degenerate data.
  warnings.warn(
D:\programs\PythonPrograms\analyze_clusters\.venv\lib\site-packages\sklearn\mixture\_base.py:269: ConvergenceWarning: Best performing initialization did not converge. Try different init parameters, or increase max_iter, tol, or check for degenerate data.
  warnings.warn(
D:\programs\PythonPrograms\analyze_clusters\.venv\lib\site-packages\sklearn\mixture\_base.py:269: ConvergenceWarning: Best performing initialization did not converge. Try different init parameters, or increase max_iter, tol, or check for degenerate data.
  warnings.warn(
[I 2025-07-04 13:49:46,199] Trial 2 finished with value: 0.8871625118844897 and parameters: {'n_components': 13, 'cov_type': 'spherical'}. Best is trial 2 with value: 0.8871625118844897.
D:\programs\PythonPrograms\analyze_clusters\.venv\lib\site-packages\sklearn\mixture\_base.py:269: ConvergenceWarning: Best performing initialization did not converge. Try different init parameters, or increase max_iter, tol, or check for degenerate data.
  warnings.warn(
D:\programs\PythonPrograms\analyze_clusters\.venv\lib\site-packages\sklearn\mixture\_base.py:269: ConvergenceWarning: Best performing initialization did not converge. Try different init parameters, or increase max_iter, tol, or check for degenerate data.
  warnings.warn(
D:\programs\PythonPrograms\analyze_clusters\.venv\lib\site-packages\sklearn\mixture\_base.py:269: ConvergenceWarning: Best performing initialization did not converge. Try different init parameters, or increase max_iter, tol, or check for degenerate data.
  warnings.warn(
D:\programs\PythonPrograms\analyze_clusters\.venv\lib\site-packages\sklearn\mixture\_base.py:269: ConvergenceWarning: Best performing initialization did not converge. Try different init parameters, or increase max_iter, tol, or check for degenerate data.
  warnings.warn(
D:\programs\PythonPrograms\analyze_clusters\.venv\lib\site-packages\sklearn\mixture\_base.py:269: ConvergenceWarning: Best performing initialization did not converge. Try different init parameters, or increase max_iter, tol, or check for degenerate data.
  warnings.warn(
D:\programs\PythonPrograms\analyze_clusters\.venv\lib\site-packages\sklearn\mixture\_base.py:269: ConvergenceWarning: Best performing initialization did not converge. Try different init parameters, or increase max_iter, tol, or check for degenerate data.
  warnings.warn(
D:\programs\PythonPrograms\analyze_clusters\.venv\lib\site-packages\sklearn\mixture\_base.py:269: ConvergenceWarning: Best performing initialization did not converge. Try different init parameters, or increase max_iter, tol, or check for degenerate data.
  warnings.warn(
[I 2025-07-04 13:49:50,346] Trial 3 finished with value: 0.7775433781107886 and parameters: {'n_components': 15, 'cov_type': 'full'}. Best is trial 2 with value: 0.8871625118844897.
D:\programs\PythonPrograms\analyze_clusters\.venv\lib\site-packages\sklearn\mixture\_base.py:269: ConvergenceWarning: Best performing initialization did not converge. Try different init parameters, or increase max_iter, tol, or check for degenerate data.
  warnings.warn(
D:\programs\PythonPrograms\analyze_clusters\.venv\lib\site-packages\sklearn\mixture\_base.py:269: ConvergenceWarning: Best performing initialization did not converge. Try different init parameters, or increase max_iter, tol, or check for degenerate data.
  warnings.warn(
D:\programs\PythonPrograms\analyze_clusters\.venv\lib\site-packages\sklearn\mixture\_base.py:269: ConvergenceWarning: Best performing initialization did not converge. Try different init parameters, or increase max_iter, tol, or check for degenerate data.
  warnings.warn(
D:\programs\PythonPrograms\analyze_clusters\.venv\lib\site-packages\sklearn\mixture\_base.py:269: ConvergenceWarning: Best performing initialization did not converge. Try different init parameters, or increase max_iter, tol, or check for degenerate data.
  warnings.warn(
D:\programs\PythonPrograms\analyze_clusters\.venv\lib\site-packages\sklearn\mixture\_base.py:269: ConvergenceWarning: Best performing initialization did not converge. Try different init parameters, or increase max_iter, tol, or check for degenerate data.
  warnings.warn(
D:\programs\PythonPrograms\analyze_clusters\.venv\lib\site-packages\sklearn\mixture\_base.py:269: ConvergenceWarning: Best performing initialization did not converge. Try different init parameters, or increase max_iter, tol, or check for degenerate data.
  warnings.warn(
D:\programs\PythonPrograms\analyze_clusters\.venv\lib\site-packages\sklearn\mixture\_base.py:269: ConvergenceWarning: Best performing initialization did not converge. Try different init parameters, or increase max_iter, tol, or check for degenerate data.
  warnings.warn(
D:\programs\PythonPrograms\analyze_clusters\.venv\lib\site-packages\sklearn\mixture\_base.py:269: ConvergenceWarning: Best performing initialization did not converge. Try different init parameters, or increase max_iter, tol, or check for degenerate data.
  warnings.warn(
D:\programs\PythonPrograms\analyze_clusters\.venv\lib\site-packages\sklearn\mixture\_base.py:269: ConvergenceWarning: Best performing initialization did not converge. Try different init parameters, or increase max_iter, tol, or check for degenerate data.
  warnings.warn(
D:\programs\PythonPrograms\analyze_clusters\.venv\lib\site-packages\sklearn\mixture\_base.py:269: ConvergenceWarning: Best performing initialization did not converge. Try different init parameters, or increase max_iter, tol, or check for degenerate data.
  warnings.warn(
D:\programs\PythonPrograms\analyze_clusters\.venv\lib\site-packages\sklearn\mixture\_base.py:269: ConvergenceWarning: Best performing initialization did not converge. Try different init parameters, or increase max_iter, tol, or check for degenerate data.
  warnings.warn(
D:\programs\PythonPrograms\analyze_clusters\.venv\lib\site-packages\sklearn\mixture\_base.py:269: ConvergenceWarning: Best performing initialization did not converge. Try different init parameters, or increase max_iter, tol, or check for degenerate data.
  warnings.warn(
[I 2025-07-04 13:49:53,452] Trial 4 finished with value: 0.6833873783946711 and parameters: {'n_components': 11, 'cov_type': 'full'}. Best is trial 2 with value: 0.8871625118844897.
D:\programs\PythonPrograms\analyze_clusters\.venv\lib\site-packages\sklearn\mixture\_base.py:269: ConvergenceWarning: Best performing initialization did not converge. Try different init parameters, or increase max_iter, tol, or check for degenerate data.
  warnings.warn(
D:\programs\PythonPrograms\analyze_clusters\.venv\lib\site-packages\sklearn\mixture\_base.py:269: ConvergenceWarning: Best performing initialization did not converge. Try different init parameters, or increase max_iter, tol, or check for degenerate data.
  warnings.warn(
D:\programs\PythonPrograms\analyze_clusters\.venv\lib\site-packages\sklearn\mixture\_base.py:269: ConvergenceWarning: Best performing initialization did not converge. Try different init parameters, or increase max_iter, tol, or check for degenerate data.
  warnings.warn(
D:\programs\PythonPrograms\analyze_clusters\.venv\lib\site-packages\sklearn\mixture\_base.py:269: ConvergenceWarning: Best performing initialization did not converge. Try different init parameters, or increase max_iter, tol, or check for degenerate data.
  warnings.warn(
D:\programs\PythonPrograms\analyze_clusters\.venv\lib\site-packages\sklearn\mixture\_base.py:269: ConvergenceWarning: Best performing initialization did not converge. Try different init parameters, or increase max_iter, tol, or check for degenerate data.
  warnings.warn(
D:\programs\PythonPrograms\analyze_clusters\.venv\lib\site-packages\sklearn\mixture\_base.py:269: ConvergenceWarning: Best performing initialization did not converge. Try different init parameters, or increase max_iter, tol, or check for degenerate data.
  warnings.warn(
D:\programs\PythonPrograms\analyze_clusters\.venv\lib\site-packages\sklearn\mixture\_base.py:269: ConvergenceWarning: Best performing initialization did not converge. Try different init parameters, or increase max_iter, tol, or check for degenerate data.
  warnings.warn(
D:\programs\PythonPrograms\analyze_clusters\.venv\lib\site-packages\sklearn\mixture\_base.py:269: ConvergenceWarning: Best performing initialization did not converge. Try different init parameters, or increase max_iter, tol, or check for degenerate data.
  warnings.warn(
D:\programs\PythonPrograms\analyze_clusters\.venv\lib\site-packages\sklearn\mixture\_base.py:269: ConvergenceWarning: Best performing initialization did not converge. Try different init parameters, or increase max_iter, tol, or check for degenerate data.
  warnings.warn(
D:\programs\PythonPrograms\analyze_clusters\.venv\lib\site-packages\sklearn\mixture\_base.py:269: ConvergenceWarning: Best performing initialization did not converge. Try different init parameters, or increase max_iter, tol, or check for degenerate data.
  warnings.warn(
D:\programs\PythonPrograms\analyze_clusters\.venv\lib\site-packages\sklearn\mixture\_base.py:269: ConvergenceWarning: Best performing initialization did not converge. Try different init parameters, or increase max_iter, tol, or check for degenerate data.
  warnings.warn(
D:\programs\PythonPrograms\analyze_clusters\.venv\lib\site-packages\sklearn\mixture\_base.py:269: ConvergenceWarning: Best performing initialization did not converge. Try different init parameters, or increase max_iter, tol, or check for degenerate data.
  warnings.warn(
D:\programs\PythonPrograms\analyze_clusters\.venv\lib\site-packages\sklearn\mixture\_base.py:269: ConvergenceWarning: Best performing initialization did not converge. Try different init parameters, or increase max_iter, tol, or check for degenerate data.
  warnings.warn(
D:\programs\PythonPrograms\analyze_clusters\.venv\lib\site-packages\sklearn\mixture\_base.py:269: ConvergenceWarning: Best performing initialization did not converge. Try different init parameters, or increase max_iter, tol, or check for degenerate data.
  warnings.warn(
D:\programs\PythonPrograms\analyze_clusters\.venv\lib\site-packages\sklearn\mixture\_base.py:269: ConvergenceWarning: Best performing initialization did not converge. Try different init parameters, or increase max_iter, tol, or check for degenerate data.
  warnings.warn(
D:\programs\PythonPrograms\analyze_clusters\.venv\lib\site-packages\sklearn\mixture\_base.py:269: ConvergenceWarning: Best performing initialization did not converge. Try different init parameters, or increase max_iter, tol, or check for degenerate data.
  warnings.warn(
D:\programs\PythonPrograms\analyze_clusters\.venv\lib\site-packages\sklearn\mixture\_base.py:269: ConvergenceWarning: Best performing initialization did not converge. Try different init parameters, or increase max_iter, tol, or check for degenerate data.
  warnings.warn(
[I 2025-07-04 13:49:57,027] Trial 5 finished with value: 0.8290687616842571 and parameters: {'n_components': 9, 'cov_type': 'full'}. Best is trial 2 with value: 0.8871625118844897.
D:\programs\PythonPrograms\analyze_clusters\.venv\lib\site-packages\sklearn\mixture\_base.py:269: ConvergenceWarning: Best performing initialization did not converge. Try different init parameters, or increase max_iter, tol, or check for degenerate data.
  warnings.warn(
D:\programs\PythonPrograms\analyze_clusters\.venv\lib\site-packages\sklearn\mixture\_base.py:269: ConvergenceWarning: Best performing initialization did not converge. Try different init parameters, or increase max_iter, tol, or check for degenerate data.
  warnings.warn(
D:\programs\PythonPrograms\analyze_clusters\.venv\lib\site-packages\sklearn\mixture\_base.py:269: ConvergenceWarning: Best performing initialization did not converge. Try different init parameters, or increase max_iter, tol, or check for degenerate data.
  warnings.warn(
D:\programs\PythonPrograms\analyze_clusters\.venv\lib\site-packages\sklearn\mixture\_base.py:269: ConvergenceWarning: Best performing initialization did not converge. Try different init parameters, or increase max_iter, tol, or check for degenerate data.
  warnings.warn(
D:\programs\PythonPrograms\analyze_clusters\.venv\lib\site-packages\sklearn\mixture\_base.py:269: ConvergenceWarning: Best performing initialization did not converge. Try different init parameters, or increase max_iter, tol, or check for degenerate data.
  warnings.warn(
D:\programs\PythonPrograms\analyze_clusters\.venv\lib\site-packages\sklearn\mixture\_base.py:269: ConvergenceWarning: Best performing initialization did not converge. Try different init parameters, or increase max_iter, tol, or check for degenerate data.
  warnings.warn(
D:\programs\PythonPrograms\analyze_clusters\.venv\lib\site-packages\sklearn\mixture\_base.py:269: ConvergenceWarning: Best performing initialization did not converge. Try different init parameters, or increase max_iter, tol, or check for degenerate data.
  warnings.warn(
[I 2025-07-04 13:49:59,151] Trial 6 finished with value: 0.7859322251777283 and parameters: {'n_components': 16, 'cov_type': 'full'}. Best is trial 2 with value: 0.8871625118844897.
D:\programs\PythonPrograms\analyze_clusters\.venv\lib\site-packages\sklearn\mixture\_base.py:269: ConvergenceWarning: Best performing initialization did not converge. Try different init parameters, or increase max_iter, tol, or check for degenerate data.
  warnings.warn(
D:\programs\PythonPrograms\analyze_clusters\.venv\lib\site-packages\sklearn\mixture\_base.py:269: ConvergenceWarning: Best performing initialization did not converge. Try different init parameters, or increase max_iter, tol, or check for degenerate data.
  warnings.warn(
D:\programs\PythonPrograms\analyze_clusters\.venv\lib\site-packages\sklearn\mixture\_base.py:269: ConvergenceWarning: Best performing initialization did not converge. Try different init parameters, or increase max_iter, tol, or check for degenerate data.
  warnings.warn(
D:\programs\PythonPrograms\analyze_clusters\.venv\lib\site-packages\sklearn\mixture\_base.py:269: ConvergenceWarning: Best performing initialization did not converge. Try different init parameters, or increase max_iter, tol, or check for degenerate data.
  warnings.warn(
D:\programs\PythonPrograms\analyze_clusters\.venv\lib\site-packages\sklearn\mixture\_base.py:269: ConvergenceWarning: Best performing initialization did not converge. Try different init parameters, or increase max_iter, tol, or check for degenerate data.
  warnings.warn(
D:\programs\PythonPrograms\analyze_clusters\.venv\lib\site-packages\sklearn\mixture\_base.py:269: ConvergenceWarning: Best performing initialization did not converge. Try different init parameters, or increase max_iter, tol, or check for degenerate data.
  warnings.warn(
D:\programs\PythonPrograms\analyze_clusters\.venv\lib\site-packages\sklearn\mixture\_base.py:269: ConvergenceWarning: Best performing initialization did not converge. Try different init parameters, or increase max_iter, tol, or check for degenerate data.
  warnings.warn(
D:\programs\PythonPrograms\analyze_clusters\.venv\lib\site-packages\sklearn\mixture\_base.py:269: ConvergenceWarning: Best performing initialization did not converge. Try different init parameters, or increase max_iter, tol, or check for degenerate data.
  warnings.warn(
D:\programs\PythonPrograms\analyze_clusters\.venv\lib\site-packages\sklearn\mixture\_base.py:269: ConvergenceWarning: Best performing initialization did not converge. Try different init parameters, or increase max_iter, tol, or check for degenerate data.
  warnings.warn(
[I 2025-07-04 13:50:00,326] Trial 7 finished with value: 0.9467660834685521 and parameters: {'n_components': 14, 'cov_type': 'tied'}. Best is trial 7 with value: 0.9467660834685521.
D:\programs\PythonPrograms\analyze_clusters\.venv\lib\site-packages\sklearn\mixture\_base.py:269: ConvergenceWarning: Best performing initialization did not converge. Try different init parameters, or increase max_iter, tol, or check for degenerate data.
  warnings.warn(
[I 2025-07-04 13:50:01,318] Trial 8 finished with value: 0.779055397183295 and parameters: {'n_components': 5, 'cov_type': 'tied'}. Best is trial 7 with value: 0.9467660834685521.
D:\programs\PythonPrograms\analyze_clusters\.venv\lib\site-packages\sklearn\mixture\_base.py:269: ConvergenceWarning: Best performing initialization did not converge. Try different init parameters, or increase max_iter, tol, or check for degenerate data.
  warnings.warn(
D:\programs\PythonPrograms\analyze_clusters\.venv\lib\site-packages\sklearn\mixture\_base.py:269: ConvergenceWarning: Best performing initialization did not converge. Try different init parameters, or increase max_iter, tol, or check for degenerate data.
  warnings.warn(
D:\programs\PythonPrograms\analyze_clusters\.venv\lib\site-packages\sklearn\mixture\_base.py:269: ConvergenceWarning: Best performing initialization did not converge. Try different init parameters, or increase max_iter, tol, or check for degenerate data.
  warnings.warn(
D:\programs\PythonPrograms\analyze_clusters\.venv\lib\site-packages\sklearn\mixture\_base.py:269: ConvergenceWarning: Best performing initialization did not converge. Try different init parameters, or increase max_iter, tol, or check for degenerate data.
  warnings.warn(
D:\programs\PythonPrograms\analyze_clusters\.venv\lib\site-packages\sklearn\mixture\_base.py:269: ConvergenceWarning: Best performing initialization did not converge. Try different init parameters, or increase max_iter, tol, or check for degenerate data.
  warnings.warn(
D:\programs\PythonPrograms\analyze_clusters\.venv\lib\site-packages\sklearn\mixture\_base.py:269: ConvergenceWarning: Best performing initialization did not converge. Try different init parameters, or increase max_iter, tol, or check for degenerate data.
  warnings.warn(
D:\programs\PythonPrograms\analyze_clusters\.venv\lib\site-packages\sklearn\mixture\_base.py:269: ConvergenceWarning: Best performing initialization did not converge. Try different init parameters, or increase max_iter, tol, or check for degenerate data.
  warnings.warn(
[I 2025-07-04 13:50:02,563] Trial 9 finished with value: 0.7722100319049598 and parameters: {'n_components': 13, 'cov_type': 'diag'}. Best is trial 7 with value: 0.9467660834685521.
D:\programs\PythonPrograms\analyze_clusters\.venv\lib\site-packages\sklearn\mixture\_base.py:269: ConvergenceWarning: Best performing initialization did not converge. Try different init parameters, or increase max_iter, tol, or check for degenerate data.
  warnings.warn(
D:\programs\PythonPrograms\analyze_clusters\.venv\lib\site-packages\sklearn\mixture\_base.py:269: ConvergenceWarning: Best performing initialization did not converge. Try different init parameters, or increase max_iter, tol, or check for degenerate data.
  warnings.warn(
D:\programs\PythonPrograms\analyze_clusters\.venv\lib\site-packages\sklearn\mixture\_base.py:269: ConvergenceWarning: Best performing initialization did not converge. Try different init parameters, or increase max_iter, tol, or check for degenerate data.
  warnings.warn(
D:\programs\PythonPrograms\analyze_clusters\.venv\lib\site-packages\sklearn\mixture\_base.py:269: ConvergenceWarning: Best performing initialization did not converge. Try different init parameters, or increase max_iter, tol, or check for degenerate data.
  warnings.warn(
D:\programs\PythonPrograms\analyze_clusters\.venv\lib\site-packages\sklearn\mixture\_base.py:269: ConvergenceWarning: Best performing initialization did not converge. Try different init parameters, or increase max_iter, tol, or check for degenerate data.
  warnings.warn(
D:\programs\PythonPrograms\analyze_clusters\.venv\lib\site-packages\sklearn\mixture\_base.py:269: ConvergenceWarning: Best performing initialization did not converge. Try different init parameters, or increase max_iter, tol, or check for degenerate data.
  warnings.warn(
D:\programs\PythonPrograms\analyze_clusters\.venv\lib\site-packages\sklearn\mixture\_base.py:269: ConvergenceWarning: Best performing initialization did not converge. Try different init parameters, or increase max_iter, tol, or check for degenerate data.
  warnings.warn(
D:\programs\PythonPrograms\analyze_clusters\.venv\lib\site-packages\sklearn\mixture\_base.py:269: ConvergenceWarning: Best performing initialization did not converge. Try different init parameters, or increase max_iter, tol, or check for degenerate data.
  warnings.warn(
[I 2025-07-04 13:50:04,174] Trial 10 finished with value: 1.0786023980326909 and parameters: {'n_components': 19, 'cov_type': 'tied'}. Best is trial 10 with value: 1.0786023980326909.
D:\programs\PythonPrograms\analyze_clusters\.venv\lib\site-packages\sklearn\mixture\_base.py:269: ConvergenceWarning: Best performing initialization did not converge. Try different init parameters, or increase max_iter, tol, or check for degenerate data.
  warnings.warn(
D:\programs\PythonPrograms\analyze_clusters\.venv\lib\site-packages\sklearn\mixture\_base.py:269: ConvergenceWarning: Best performing initialization did not converge. Try different init parameters, or increase max_iter, tol, or check for degenerate data.
  warnings.warn(
D:\programs\PythonPrograms\analyze_clusters\.venv\lib\site-packages\sklearn\mixture\_base.py:269: ConvergenceWarning: Best performing initialization did not converge. Try different init parameters, or increase max_iter, tol, or check for degenerate data.
  warnings.warn(
D:\programs\PythonPrograms\analyze_clusters\.venv\lib\site-packages\sklearn\mixture\_base.py:269: ConvergenceWarning: Best performing initialization did not converge. Try different init parameters, or increase max_iter, tol, or check for degenerate data.
  warnings.warn(
D:\programs\PythonPrograms\analyze_clusters\.venv\lib\site-packages\sklearn\mixture\_base.py:269: ConvergenceWarning: Best performing initialization did not converge. Try different init parameters, or increase max_iter, tol, or check for degenerate data.
  warnings.warn(
D:\programs\PythonPrograms\analyze_clusters\.venv\lib\site-packages\sklearn\mixture\_base.py:269: ConvergenceWarning: Best performing initialization did not converge. Try different init parameters, or increase max_iter, tol, or check for degenerate data.
  warnings.warn(
D:\programs\PythonPrograms\analyze_clusters\.venv\lib\site-packages\sklearn\mixture\_base.py:269: ConvergenceWarning: Best performing initialization did not converge. Try different init parameters, or increase max_iter, tol, or check for degenerate data.
  warnings.warn(
D:\programs\PythonPrograms\analyze_clusters\.venv\lib\site-packages\sklearn\mixture\_base.py:269: ConvergenceWarning: Best performing initialization did not converge. Try different init parameters, or increase max_iter, tol, or check for degenerate data.
  warnings.warn(
[I 2025-07-04 13:50:06,267] Trial 11 finished with value: 1.0786023980326909 and parameters: {'n_components': 19, 'cov_type': 'tied'}. Best is trial 10 with value: 1.0786023980326909.
D:\programs\PythonPrograms\analyze_clusters\.venv\lib\site-packages\sklearn\mixture\_base.py:269: ConvergenceWarning: Best performing initialization did not converge. Try different init parameters, or increase max_iter, tol, or check for degenerate data.
  warnings.warn(
D:\programs\PythonPrograms\analyze_clusters\.venv\lib\site-packages\sklearn\mixture\_base.py:269: ConvergenceWarning: Best performing initialization did not converge. Try different init parameters, or increase max_iter, tol, or check for degenerate data.
  warnings.warn(
D:\programs\PythonPrograms\analyze_clusters\.venv\lib\site-packages\sklearn\mixture\_base.py:269: ConvergenceWarning: Best performing initialization did not converge. Try different init parameters, or increase max_iter, tol, or check for degenerate data.
  warnings.warn(
D:\programs\PythonPrograms\analyze_clusters\.venv\lib\site-packages\sklearn\mixture\_base.py:269: ConvergenceWarning: Best performing initialization did not converge. Try different init parameters, or increase max_iter, tol, or check for degenerate data.
  warnings.warn(
D:\programs\PythonPrograms\analyze_clusters\.venv\lib\site-packages\sklearn\mixture\_base.py:269: ConvergenceWarning: Best performing initialization did not converge. Try different init parameters, or increase max_iter, tol, or check for degenerate data.
  warnings.warn(
D:\programs\PythonPrograms\analyze_clusters\.venv\lib\site-packages\sklearn\mixture\_base.py:269: ConvergenceWarning: Best performing initialization did not converge. Try different init parameters, or increase max_iter, tol, or check for degenerate data.
  warnings.warn(
D:\programs\PythonPrograms\analyze_clusters\.venv\lib\site-packages\sklearn\mixture\_base.py:269: ConvergenceWarning: Best performing initialization did not converge. Try different init parameters, or increase max_iter, tol, or check for degenerate data.
  warnings.warn(
D:\programs\PythonPrograms\analyze_clusters\.venv\lib\site-packages\sklearn\mixture\_base.py:269: ConvergenceWarning: Best performing initialization did not converge. Try different init parameters, or increase max_iter, tol, or check for degenerate data.
  warnings.warn(
[I 2025-07-04 13:50:08,195] Trial 12 finished with value: 1.0786023980326909 and parameters: {'n_components': 19, 'cov_type': 'tied'}. Best is trial 10 with value: 1.0786023980326909.
D:\programs\PythonPrograms\analyze_clusters\.venv\lib\site-packages\sklearn\mixture\_base.py:269: ConvergenceWarning: Best performing initialization did not converge. Try different init parameters, or increase max_iter, tol, or check for degenerate data.
  warnings.warn(
D:\programs\PythonPrograms\analyze_clusters\.venv\lib\site-packages\sklearn\mixture\_base.py:269: ConvergenceWarning: Best performing initialization did not converge. Try different init parameters, or increase max_iter, tol, or check for degenerate data.
  warnings.warn(
D:\programs\PythonPrograms\analyze_clusters\.venv\lib\site-packages\sklearn\mixture\_base.py:269: ConvergenceWarning: Best performing initialization did not converge. Try different init parameters, or increase max_iter, tol, or check for degenerate data.
  warnings.warn(
D:\programs\PythonPrograms\analyze_clusters\.venv\lib\site-packages\sklearn\mixture\_base.py:269: ConvergenceWarning: Best performing initialization did not converge. Try different init parameters, or increase max_iter, tol, or check for degenerate data.
  warnings.warn(
D:\programs\PythonPrograms\analyze_clusters\.venv\lib\site-packages\sklearn\mixture\_base.py:269: ConvergenceWarning: Best performing initialization did not converge. Try different init parameters, or increase max_iter, tol, or check for degenerate data.
  warnings.warn(
D:\programs\PythonPrograms\analyze_clusters\.venv\lib\site-packages\sklearn\mixture\_base.py:269: ConvergenceWarning: Best performing initialization did not converge. Try different init parameters, or increase max_iter, tol, or check for degenerate data.
  warnings.warn(
D:\programs\PythonPrograms\analyze_clusters\.venv\lib\site-packages\sklearn\mixture\_base.py:269: ConvergenceWarning: Best performing initialization did not converge. Try different init parameters, or increase max_iter, tol, or check for degenerate data.
  warnings.warn(
D:\programs\PythonPrograms\analyze_clusters\.venv\lib\site-packages\sklearn\mixture\_base.py:269: ConvergenceWarning: Best performing initialization did not converge. Try different init parameters, or increase max_iter, tol, or check for degenerate data.
  warnings.warn(
[I 2025-07-04 13:50:10,288] Trial 13 finished with value: 1.0786023980326909 and parameters: {'n_components': 19, 'cov_type': 'tied'}. Best is trial 10 with value: 1.0786023980326909.
D:\programs\PythonPrograms\analyze_clusters\.venv\lib\site-packages\sklearn\mixture\_base.py:269: ConvergenceWarning: Best performing initialization did not converge. Try different init parameters, or increase max_iter, tol, or check for degenerate data.
  warnings.warn(
D:\programs\PythonPrograms\analyze_clusters\.venv\lib\site-packages\sklearn\mixture\_base.py:269: ConvergenceWarning: Best performing initialization did not converge. Try different init parameters, or increase max_iter, tol, or check for degenerate data.
  warnings.warn(
D:\programs\PythonPrograms\analyze_clusters\.venv\lib\site-packages\sklearn\mixture\_base.py:269: ConvergenceWarning: Best performing initialization did not converge. Try different init parameters, or increase max_iter, tol, or check for degenerate data.
  warnings.warn(
D:\programs\PythonPrograms\analyze_clusters\.venv\lib\site-packages\sklearn\mixture\_base.py:269: ConvergenceWarning: Best performing initialization did not converge. Try different init parameters, or increase max_iter, tol, or check for degenerate data.
  warnings.warn(
D:\programs\PythonPrograms\analyze_clusters\.venv\lib\site-packages\sklearn\mixture\_base.py:269: ConvergenceWarning: Best performing initialization did not converge. Try different init parameters, or increase max_iter, tol, or check for degenerate data.
  warnings.warn(
D:\programs\PythonPrograms\analyze_clusters\.venv\lib\site-packages\sklearn\mixture\_base.py:269: ConvergenceWarning: Best performing initialization did not converge. Try different init parameters, or increase max_iter, tol, or check for degenerate data.
  warnings.warn(
D:\programs\PythonPrograms\analyze_clusters\.venv\lib\site-packages\sklearn\mixture\_base.py:269: ConvergenceWarning: Best performing initialization did not converge. Try different init parameters, or increase max_iter, tol, or check for degenerate data.
  warnings.warn(
D:\programs\PythonPrograms\analyze_clusters\.venv\lib\site-packages\sklearn\mixture\_base.py:269: ConvergenceWarning: Best performing initialization did not converge. Try different init parameters, or increase max_iter, tol, or check for degenerate data.
  warnings.warn(
D:\programs\PythonPrograms\analyze_clusters\.venv\lib\site-packages\sklearn\mixture\_base.py:269: ConvergenceWarning: Best performing initialization did not converge. Try different init parameters, or increase max_iter, tol, or check for degenerate data.
  warnings.warn(
D:\programs\PythonPrograms\analyze_clusters\.venv\lib\site-packages\sklearn\mixture\_base.py:269: ConvergenceWarning: Best performing initialization did not converge. Try different init parameters, or increase max_iter, tol, or check for degenerate data.
  warnings.warn(
D:\programs\PythonPrograms\analyze_clusters\.venv\lib\site-packages\sklearn\mixture\_base.py:269: ConvergenceWarning: Best performing initialization did not converge. Try different init parameters, or increase max_iter, tol, or check for degenerate data.
  warnings.warn(
D:\programs\PythonPrograms\analyze_clusters\.venv\lib\site-packages\sklearn\mixture\_base.py:269: ConvergenceWarning: Best performing initialization did not converge. Try different init parameters, or increase max_iter, tol, or check for degenerate data.
  warnings.warn(
D:\programs\PythonPrograms\analyze_clusters\.venv\lib\site-packages\sklearn\mixture\_base.py:269: ConvergenceWarning: Best performing initialization did not converge. Try different init parameters, or increase max_iter, tol, or check for degenerate data.
  warnings.warn(
D:\programs\PythonPrograms\analyze_clusters\.venv\lib\site-packages\sklearn\mixture\_base.py:269: ConvergenceWarning: Best performing initialization did not converge. Try different init parameters, or increase max_iter, tol, or check for degenerate data.
  warnings.warn(
D:\programs\PythonPrograms\analyze_clusters\.venv\lib\site-packages\sklearn\mixture\_base.py:269: ConvergenceWarning: Best performing initialization did not converge. Try different init parameters, or increase max_iter, tol, or check for degenerate data.
  warnings.warn(
D:\programs\PythonPrograms\analyze_clusters\.venv\lib\site-packages\sklearn\mixture\_base.py:269: ConvergenceWarning: Best performing initialization did not converge. Try different init parameters, or increase max_iter, tol, or check for degenerate data.
  warnings.warn(
D:\programs\PythonPrograms\analyze_clusters\.venv\lib\site-packages\sklearn\mixture\_base.py:269: ConvergenceWarning: Best performing initialization did not converge. Try different init parameters, or increase max_iter, tol, or check for degenerate data.
  warnings.warn(
D:\programs\PythonPrograms\analyze_clusters\.venv\lib\site-packages\sklearn\mixture\_base.py:269: ConvergenceWarning: Best performing initialization did not converge. Try different init parameters, or increase max_iter, tol, or check for degenerate data.
  warnings.warn(
D:\programs\PythonPrograms\analyze_clusters\.venv\lib\site-packages\sklearn\mixture\_base.py:269: ConvergenceWarning: Best performing initialization did not converge. Try different init parameters, or increase max_iter, tol, or check for degenerate data.
  warnings.warn(
D:\programs\PythonPrograms\analyze_clusters\.venv\lib\site-packages\sklearn\mixture\_base.py:269: ConvergenceWarning: Best performing initialization did not converge. Try different init parameters, or increase max_iter, tol, or check for degenerate data.
  warnings.warn(
D:\programs\PythonPrograms\analyze_clusters\.venv\lib\site-packages\sklearn\mixture\_base.py:269: ConvergenceWarning: Best performing initialization did not converge. Try different init parameters, or increase max_iter, tol, or check for degenerate data.
  warnings.warn(
D:\programs\PythonPrograms\analyze_clusters\.venv\lib\site-packages\sklearn\mixture\_base.py:269: ConvergenceWarning: Best performing initialization did not converge. Try different init parameters, or increase max_iter, tol, or check for degenerate data.
  warnings.warn(
D:\programs\PythonPrograms\analyze_clusters\.venv\lib\site-packages\sklearn\mixture\_base.py:269: ConvergenceWarning: Best performing initialization did not converge. Try different init parameters, or increase max_iter, tol, or check for degenerate data.
  warnings.warn(
D:\programs\PythonPrograms\analyze_clusters\.venv\lib\site-packages\sklearn\mixture\_base.py:269: ConvergenceWarning: Best performing initialization did not converge. Try different init parameters, or increase max_iter, tol, or check for degenerate data.
  warnings.warn(
D:\programs\PythonPrograms\analyze_clusters\.venv\lib\site-packages\sklearn\mixture\_base.py:269: ConvergenceWarning: Best performing initialization did not converge. Try different init parameters, or increase max_iter, tol, or check for degenerate data.
  warnings.warn(
D:\programs\PythonPrograms\analyze_clusters\.venv\lib\site-packages\sklearn\mixture\_base.py:269: ConvergenceWarning: Best performing initialization did not converge. Try different init parameters, or increase max_iter, tol, or check for degenerate data.
  warnings.warn(
D:\programs\PythonPrograms\analyze_clusters\.venv\lib\site-packages\sklearn\mixture\_base.py:269: ConvergenceWarning: Best performing initialization did not converge. Try different init parameters, or increase max_iter, tol, or check for degenerate data.
  warnings.warn(
D:\programs\PythonPrograms\analyze_clusters\.venv\lib\site-packages\sklearn\mixture\_base.py:269: ConvergenceWarning: Best performing initialization did not converge. Try different init parameters, or increase max_iter, tol, or check for degenerate data.
  warnings.warn(
D:\programs\PythonPrograms\analyze_clusters\.venv\lib\site-packages\sklearn\mixture\_base.py:269: ConvergenceWarning: Best performing initialization did not converge. Try different init parameters, or increase max_iter, tol, or check for degenerate data.
  warnings.warn(
D:\programs\PythonPrograms\analyze_clusters\.venv\lib\site-packages\sklearn\mixture\_base.py:269: ConvergenceWarning: Best performing initialization did not converge. Try different init parameters, or increase max_iter, tol, or check for degenerate data.
  warnings.warn(
D:\programs\PythonPrograms\analyze_clusters\.venv\lib\site-packages\sklearn\mixture\_base.py:269: ConvergenceWarning: Best performing initialization did not converge. Try different init parameters, or increase max_iter, tol, or check for degenerate data.
  warnings.warn(
D:\programs\PythonPrograms\analyze_clusters\.venv\lib\site-packages\sklearn\mixture\_base.py:269: ConvergenceWarning: Best performing initialization did not converge. Try different init parameters, or increase max_iter, tol, or check for degenerate data.
  warnings.warn(
D:\programs\PythonPrograms\analyze_clusters\.venv\lib\site-packages\sklearn\mixture\_base.py:269: ConvergenceWarning: Best performing initialization did not converge. Try different init parameters, or increase max_iter, tol, or check for degenerate data.
  warnings.warn(
D:\programs\PythonPrograms\analyze_clusters\.venv\lib\site-packages\sklearn\mixture\_base.py:269: ConvergenceWarning: Best performing initialization did not converge. Try different init parameters, or increase max_iter, tol, or check for degenerate data.
  warnings.warn(
D:\programs\PythonPrograms\analyze_clusters\.venv\lib\site-packages\sklearn\mixture\_base.py:269: ConvergenceWarning: Best performing initialization did not converge. Try different init parameters, or increase max_iter, tol, or check for degenerate data.
  warnings.warn(
D:\programs\PythonPrograms\analyze_clusters\.venv\lib\site-packages\sklearn\mixture\_base.py:269: ConvergenceWarning: Best performing initialization did not converge. Try different init parameters, or increase max_iter, tol, or check for degenerate data.
  warnings.warn(
D:\programs\PythonPrograms\analyze_clusters\.venv\lib\site-packages\sklearn\mixture\_base.py:269: ConvergenceWarning: Best performing initialization did not converge. Try different init parameters, or increase max_iter, tol, or check for degenerate data.
  warnings.warn(
[I 2025-07-04 13:50:12,674] Trial 14 finished with value: 0.9065682116297833 and parameters: {'n_components': 17, 'cov_type': 'spherical'}. Best is trial 10 with value: 1.0786023980326909.
D:\programs\PythonPrograms\analyze_clusters\.venv\lib\site-packages\sklearn\mixture\_base.py:269: ConvergenceWarning: Best performing initialization did not converge. Try different init parameters, or increase max_iter, tol, or check for degenerate data.
  warnings.warn(
D:\programs\PythonPrograms\analyze_clusters\.venv\lib\site-packages\sklearn\mixture\_base.py:269: ConvergenceWarning: Best performing initialization did not converge. Try different init parameters, or increase max_iter, tol, or check for degenerate data.
  warnings.warn(
D:\programs\PythonPrograms\analyze_clusters\.venv\lib\site-packages\sklearn\mixture\_base.py:269: ConvergenceWarning: Best performing initialization did not converge. Try different init parameters, or increase max_iter, tol, or check for degenerate data.
  warnings.warn(
D:\programs\PythonPrograms\analyze_clusters\.venv\lib\site-packages\sklearn\mixture\_base.py:269: ConvergenceWarning: Best performing initialization did not converge. Try different init parameters, or increase max_iter, tol, or check for degenerate data.
  warnings.warn(
D:\programs\PythonPrograms\analyze_clusters\.venv\lib\site-packages\sklearn\mixture\_base.py:269: ConvergenceWarning: Best performing initialization did not converge. Try different init parameters, or increase max_iter, tol, or check for degenerate data.
  warnings.warn(
D:\programs\PythonPrograms\analyze_clusters\.venv\lib\site-packages\sklearn\mixture\_base.py:269: ConvergenceWarning: Best performing initialization did not converge. Try different init parameters, or increase max_iter, tol, or check for degenerate data.
  warnings.warn(
D:\programs\PythonPrograms\analyze_clusters\.venv\lib\site-packages\sklearn\mixture\_base.py:269: ConvergenceWarning: Best performing initialization did not converge. Try different init parameters, or increase max_iter, tol, or check for degenerate data.
  warnings.warn(
D:\programs\PythonPrograms\analyze_clusters\.venv\lib\site-packages\sklearn\mixture\_base.py:269: ConvergenceWarning: Best performing initialization did not converge. Try different init parameters, or increase max_iter, tol, or check for degenerate data.
  warnings.warn(
[I 2025-07-04 13:50:14,329] Trial 15 finished with value: 1.0303038587856506 and parameters: {'n_components': 17, 'cov_type': 'tied'}. Best is trial 10 with value: 1.0786023980326909.
D:\programs\PythonPrograms\analyze_clusters\.venv\lib\site-packages\sklearn\mixture\_base.py:269: ConvergenceWarning: Best performing initialization did not converge. Try different init parameters, or increase max_iter, tol, or check for degenerate data.
  warnings.warn(
D:\programs\PythonPrograms\analyze_clusters\.venv\lib\site-packages\sklearn\mixture\_base.py:269: ConvergenceWarning: Best performing initialization did not converge. Try different init parameters, or increase max_iter, tol, or check for degenerate data.
  warnings.warn(
D:\programs\PythonPrograms\analyze_clusters\.venv\lib\site-packages\sklearn\mixture\_base.py:269: ConvergenceWarning: Best performing initialization did not converge. Try different init parameters, or increase max_iter, tol, or check for degenerate data.
  warnings.warn(
D:\programs\PythonPrograms\analyze_clusters\.venv\lib\site-packages\sklearn\mixture\_base.py:269: ConvergenceWarning: Best performing initialization did not converge. Try different init parameters, or increase max_iter, tol, or check for degenerate data.
  warnings.warn(
D:\programs\PythonPrograms\analyze_clusters\.venv\lib\site-packages\sklearn\mixture\_base.py:269: ConvergenceWarning: Best performing initialization did not converge. Try different init parameters, or increase max_iter, tol, or check for degenerate data.
  warnings.warn(
D:\programs\PythonPrograms\analyze_clusters\.venv\lib\site-packages\sklearn\mixture\_base.py:269: ConvergenceWarning: Best performing initialization did not converge. Try different init parameters, or increase max_iter, tol, or check for degenerate data.
  warnings.warn(
D:\programs\PythonPrograms\analyze_clusters\.venv\lib\site-packages\sklearn\mixture\_base.py:269: ConvergenceWarning: Best performing initialization did not converge. Try different init parameters, or increase max_iter, tol, or check for degenerate data.
  warnings.warn(
D:\programs\PythonPrograms\analyze_clusters\.venv\lib\site-packages\sklearn\mixture\_base.py:269: ConvergenceWarning: Best performing initialization did not converge. Try different init parameters, or increase max_iter, tol, or check for degenerate data.
  warnings.warn(
[I 2025-07-04 13:50:16,334] Trial 16 finished with value: 1.0786023980326909 and parameters: {'n_components': 19, 'cov_type': 'tied'}. Best is trial 10 with value: 1.0786023980326909.
D:\programs\PythonPrograms\analyze_clusters\.venv\lib\site-packages\sklearn\mixture\_base.py:269: ConvergenceWarning: Best performing initialization did not converge. Try different init parameters, or increase max_iter, tol, or check for degenerate data.
  warnings.warn(
D:\programs\PythonPrograms\analyze_clusters\.venv\lib\site-packages\sklearn\mixture\_base.py:269: ConvergenceWarning: Best performing initialization did not converge. Try different init parameters, or increase max_iter, tol, or check for degenerate data.
  warnings.warn(
D:\programs\PythonPrograms\analyze_clusters\.venv\lib\site-packages\sklearn\mixture\_base.py:269: ConvergenceWarning: Best performing initialization did not converge. Try different init parameters, or increase max_iter, tol, or check for degenerate data.
  warnings.warn(
[I 2025-07-04 13:50:17,656] Trial 17 finished with value: 0.9429796125890274 and parameters: {'n_components': 9, 'cov_type': 'tied'}. Best is trial 10 with value: 1.0786023980326909.
D:\programs\PythonPrograms\analyze_clusters\.venv\lib\site-packages\sklearn\mixture\_base.py:269: ConvergenceWarning: Best performing initialization did not converge. Try different init parameters, or increase max_iter, tol, or check for degenerate data.
  warnings.warn(
D:\programs\PythonPrograms\analyze_clusters\.venv\lib\site-packages\sklearn\mixture\_base.py:269: ConvergenceWarning: Best performing initialization did not converge. Try different init parameters, or increase max_iter, tol, or check for degenerate data.
  warnings.warn(
D:\programs\PythonPrograms\analyze_clusters\.venv\lib\site-packages\sklearn\mixture\_base.py:269: ConvergenceWarning: Best performing initialization did not converge. Try different init parameters, or increase max_iter, tol, or check for degenerate data.
  warnings.warn(
D:\programs\PythonPrograms\analyze_clusters\.venv\lib\site-packages\sklearn\mixture\_base.py:269: ConvergenceWarning: Best performing initialization did not converge. Try different init parameters, or increase max_iter, tol, or check for degenerate data.
  warnings.warn(
D:\programs\PythonPrograms\analyze_clusters\.venv\lib\site-packages\sklearn\mixture\_base.py:269: ConvergenceWarning: Best performing initialization did not converge. Try different init parameters, or increase max_iter, tol, or check for degenerate data.
  warnings.warn(
D:\programs\PythonPrograms\analyze_clusters\.venv\lib\site-packages\sklearn\mixture\_base.py:269: ConvergenceWarning: Best performing initialization did not converge. Try different init parameters, or increase max_iter, tol, or check for degenerate data.
  warnings.warn(
D:\programs\PythonPrograms\analyze_clusters\.venv\lib\site-packages\sklearn\mixture\_base.py:269: ConvergenceWarning: Best performing initialization did not converge. Try different init parameters, or increase max_iter, tol, or check for degenerate data.
  warnings.warn(
D:\programs\PythonPrograms\analyze_clusters\.venv\lib\site-packages\sklearn\mixture\_base.py:269: ConvergenceWarning: Best performing initialization did not converge. Try different init parameters, or increase max_iter, tol, or check for degenerate data.
  warnings.warn(
D:\programs\PythonPrograms\analyze_clusters\.venv\lib\site-packages\sklearn\mixture\_base.py:269: ConvergenceWarning: Best performing initialization did not converge. Try different init parameters, or increase max_iter, tol, or check for degenerate data.
  warnings.warn(
D:\programs\PythonPrograms\analyze_clusters\.venv\lib\site-packages\sklearn\mixture\_base.py:269: ConvergenceWarning: Best performing initialization did not converge. Try different init parameters, or increase max_iter, tol, or check for degenerate data.
  warnings.warn(
D:\programs\PythonPrograms\analyze_clusters\.venv\lib\site-packages\sklearn\mixture\_base.py:269: ConvergenceWarning: Best performing initialization did not converge. Try different init parameters, or increase max_iter, tol, or check for degenerate data.
  warnings.warn(
D:\programs\PythonPrograms\analyze_clusters\.venv\lib\site-packages\sklearn\mixture\_base.py:269: ConvergenceWarning: Best performing initialization did not converge. Try different init parameters, or increase max_iter, tol, or check for degenerate data.
  warnings.warn(
D:\programs\PythonPrograms\analyze_clusters\.venv\lib\site-packages\sklearn\mixture\_base.py:269: ConvergenceWarning: Best performing initialization did not converge. Try different init parameters, or increase max_iter, tol, or check for degenerate data.
  warnings.warn(
[I 2025-07-04 13:50:18,947] Trial 18 finished with value: 1.0217051360674567 and parameters: {'n_components': 18, 'cov_type': 'spherical'}. Best is trial 10 with value: 1.0786023980326909.
D:\programs\PythonPrograms\analyze_clusters\.venv\lib\site-packages\sklearn\mixture\_base.py:269: ConvergenceWarning: Best performing initialization did not converge. Try different init parameters, or increase max_iter, tol, or check for degenerate data.
  warnings.warn(
D:\programs\PythonPrograms\analyze_clusters\.venv\lib\site-packages\sklearn\mixture\_base.py:269: ConvergenceWarning: Best performing initialization did not converge. Try different init parameters, or increase max_iter, tol, or check for degenerate data.
  warnings.warn(
D:\programs\PythonPrograms\analyze_clusters\.venv\lib\site-packages\sklearn\mixture\_base.py:269: ConvergenceWarning: Best performing initialization did not converge. Try different init parameters, or increase max_iter, tol, or check for degenerate data.
  warnings.warn(
D:\programs\PythonPrograms\analyze_clusters\.venv\lib\site-packages\sklearn\mixture\_base.py:269: ConvergenceWarning: Best performing initialization did not converge. Try different init parameters, or increase max_iter, tol, or check for degenerate data.
  warnings.warn(
D:\programs\PythonPrograms\analyze_clusters\.venv\lib\site-packages\sklearn\mixture\_base.py:269: ConvergenceWarning: Best performing initialization did not converge. Try different init parameters, or increase max_iter, tol, or check for degenerate data.
  warnings.warn(
D:\programs\PythonPrograms\analyze_clusters\.venv\lib\site-packages\sklearn\mixture\_base.py:269: ConvergenceWarning: Best performing initialization did not converge. Try different init parameters, or increase max_iter, tol, or check for degenerate data.
  warnings.warn(
D:\programs\PythonPrograms\analyze_clusters\.venv\lib\site-packages\sklearn\mixture\_base.py:269: ConvergenceWarning: Best performing initialization did not converge. Try different init parameters, or increase max_iter, tol, or check for degenerate data.
  warnings.warn(
D:\programs\PythonPrograms\analyze_clusters\.venv\lib\site-packages\sklearn\mixture\_base.py:269: ConvergenceWarning: Best performing initialization did not converge. Try different init parameters, or increase max_iter, tol, or check for degenerate data.
  warnings.warn(
D:\programs\PythonPrograms\analyze_clusters\.venv\lib\site-packages\sklearn\mixture\_base.py:269: ConvergenceWarning: Best performing initialization did not converge. Try different init parameters, or increase max_iter, tol, or check for degenerate data.
  warnings.warn(
D:\programs\PythonPrograms\analyze_clusters\.venv\lib\site-packages\sklearn\mixture\_base.py:269: ConvergenceWarning: Best performing initialization did not converge. Try different init parameters, or increase max_iter, tol, or check for degenerate data.
  warnings.warn(
D:\programs\PythonPrograms\analyze_clusters\.venv\lib\site-packages\sklearn\mixture\_base.py:269: ConvergenceWarning: Best performing initialization did not converge. Try different init parameters, or increase max_iter, tol, or check for degenerate data.
  warnings.warn(
[I 2025-07-04 13:50:20,178] Trial 19 finished with value: 0.7571143842607928 and parameters: {'n_components': 16, 'cov_type': 'diag'}. Best is trial 10 with value: 1.0786023980326909.
D:\programs\PythonPrograms\analyze_clusters\.venv\lib\site-packages\sklearn\mixture\_base.py:269: ConvergenceWarning: Best performing initialization did not converge. Try different init parameters, or increase max_iter, tol, or check for degenerate data.
  warnings.warn(
D:\programs\PythonPrograms\analyze_clusters\.venv\lib\site-packages\sklearn\mixture\_base.py:269: ConvergenceWarning: Best performing initialization did not converge. Try different init parameters, or increase max_iter, tol, or check for degenerate data.
  warnings.warn(
D:\programs\PythonPrograms\analyze_clusters\.venv\lib\site-packages\sklearn\mixture\_base.py:269: ConvergenceWarning: Best performing initialization did not converge. Try different init parameters, or increase max_iter, tol, or check for degenerate data.
  warnings.warn(
D:\programs\PythonPrograms\analyze_clusters\.venv\lib\site-packages\sklearn\mixture\_base.py:269: ConvergenceWarning: Best performing initialization did not converge. Try different init parameters, or increase max_iter, tol, or check for degenerate data.
  warnings.warn(
D:\programs\PythonPrograms\analyze_clusters\.venv\lib\site-packages\sklearn\mixture\_base.py:269: ConvergenceWarning: Best performing initialization did not converge. Try different init parameters, or increase max_iter, tol, or check for degenerate data.
  warnings.warn(
D:\programs\PythonPrograms\analyze_clusters\.venv\lib\site-packages\sklearn\mixture\_base.py:269: ConvergenceWarning: Best performing initialization did not converge. Try different init parameters, or increase max_iter, tol, or check for degenerate data.
  warnings.warn(
D:\programs\PythonPrograms\analyze_clusters\.venv\lib\site-packages\sklearn\mixture\_base.py:269: ConvergenceWarning: Best performing initialization did not converge. Try different init parameters, or increase max_iter, tol, or check for degenerate data.
  warnings.warn(
D:\programs\PythonPrograms\analyze_clusters\.venv\lib\site-packages\sklearn\mixture\_base.py:269: ConvergenceWarning: Best performing initialization did not converge. Try different init parameters, or increase max_iter, tol, or check for degenerate data.
  warnings.warn(
D:\programs\PythonPrograms\analyze_clusters\.venv\lib\site-packages\sklearn\mixture\_base.py:269: ConvergenceWarning: Best performing initialization did not converge. Try different init parameters, or increase max_iter, tol, or check for degenerate data.
  warnings.warn(
D:\programs\PythonPrograms\analyze_clusters\.venv\lib\site-packages\sklearn\mixture\_base.py:269: ConvergenceWarning: Best performing initialization did not converge. Try different init parameters, or increase max_iter, tol, or check for degenerate data.
  warnings.warn(
D:\programs\PythonPrograms\analyze_clusters\.venv\lib\site-packages\sklearn\mixture\_base.py:269: ConvergenceWarning: Best performing initialization did not converge. Try different init parameters, or increase max_iter, tol, or check for degenerate data.
  warnings.warn(
D:\programs\PythonPrograms\analyze_clusters\.venv\lib\site-packages\sklearn\mixture\_base.py:269: ConvergenceWarning: Best performing initialization did not converge. Try different init parameters, or increase max_iter, tol, or check for degenerate data.
  warnings.warn(
D:\programs\PythonPrograms\analyze_clusters\.venv\lib\site-packages\sklearn\mixture\_base.py:269: ConvergenceWarning: Best performing initialization did not converge. Try different init parameters, or increase max_iter, tol, or check for degenerate data.
  warnings.warn(
D:\programs\PythonPrograms\analyze_clusters\.venv\lib\site-packages\sklearn\mixture\_base.py:269: ConvergenceWarning: Best performing initialization did not converge. Try different init parameters, or increase max_iter, tol, or check for degenerate data.
  warnings.warn(
D:\programs\PythonPrograms\analyze_clusters\.venv\lib\site-packages\sklearn\mixture\_base.py:269: ConvergenceWarning: Best performing initialization did not converge. Try different init parameters, or increase max_iter, tol, or check for degenerate data.
  warnings.warn(
D:\programs\PythonPrograms\analyze_clusters\.venv\lib\site-packages\sklearn\mixture\_base.py:269: ConvergenceWarning: Best performing initialization did not converge. Try different init parameters, or increase max_iter, tol, or check for degenerate data.
  warnings.warn(
D:\programs\PythonPrograms\analyze_clusters\.venv\lib\site-packages\sklearn\mixture\_base.py:269: ConvergenceWarning: Best performing initialization did not converge. Try different init parameters, or increase max_iter, tol, or check for degenerate data.
  warnings.warn(
D:\programs\PythonPrograms\analyze_clusters\.venv\lib\site-packages\sklearn\mixture\_base.py:269: ConvergenceWarning: Best performing initialization did not converge. Try different init parameters, or increase max_iter, tol, or check for degenerate data.
  warnings.warn(
D:\programs\PythonPrograms\analyze_clusters\.venv\lib\site-packages\sklearn\mixture\_base.py:269: ConvergenceWarning: Best performing initialization did not converge. Try different init parameters, or increase max_iter, tol, or check for degenerate data.
  warnings.warn(
D:\programs\PythonPrograms\analyze_clusters\.venv\lib\site-packages\sklearn\mixture\_base.py:269: ConvergenceWarning: Best performing initialization did not converge. Try different init parameters, or increase max_iter, tol, or check for degenerate data.
  warnings.warn(
D:\programs\PythonPrograms\analyze_clusters\.venv\lib\site-packages\sklearn\mixture\_base.py:269: ConvergenceWarning: Best performing initialization did not converge. Try different init parameters, or increase max_iter, tol, or check for degenerate data.
  warnings.warn(
D:\programs\PythonPrograms\analyze_clusters\.venv\lib\site-packages\sklearn\mixture\_base.py:269: ConvergenceWarning: Best performing initialization did not converge. Try different init parameters, or increase max_iter, tol, or check for degenerate data.
  warnings.warn(
D:\programs\PythonPrograms\analyze_clusters\.venv\lib\site-packages\sklearn\mixture\_base.py:269: ConvergenceWarning: Best performing initialization did not converge. Try different init parameters, or increase max_iter, tol, or check for degenerate data.
  warnings.warn(
D:\programs\PythonPrograms\analyze_clusters\.venv\lib\site-packages\sklearn\mixture\_base.py:269: ConvergenceWarning: Best performing initialization did not converge. Try different init parameters, or increase max_iter, tol, or check for degenerate data.
  warnings.warn(
D:\programs\PythonPrograms\analyze_clusters\.venv\lib\site-packages\sklearn\mixture\_base.py:269: ConvergenceWarning: Best performing initialization did not converge. Try different init parameters, or increase max_iter, tol, or check for degenerate data.
  warnings.warn(
D:\programs\PythonPrograms\analyze_clusters\.venv\lib\site-packages\sklearn\mixture\_base.py:269: ConvergenceWarning: Best performing initialization did not converge. Try different init parameters, or increase max_iter, tol, or check for degenerate data.
  warnings.warn(
D:\programs\PythonPrograms\analyze_clusters\.venv\lib\site-packages\sklearn\mixture\_base.py:269: ConvergenceWarning: Best performing initialization did not converge. Try different init parameters, or increase max_iter, tol, or check for degenerate data.
  warnings.warn(
D:\programs\PythonPrograms\analyze_clusters\.venv\lib\site-packages\sklearn\mixture\_base.py:269: ConvergenceWarning: Best performing initialization did not converge. Try different init parameters, or increase max_iter, tol, or check for degenerate data.
  warnings.warn(
D:\programs\PythonPrograms\analyze_clusters\.venv\lib\site-packages\sklearn\mixture\_base.py:269: ConvergenceWarning: Best performing initialization did not converge. Try different init parameters, or increase max_iter, tol, or check for degenerate data.
  warnings.warn(
D:\programs\PythonPrograms\analyze_clusters\.venv\lib\site-packages\sklearn\mixture\_base.py:269: ConvergenceWarning: Best performing initialization did not converge. Try different init parameters, or increase max_iter, tol, or check for degenerate data.
  warnings.warn(
D:\programs\PythonPrograms\analyze_clusters\.venv\lib\site-packages\sklearn\mixture\_base.py:269: ConvergenceWarning: Best performing initialization did not converge. Try different init parameters, or increase max_iter, tol, or check for degenerate data.
  warnings.warn(
D:\programs\PythonPrograms\analyze_clusters\.venv\lib\site-packages\sklearn\mixture\_base.py:269: ConvergenceWarning: Best performing initialization did not converge. Try different init parameters, or increase max_iter, tol, or check for degenerate data.
  warnings.warn(
D:\programs\PythonPrograms\analyze_clusters\.venv\lib\site-packages\sklearn\mixture\_base.py:269: ConvergenceWarning: Best performing initialization did not converge. Try different init parameters, or increase max_iter, tol, or check for degenerate data.
  warnings.warn(
D:\programs\PythonPrograms\analyze_clusters\.venv\lib\site-packages\sklearn\mixture\_base.py:269: ConvergenceWarning: Best performing initialization did not converge. Try different init parameters, or increase max_iter, tol, or check for degenerate data.
  warnings.warn(
D:\programs\PythonPrograms\analyze_clusters\.venv\lib\site-packages\sklearn\mixture\_base.py:269: ConvergenceWarning: Best performing initialization did not converge. Try different init parameters, or increase max_iter, tol, or check for degenerate data.
  warnings.warn(
D:\programs\PythonPrograms\analyze_clusters\.venv\lib\site-packages\sklearn\mixture\_base.py:269: ConvergenceWarning: Best performing initialization did not converge. Try different init parameters, or increase max_iter, tol, or check for degenerate data.
  warnings.warn(
D:\programs\PythonPrograms\analyze_clusters\.venv\lib\site-packages\sklearn\mixture\_base.py:269: ConvergenceWarning: Best performing initialization did not converge. Try different init parameters, or increase max_iter, tol, or check for degenerate data.
  warnings.warn(
D:\programs\PythonPrograms\analyze_clusters\.venv\lib\site-packages\sklearn\mixture\_base.py:269: ConvergenceWarning: Best performing initialization did not converge. Try different init parameters, or increase max_iter, tol, or check for degenerate data.
  warnings.warn(
D:\programs\PythonPrograms\analyze_clusters\.venv\lib\site-packages\sklearn\mixture\_base.py:269: ConvergenceWarning: Best performing initialization did not converge. Try different init parameters, or increase max_iter, tol, or check for degenerate data.
  warnings.warn(
D:\programs\PythonPrograms\analyze_clusters\.venv\lib\site-packages\sklearn\mixture\_base.py:269: ConvergenceWarning: Best performing initialization did not converge. Try different init parameters, or increase max_iter, tol, or check for degenerate data.
  warnings.warn(
D:\programs\PythonPrograms\analyze_clusters\.venv\lib\site-packages\sklearn\mixture\_base.py:269: ConvergenceWarning: Best performing initialization did not converge. Try different init parameters, or increase max_iter, tol, or check for degenerate data.
  warnings.warn(
D:\programs\PythonPrograms\analyze_clusters\.venv\lib\site-packages\sklearn\mixture\_base.py:269: ConvergenceWarning: Best performing initialization did not converge. Try different init parameters, or increase max_iter, tol, or check for degenerate data.
  warnings.warn(
D:\programs\PythonPrograms\analyze_clusters\.venv\lib\site-packages\sklearn\mixture\_base.py:269: ConvergenceWarning: Best performing initialization did not converge. Try different init parameters, or increase max_iter, tol, or check for degenerate data.
  warnings.warn(
D:\programs\PythonPrograms\analyze_clusters\.venv\lib\site-packages\sklearn\mixture\_base.py:269: ConvergenceWarning: Best performing initialization did not converge. Try different init parameters, or increase max_iter, tol, or check for degenerate data.
  warnings.warn(
D:\programs\PythonPrograms\analyze_clusters\.venv\lib\site-packages\sklearn\mixture\_base.py:269: ConvergenceWarning: Best performing initialization did not converge. Try different init parameters, or increase max_iter, tol, or check for degenerate data.
  warnings.warn(
D:\programs\PythonPrograms\analyze_clusters\.venv\lib\site-packages\sklearn\mixture\_base.py:269: ConvergenceWarning: Best performing initialization did not converge. Try different init parameters, or increase max_iter, tol, or check for degenerate data.
  warnings.warn(
D:\programs\PythonPrograms\analyze_clusters\.venv\lib\site-packages\sklearn\mixture\_base.py:269: ConvergenceWarning: Best performing initialization did not converge. Try different init parameters, or increase max_iter, tol, or check for degenerate data.
  warnings.warn(
D:\programs\PythonPrograms\analyze_clusters\.venv\lib\site-packages\sklearn\mixture\_base.py:269: ConvergenceWarning: Best performing initialization did not converge. Try different init parameters, or increase max_iter, tol, or check for degenerate data.
  warnings.warn(
D:\programs\PythonPrograms\analyze_clusters\.venv\lib\site-packages\sklearn\mixture\_base.py:269: ConvergenceWarning: Best performing initialization did not converge. Try different init parameters, or increase max_iter, tol, or check for degenerate data.
  warnings.warn(
D:\programs\PythonPrograms\analyze_clusters\.venv\lib\site-packages\sklearn\mixture\_base.py:269: ConvergenceWarning: Best performing initialization did not converge. Try different init parameters, or increase max_iter, tol, or check for degenerate data.
  warnings.warn(
D:\programs\PythonPrograms\analyze_clusters\.venv\lib\site-packages\sklearn\mixture\_base.py:269: ConvergenceWarning: Best performing initialization did not converge. Try different init parameters, or increase max_iter, tol, or check for degenerate data.
  warnings.warn(
D:\programs\PythonPrograms\analyze_clusters\.venv\lib\site-packages\sklearn\mixture\_base.py:269: ConvergenceWarning: Best performing initialization did not converge. Try different init parameters, or increase max_iter, tol, or check for degenerate data.
  warnings.warn(
D:\programs\PythonPrograms\analyze_clusters\.venv\lib\site-packages\sklearn\mixture\_base.py:269: ConvergenceWarning: Best performing initialization did not converge. Try different init parameters, or increase max_iter, tol, or check for degenerate data.
  warnings.warn(
D:\programs\PythonPrograms\analyze_clusters\.venv\lib\site-packages\sklearn\mixture\_base.py:269: ConvergenceWarning: Best performing initialization did not converge. Try different init parameters, or increase max_iter, tol, or check for degenerate data.
  warnings.warn(
D:\programs\PythonPrograms\analyze_clusters\.venv\lib\site-packages\sklearn\mixture\_base.py:269: ConvergenceWarning: Best performing initialization did not converge. Try different init parameters, or increase max_iter, tol, or check for degenerate data.
  warnings.warn(
D:\programs\PythonPrograms\analyze_clusters\.venv\lib\site-packages\sklearn\mixture\_base.py:269: ConvergenceWarning: Best performing initialization did not converge. Try different init parameters, or increase max_iter, tol, or check for degenerate data.
  warnings.warn(
D:\programs\PythonPrograms\analyze_clusters\.venv\lib\site-packages\sklearn\mixture\_base.py:269: ConvergenceWarning: Best performing initialization did not converge. Try different init parameters, or increase max_iter, tol, or check for degenerate data.
  warnings.warn(
D:\programs\PythonPrograms\analyze_clusters\.venv\lib\site-packages\sklearn\mixture\_base.py:269: ConvergenceWarning: Best performing initialization did not converge. Try different init parameters, or increase max_iter, tol, or check for degenerate data.
  warnings.warn(
D:\programs\PythonPrograms\analyze_clusters\.venv\lib\site-packages\sklearn\mixture\_base.py:269: ConvergenceWarning: Best performing initialization did not converge. Try different init parameters, or increase max_iter, tol, or check for degenerate data.
  warnings.warn(
D:\programs\PythonPrograms\analyze_clusters\.venv\lib\site-packages\sklearn\mixture\_base.py:269: ConvergenceWarning: Best performing initialization did not converge. Try different init parameters, or increase max_iter, tol, or check for degenerate data.
  warnings.warn(
D:\programs\PythonPrograms\analyze_clusters\.venv\lib\site-packages\sklearn\mixture\_base.py:269: ConvergenceWarning: Best performing initialization did not converge. Try different init parameters, or increase max_iter, tol, or check for degenerate data.
  warnings.warn(
D:\programs\PythonPrograms\analyze_clusters\.venv\lib\site-packages\sklearn\mixture\_base.py:269: ConvergenceWarning: Best performing initialization did not converge. Try different init parameters, or increase max_iter, tol, or check for degenerate data.
  warnings.warn(
D:\programs\PythonPrograms\analyze_clusters\.venv\lib\site-packages\sklearn\mixture\_base.py:269: ConvergenceWarning: Best performing initialization did not converge. Try different init parameters, or increase max_iter, tol, or check for degenerate data.
  warnings.warn(
D:\programs\PythonPrograms\analyze_clusters\.venv\lib\site-packages\sklearn\mixture\_base.py:269: ConvergenceWarning: Best performing initialization did not converge. Try different init parameters, or increase max_iter, tol, or check for degenerate data.
  warnings.warn(
D:\programs\PythonPrograms\analyze_clusters\.venv\lib\site-packages\sklearn\mixture\_base.py:269: ConvergenceWarning: Best performing initialization did not converge. Try different init parameters, or increase max_iter, tol, or check for degenerate data.
  warnings.warn(
D:\programs\PythonPrograms\analyze_clusters\.venv\lib\site-packages\sklearn\mixture\_base.py:269: ConvergenceWarning: Best performing initialization did not converge. Try different init parameters, or increase max_iter, tol, or check for degenerate data.
  warnings.warn(
D:\programs\PythonPrograms\analyze_clusters\.venv\lib\site-packages\sklearn\mixture\_base.py:269: ConvergenceWarning: Best performing initialization did not converge. Try different init parameters, or increase max_iter, tol, or check for degenerate data.
  warnings.warn(
D:\programs\PythonPrograms\analyze_clusters\.venv\lib\site-packages\sklearn\mixture\_base.py:269: ConvergenceWarning: Best performing initialization did not converge. Try different init parameters, or increase max_iter, tol, or check for degenerate data.
  warnings.warn(
D:\programs\PythonPrograms\analyze_clusters\.venv\lib\site-packages\sklearn\mixture\_base.py:269: ConvergenceWarning: Best performing initialization did not converge. Try different init parameters, or increase max_iter, tol, or check for degenerate data.
  warnings.warn(
D:\programs\PythonPrograms\analyze_clusters\.venv\lib\site-packages\sklearn\mixture\_base.py:269: ConvergenceWarning: Best performing initialization did not converge. Try different init parameters, or increase max_iter, tol, or check for degenerate data.
  warnings.warn(
D:\programs\PythonPrograms\analyze_clusters\.venv\lib\site-packages\sklearn\mixture\_base.py:269: ConvergenceWarning: Best performing initialization did not converge. Try different init parameters, or increase max_iter, tol, or check for degenerate data.
  warnings.warn(
D:\programs\PythonPrograms\analyze_clusters\.venv\lib\site-packages\sklearn\mixture\_base.py:269: ConvergenceWarning: Best performing initialization did not converge. Try different init parameters, or increase max_iter, tol, or check for degenerate data.
  warnings.warn(
D:\programs\PythonPrograms\analyze_clusters\.venv\lib\site-packages\sklearn\mixture\_base.py:269: ConvergenceWarning: Best performing initialization did not converge. Try different init parameters, or increase max_iter, tol, or check for degenerate data.
  warnings.warn(
D:\programs\PythonPrograms\analyze_clusters\.venv\lib\site-packages\sklearn\mixture\_base.py:269: ConvergenceWarning: Best performing initialization did not converge. Try different init parameters, or increase max_iter, tol, or check for degenerate data.
  warnings.warn(
D:\programs\PythonPrograms\analyze_clusters\.venv\lib\site-packages\sklearn\mixture\_base.py:269: ConvergenceWarning: Best performing initialization did not converge. Try different init parameters, or increase max_iter, tol, or check for degenerate data.
  warnings.warn(
D:\programs\PythonPrograms\analyze_clusters\.venv\lib\site-packages\sklearn\mixture\_base.py:269: ConvergenceWarning: Best performing initialization did not converge. Try different init parameters, or increase max_iter, tol, or check for degenerate data.
  warnings.warn(
D:\programs\PythonPrograms\analyze_clusters\.venv\lib\site-packages\sklearn\mixture\_base.py:269: ConvergenceWarning: Best performing initialization did not converge. Try different init parameters, or increase max_iter, tol, or check for degenerate data.
  warnings.warn(
[I 2025-07-04 13:50:42,995] A new study created in memory with name: no-name-b66d6cd4-0d41-48ba-8b9a-293fb82be424
D:\programs\PythonPrograms\analyze_clusters\.venv\lib\site-packages\sklearn\mixture\_base.py:269: ConvergenceWarning: Best performing initialization did not converge. Try different init parameters, or increase max_iter, tol, or check for degenerate data.
  warnings.warn(
D:\programs\PythonPrograms\analyze_clusters\.venv\lib\site-packages\sklearn\mixture\_base.py:269: ConvergenceWarning: Best performing initialization did not converge. Try different init parameters, or increase max_iter, tol, or check for degenerate data.
  warnings.warn(
D:\programs\PythonPrograms\analyze_clusters\.venv\lib\site-packages\sklearn\mixture\_base.py:269: ConvergenceWarning: Best performing initialization did not converge. Try different init parameters, or increase max_iter, tol, or check for degenerate data.
  warnings.warn(
D:\programs\PythonPrograms\analyze_clusters\.venv\lib\site-packages\sklearn\mixture\_base.py:269: ConvergenceWarning: Best performing initialization did not converge. Try different init parameters, or increase max_iter, tol, or check for degenerate data.
  warnings.warn(
D:\programs\PythonPrograms\analyze_clusters\.venv\lib\site-packages\sklearn\mixture\_base.py:269: ConvergenceWarning: Best performing initialization did not converge. Try different init parameters, or increase max_iter, tol, or check for degenerate data.
  warnings.warn(
D:\programs\PythonPrograms\analyze_clusters\.venv\lib\site-packages\sklearn\mixture\_base.py:269: ConvergenceWarning: Best performing initialization did not converge. Try different init parameters, or increase max_iter, tol, or check for degenerate data.
  warnings.warn(
D:\programs\PythonPrograms\analyze_clusters\.venv\lib\site-packages\sklearn\mixture\_base.py:269: ConvergenceWarning: Best performing initialization did not converge. Try different init parameters, or increase max_iter, tol, or check for degenerate data.
  warnings.warn(
[I 2025-07-04 13:50:44,367] Trial 0 finished with value: 1.0114924736191775 and parameters: {'n_components': 16}. Best is trial 0 with value: 1.0114924736191775.
D:\programs\PythonPrograms\analyze_clusters\.venv\lib\site-packages\sklearn\mixture\_base.py:269: ConvergenceWarning: Best performing initialization did not converge. Try different init parameters, or increase max_iter, tol, or check for degenerate data.
  warnings.warn(
D:\programs\PythonPrograms\analyze_clusters\.venv\lib\site-packages\sklearn\mixture\_base.py:269: ConvergenceWarning: Best performing initialization did not converge. Try different init parameters, or increase max_iter, tol, or check for degenerate data.
  warnings.warn(
D:\programs\PythonPrograms\analyze_clusters\.venv\lib\site-packages\sklearn\mixture\_base.py:269: ConvergenceWarning: Best performing initialization did not converge. Try different init parameters, or increase max_iter, tol, or check for degenerate data.
  warnings.warn(
[I 2025-07-04 13:50:45,194] Trial 1 finished with value: 1.0056508524106227 and parameters: {'n_components': 8}. Best is trial 0 with value: 1.0114924736191775.
D:\programs\PythonPrograms\analyze_clusters\.venv\lib\site-packages\sklearn\mixture\_base.py:269: ConvergenceWarning: Best performing initialization did not converge. Try different init parameters, or increase max_iter, tol, or check for degenerate data.
  warnings.warn(
D:\programs\PythonPrograms\analyze_clusters\.venv\lib\site-packages\sklearn\mixture\_base.py:269: ConvergenceWarning: Best performing initialization did not converge. Try different init parameters, or increase max_iter, tol, or check for degenerate data.
  warnings.warn(
D:\programs\PythonPrograms\analyze_clusters\.venv\lib\site-packages\sklearn\mixture\_base.py:269: ConvergenceWarning: Best performing initialization did not converge. Try different init parameters, or increase max_iter, tol, or check for degenerate data.
  warnings.warn(
D:\programs\PythonPrograms\analyze_clusters\.venv\lib\site-packages\sklearn\mixture\_base.py:269: ConvergenceWarning: Best performing initialization did not converge. Try different init parameters, or increase max_iter, tol, or check for degenerate data.
  warnings.warn(
D:\programs\PythonPrograms\analyze_clusters\.venv\lib\site-packages\sklearn\mixture\_base.py:269: ConvergenceWarning: Best performing initialization did not converge. Try different init parameters, or increase max_iter, tol, or check for degenerate data.
  warnings.warn(
D:\programs\PythonPrograms\analyze_clusters\.venv\lib\site-packages\sklearn\mixture\_base.py:269: ConvergenceWarning: Best performing initialization did not converge. Try different init parameters, or increase max_iter, tol, or check for degenerate data.
  warnings.warn(
D:\programs\PythonPrograms\analyze_clusters\.venv\lib\site-packages\sklearn\mixture\_base.py:269: ConvergenceWarning: Best performing initialization did not converge. Try different init parameters, or increase max_iter, tol, or check for degenerate data.
  warnings.warn(
D:\programs\PythonPrograms\analyze_clusters\.venv\lib\site-packages\sklearn\mixture\_base.py:269: ConvergenceWarning: Best performing initialization did not converge. Try different init parameters, or increase max_iter, tol, or check for degenerate data.
  warnings.warn(
[I 2025-07-04 13:50:46,565] Trial 2 finished with value: 1.0786023980326909 and parameters: {'n_components': 19}. Best is trial 2 with value: 1.0786023980326909.
D:\programs\PythonPrograms\analyze_clusters\.venv\lib\site-packages\sklearn\mixture\_base.py:269: ConvergenceWarning: Best performing initialization did not converge. Try different init parameters, or increase max_iter, tol, or check for degenerate data.
  warnings.warn(
D:\programs\PythonPrograms\analyze_clusters\.venv\lib\site-packages\sklearn\mixture\_base.py:269: ConvergenceWarning: Best performing initialization did not converge. Try different init parameters, or increase max_iter, tol, or check for degenerate data.
  warnings.warn(
D:\programs\PythonPrograms\analyze_clusters\.venv\lib\site-packages\sklearn\mixture\_base.py:269: ConvergenceWarning: Best performing initialization did not converge. Try different init parameters, or increase max_iter, tol, or check for degenerate data.
  warnings.warn(
[I 2025-07-04 13:50:47,368] Trial 3 finished with value: 1.0765903137164807 and parameters: {'n_components': 10}. Best is trial 2 with value: 1.0786023980326909.
D:\programs\PythonPrograms\analyze_clusters\.venv\lib\site-packages\sklearn\mixture\_base.py:269: ConvergenceWarning: Best performing initialization did not converge. Try different init parameters, or increase max_iter, tol, or check for degenerate data.
  warnings.warn(
D:\programs\PythonPrograms\analyze_clusters\.venv\lib\site-packages\sklearn\mixture\_base.py:269: ConvergenceWarning: Best performing initialization did not converge. Try different init parameters, or increase max_iter, tol, or check for degenerate data.
  warnings.warn(
D:\programs\PythonPrograms\analyze_clusters\.venv\lib\site-packages\sklearn\mixture\_base.py:269: ConvergenceWarning: Best performing initialization did not converge. Try different init parameters, or increase max_iter, tol, or check for degenerate data.
  warnings.warn(
[I 2025-07-04 13:50:48,615] Trial 4 finished with value: 1.0971863329116887 and parameters: {'n_components': 11}. Best is trial 4 with value: 1.0971863329116887.
D:\programs\PythonPrograms\analyze_clusters\.venv\lib\site-packages\sklearn\mixture\_base.py:269: ConvergenceWarning: Best performing initialization did not converge. Try different init parameters, or increase max_iter, tol, or check for degenerate data.
  warnings.warn(
D:\programs\PythonPrograms\analyze_clusters\.venv\lib\site-packages\sklearn\mixture\_base.py:269: ConvergenceWarning: Best performing initialization did not converge. Try different init parameters, or increase max_iter, tol, or check for degenerate data.
  warnings.warn(
D:\programs\PythonPrograms\analyze_clusters\.venv\lib\site-packages\sklearn\mixture\_base.py:269: ConvergenceWarning: Best performing initialization did not converge. Try different init parameters, or increase max_iter, tol, or check for degenerate data.
  warnings.warn(
[I 2025-07-04 13:50:49,558] Trial 5 finished with value: 1.0971863329116887 and parameters: {'n_components': 11}. Best is trial 4 with value: 1.0971863329116887.
D:\programs\PythonPrograms\analyze_clusters\.venv\lib\site-packages\sklearn\mixture\_base.py:269: ConvergenceWarning: Best performing initialization did not converge. Try different init parameters, or increase max_iter, tol, or check for degenerate data.
  warnings.warn(
D:\programs\PythonPrograms\analyze_clusters\.venv\lib\site-packages\sklearn\mixture\_base.py:269: ConvergenceWarning: Best performing initialization did not converge. Try different init parameters, or increase max_iter, tol, or check for degenerate data.
  warnings.warn(
D:\programs\PythonPrograms\analyze_clusters\.venv\lib\site-packages\sklearn\mixture\_base.py:269: ConvergenceWarning: Best performing initialization did not converge. Try different init parameters, or increase max_iter, tol, or check for degenerate data.
  warnings.warn(
[I 2025-07-04 13:50:50,390] Trial 6 finished with value: 1.0765903137164807 and parameters: {'n_components': 10}. Best is trial 4 with value: 1.0971863329116887.
D:\programs\PythonPrograms\analyze_clusters\.venv\lib\site-packages\sklearn\mixture\_base.py:269: ConvergenceWarning: Best performing initialization did not converge. Try different init parameters, or increase max_iter, tol, or check for degenerate data.
  warnings.warn(
D:\programs\PythonPrograms\analyze_clusters\.venv\lib\site-packages\sklearn\mixture\_base.py:269: ConvergenceWarning: Best performing initialization did not converge. Try different init parameters, or increase max_iter, tol, or check for degenerate data.
  warnings.warn(
D:\programs\PythonPrograms\analyze_clusters\.venv\lib\site-packages\sklearn\mixture\_base.py:269: ConvergenceWarning: Best performing initialization did not converge. Try different init parameters, or increase max_iter, tol, or check for degenerate data.
  warnings.warn(
D:\programs\PythonPrograms\analyze_clusters\.venv\lib\site-packages\sklearn\mixture\_base.py:269: ConvergenceWarning: Best performing initialization did not converge. Try different init parameters, or increase max_iter, tol, or check for degenerate data.
  warnings.warn(
D:\programs\PythonPrograms\analyze_clusters\.venv\lib\site-packages\sklearn\mixture\_base.py:269: ConvergenceWarning: Best performing initialization did not converge. Try different init parameters, or increase max_iter, tol, or check for degenerate data.
  warnings.warn(
D:\programs\PythonPrograms\analyze_clusters\.venv\lib\site-packages\sklearn\mixture\_base.py:269: ConvergenceWarning: Best performing initialization did not converge. Try different init parameters, or increase max_iter, tol, or check for degenerate data.
  warnings.warn(
D:\programs\PythonPrograms\analyze_clusters\.venv\lib\site-packages\sklearn\mixture\_base.py:269: ConvergenceWarning: Best performing initialization did not converge. Try different init parameters, or increase max_iter, tol, or check for degenerate data.
  warnings.warn(
D:\programs\PythonPrograms\analyze_clusters\.venv\lib\site-packages\sklearn\mixture\_base.py:269: ConvergenceWarning: Best performing initialization did not converge. Try different init parameters, or increase max_iter, tol, or check for degenerate data.
  warnings.warn(
[I 2025-07-04 13:50:51,788] Trial 7 finished with value: 1.0303038587856506 and parameters: {'n_components': 17}. Best is trial 4 with value: 1.0971863329116887.
D:\programs\PythonPrograms\analyze_clusters\.venv\lib\site-packages\sklearn\mixture\_base.py:269: ConvergenceWarning: Best performing initialization did not converge. Try different init parameters, or increase max_iter, tol, or check for degenerate data.
  warnings.warn(
D:\programs\PythonPrograms\analyze_clusters\.venv\lib\site-packages\sklearn\mixture\_base.py:269: ConvergenceWarning: Best performing initialization did not converge. Try different init parameters, or increase max_iter, tol, or check for degenerate data.
  warnings.warn(
D:\programs\PythonPrograms\analyze_clusters\.venv\lib\site-packages\sklearn\mixture\_base.py:269: ConvergenceWarning: Best performing initialization did not converge. Try different init parameters, or increase max_iter, tol, or check for degenerate data.
  warnings.warn(
D:\programs\PythonPrograms\analyze_clusters\.venv\lib\site-packages\sklearn\mixture\_base.py:269: ConvergenceWarning: Best performing initialization did not converge. Try different init parameters, or increase max_iter, tol, or check for degenerate data.
  warnings.warn(
D:\programs\PythonPrograms\analyze_clusters\.venv\lib\site-packages\sklearn\mixture\_base.py:269: ConvergenceWarning: Best performing initialization did not converge. Try different init parameters, or increase max_iter, tol, or check for degenerate data.
  warnings.warn(
D:\programs\PythonPrograms\analyze_clusters\.venv\lib\site-packages\sklearn\mixture\_base.py:269: ConvergenceWarning: Best performing initialization did not converge. Try different init parameters, or increase max_iter, tol, or check for degenerate data.
  warnings.warn(
D:\programs\PythonPrograms\analyze_clusters\.venv\lib\site-packages\sklearn\mixture\_base.py:269: ConvergenceWarning: Best performing initialization did not converge. Try different init parameters, or increase max_iter, tol, or check for degenerate data.
  warnings.warn(
[I 2025-07-04 13:50:53,225] Trial 8 finished with value: 1.0067845710699546 and parameters: {'n_components': 15}. Best is trial 4 with value: 1.0971863329116887.
D:\programs\PythonPrograms\analyze_clusters\.venv\lib\site-packages\sklearn\mixture\_base.py:269: ConvergenceWarning: Best performing initialization did not converge. Try different init parameters, or increase max_iter, tol, or check for degenerate data.
  warnings.warn(
D:\programs\PythonPrograms\analyze_clusters\.venv\lib\site-packages\sklearn\mixture\_base.py:269: ConvergenceWarning: Best performing initialization did not converge. Try different init parameters, or increase max_iter, tol, or check for degenerate data.
  warnings.warn(
D:\programs\PythonPrograms\analyze_clusters\.venv\lib\site-packages\sklearn\mixture\_base.py:269: ConvergenceWarning: Best performing initialization did not converge. Try different init parameters, or increase max_iter, tol, or check for degenerate data.
  warnings.warn(
D:\programs\PythonPrograms\analyze_clusters\.venv\lib\site-packages\sklearn\mixture\_base.py:269: ConvergenceWarning: Best performing initialization did not converge. Try different init parameters, or increase max_iter, tol, or check for degenerate data.
  warnings.warn(
D:\programs\PythonPrograms\analyze_clusters\.venv\lib\site-packages\sklearn\mixture\_base.py:269: ConvergenceWarning: Best performing initialization did not converge. Try different init parameters, or increase max_iter, tol, or check for degenerate data.
  warnings.warn(
[I 2025-07-04 13:50:54,490] Trial 9 finished with value: 0.9773806132347806 and parameters: {'n_components': 12}. Best is trial 4 with value: 1.0971863329116887.
D:\programs\PythonPrograms\analyze_clusters\.venv\lib\site-packages\sklearn\mixture\_base.py:269: ConvergenceWarning: Best performing initialization did not converge. Try different init parameters, or increase max_iter, tol, or check for degenerate data.
  warnings.warn(
D:\programs\PythonPrograms\analyze_clusters\.venv\lib\site-packages\sklearn\mixture\_base.py:269: ConvergenceWarning: Best performing initialization did not converge. Try different init parameters, or increase max_iter, tol, or check for degenerate data.
  warnings.warn(
D:\programs\PythonPrograms\analyze_clusters\.venv\lib\site-packages\sklearn\mixture\_base.py:269: ConvergenceWarning: Best performing initialization did not converge. Try different init parameters, or increase max_iter, tol, or check for degenerate data.
  warnings.warn(

