CMD: D:\programs\PythonPrograms\analyze_clusters\.venv\Scripts\python.exe HC.py --alpha 0.2 --beta 0.5 --gamma 0.3 --trials 20
Return code: 1

--- STDOUT ---
[0m
--- STDERR ---
[I 2025-07-04 15:48:33,704] A new study created in memory with name: no-name-d6aa194a-59ae-4b0a-92c9-ffb014481c67
[W 2025-07-04 15:48:33,706] Trial 0 failed with parameters: {'k': 10, 'linkage': 'complete', 'metric': 'manhattan'} because of the following error: TypeError("__init__() got an unexpected keyword argument 'affinity'").
Traceback (most recent call last):
  File "D:\programs\PythonPrograms\analyze_clusters\.venv\lib\site-packages\optuna\study\_optimize.py", line 197, in _run_trial
    value_or_values = func(trial)
  File "D:\algorithm paper\clustering_pre\HC.py", line 95, in _objective
    lbl,merges,stats=_run_hc(k,lk,mt)
  File "D:\algorithm paper\clustering_pre\HC.py", line 69, in _run_hc
    hc = AgglomerativeClustering(n_clusters=k, linkage=lk,
TypeError: __init__() got an unexpected keyword argument 'affinity'
[W 2025-07-04 15:48:33,706] Trial 0 failed with value None.
Traceback (most recent call last):
  File "D:\algorithm paper\clustering_pre\HC.py", line 104, in <module>
    optuna.create_study(direction="maximize").optimize(_objective, n_trials=args.trials)
  File "D:\programs\PythonPrograms\analyze_clusters\.venv\lib\site-packages\optuna\study\study.py", line 475, in optimize
    _optimize(
  File "D:\programs\PythonPrograms\analyze_clusters\.venv\lib\site-packages\optuna\study\_optimize.py", line 63, in _optimize
    _optimize_sequential(
  File "D:\programs\PythonPrograms\analyze_clusters\.venv\lib\site-packages\optuna\study\_optimize.py", line 160, in _optimize_sequential
    frozen_trial = _run_trial(study, func, catch)
  File "D:\programs\PythonPrograms\analyze_clusters\.venv\lib\site-packages\optuna\study\_optimize.py", line 248, in _run_trial
    raise func_err
  File "D:\programs\PythonPrograms\analyze_clusters\.venv\lib\site-packages\optuna\study\_optimize.py", line 197, in _run_trial
    value_or_values = func(trial)
  File "D:\algorithm paper\clustering_pre\HC.py", line 95, in _objective
    lbl,merges,stats=_run_hc(k,lk,mt)
  File "D:\algorithm paper\clustering_pre\HC.py", line 69, in _run_hc
    hc = AgglomerativeClustering(n_clusters=k, linkage=lk,
TypeError: __init__() got an unexpected keyword argument 'affinity'
